Component: Arm Compiler for Embedded 6.19 Tool: armlink [5e73cb00]

==============================================================================

Section Cross References

    hal_entry.o(.text.hal_entry) refers to ra_driver_sdram.o(.text.init_sdram) for init_sdram
    hal_entry.o(.text.hal_entry) refers to zf_common_debug.o(.text.debug_init) for debug_init
    hal_entry.o(.text.hal_entry) refers to zf_driver_delay.o(.text.system_delay_ms) for system_delay_ms
    hal_entry.o(.text.hal_entry) refers to hal_entry.o(.rodata.str1.1) for .L.str
    hal_entry.o(.text.hal_entry) refers to printfa.o(i.__0printf) for printf
    hal_entry.o(.text.hal_entry) refers to zf_device_mt9v03x.o(.text.mt9v03x_init) for mt9v03x_init
    hal_entry.o(.text.hal_entry) refers to zf_driver_gpio.o(.text.gpio_set_level) for gpio_set_level
    hal_entry.o(.text.hal_entry) refers to fatigue_detect.o(.text.fatigue_init) for fatigue_init
    hal_entry.o(.text.hal_entry) refers to fatigue_detect.o(.text.fatigue_process_frame) for fatigue_process_frame
    hal_entry.o(.ARM.exidx.text.hal_entry) refers to hal_entry.o(.text.hal_entry) for [Anonymous Symbol]
    fatigue_detect.o(.text.fatigue_init) refers to fatigue_detect.o(.bss.fatigue_state) for fatigue_state
    fatigue_detect.o(.text.fatigue_init) refers to fatigue_detect.o(.bss.alarm_frame_cnt) for alarm_frame_cnt
    fatigue_detect.o(.text.fatigue_init) refers to fatigue_detect.o(.bss.frame_counter) for frame_counter
    fatigue_detect.o(.text.fatigue_init) refers to fatigue_detect.o(.bss.led_toggle) for led_toggle
    fatigue_detect.o(.text.fatigue_init) refers to fatigue_detect.o(.bss.fatigued_count) for fatigued_count
    fatigue_detect.o(.text.fatigue_init) refers to fatigue_detect.o(.bss.vote_idx) for vote_idx
    fatigue_detect.o(.text.fatigue_init) refers to fatigue_detect.o(.bss.vote_filled) for vote_filled
    fatigue_detect.o(.text.fatigue_init) refers to fatigue_detect.o(.bss.target_lost_count) for target_lost_count
    fatigue_detect.o(.text.fatigue_init) refers to fatigue_detect.o(.bss.target_lost_alerted) for target_lost_alerted
    fatigue_detect.o(.text.fatigue_init) refers to fatigue_detect.o(.bss.fatigue_score) for fatigue_score
    fatigue_detect.o(.text.fatigue_init) refers to fatigue_detect.o(.text.reset_vote) for reset_vote
    fatigue_detect.o(.text.fatigue_init) refers to cnn_inference.o(.text.cnn_init) for cnn_init
    fatigue_detect.o(.text.fatigue_init) refers to hmi_display.o(.text.hmi_init) for hmi_init
    fatigue_detect.o(.text.fatigue_init) refers to voice_assistant.o(.text.voice_assistant_init) for voice_assistant_init
    fatigue_detect.o(.text.fatigue_init) refers to zf_driver_gpio.o(.text.gpio_set_level) for gpio_set_level
    fatigue_detect.o(.text.fatigue_init) refers to fatigue_detect.o(.rodata.str1.1) for .L.str
    fatigue_detect.o(.text.fatigue_init) refers to printfa.o(i.__0printf) for printf
    fatigue_detect.o(.ARM.exidx.text.fatigue_init) refers to fatigue_detect.o(.text.fatigue_init) for [Anonymous Symbol]
    fatigue_detect.o(.text.reset_vote) refers to fatigue_detect.o(.bss.fatigued_count) for fatigued_count
    fatigue_detect.o(.text.reset_vote) refers to fatigue_detect.o(.bss.vote_idx) for vote_idx
    fatigue_detect.o(.text.reset_vote) refers to fatigue_detect.o(.bss.vote_filled) for vote_filled
    fatigue_detect.o(.text.reset_vote) refers to fatigue_detect.o(.bss.raw_fatigued_streak) for raw_fatigued_streak
    fatigue_detect.o(.text.reset_vote) refers to fatigue_detect.o(.bss.vote_buf) for vote_buf
    fatigue_detect.o(.ARM.exidx.text.reset_vote) refers to fatigue_detect.o(.text.reset_vote) for [Anonymous Symbol]
    fatigue_detect.o(.text.fatigue_process_frame) refers to zf_device_mt9v03x.o(.bss.mt9v03x_finish_flag) for mt9v03x_finish_flag
    fatigue_detect.o(.text.fatigue_process_frame) refers to hal_data.o(.rodata.g_ceu_mt9v03x) for g_ceu_mt9v03x
    fatigue_detect.o(.text.fatigue_process_frame) refers to zf_device_mt9v03x.o(.bss.mt9v03x_image) for mt9v03x_image
    fatigue_detect.o(.text.fatigue_process_frame) refers to fatigue_detect.o(.bss.frame_counter) for frame_counter
    fatigue_detect.o(.text.fatigue_process_frame) refers to fatigue_detect.o(.text.crop_and_resize) for crop_and_resize
    fatigue_detect.o(.text.fatigue_process_frame) refers to fatigue_detect.o(.text.is_target_valid) for is_target_valid
    fatigue_detect.o(.text.fatigue_process_frame) refers to fatigue_detect.o(.bss.target_lost_count) for target_lost_count
    fatigue_detect.o(.text.fatigue_process_frame) refers to fatigue_detect.o(.text.reset_vote) for reset_vote
    fatigue_detect.o(.text.fatigue_process_frame) refers to fatigue_detect.o(.bss.fatigue_score) for fatigue_score
    fatigue_detect.o(.text.fatigue_process_frame) refers to fatigue_detect.o(.bss.fatigue_state) for fatigue_state
    fatigue_detect.o(.text.fatigue_process_frame) refers to voice_assistant.o(.text.voice_assistant_silence) for voice_assistant_silence
[...]
    g_dac0_cfg                               0x0202c39c   Data           8  hal_data.o(.rodata.g_dac0_cfg)
    g_dac0_ext_cfg                           0x0202c3a4   Data           5  hal_data.o(.rodata.g_dac0_ext_cfg)
    g_dac_on_dac                             0x0202c3ac   Data          20  r_dac.o(.rodata.g_dac_on_dac)
    g_interrupt_event_link_select            0x0202c3da   Data         192  vector_data.o(.rodata.g_interrupt_event_link_select)
    g_ioport                                 0x0202c49c   Data          12  common_data.o(.rodata.g_ioport)
    g_ioport_on_ioport                       0x0202c4a8   Data          52  r_ioport.o(.rodata.g_ioport_on_ioport)
    g_uart3                                  0x0202c4e4   Data          12  hal_data.o(.rodata.g_uart3)
    g_uart3_cfg                              0x0202c4f0   Data          32  hal_data.o(.rodata.g_uart3_cfg)
    g_uart3_cfg_extend                       0x0202c510   Data          20  hal_data.o(.rodata.g_uart3_cfg_extend)
    g_uart9                                  0x0202c524   Data          12  hal_data.o(.rodata.g_uart9)
    g_uart9_cfg                              0x0202c530   Data          32  hal_data.o(.rodata.g_uart9_cfg)
    g_uart9_cfg_extend                       0x0202c550   Data          20  hal_data.o(.rodata.g_uart9_cfg_extend)
    g_uart_on_sci_b                          0x0202c564   Data          36  r_sci_b_uart.o(.rodata.g_uart_on_sci_b)
    gp_start_of_nonsecure_callable_flash     0x0202c590   Data           4  bsp_security.o(.rodata.gp_start_of_nonsecure_callable_flash)
    gp_start_of_nonsecure_callable_ram       0x0202c594   Data           4  bsp_security.o(.rodata.gp_start_of_nonsecure_callable_ram)
    gp_start_of_nonsecure_data_flash         0x0202c598   Data           4  bsp_security.o(.rodata.gp_start_of_nonsecure_data_flash)
    gp_start_of_nonsecure_dtcm               0x0202c59c   Data           4  bsp_security.o(.rodata.gp_start_of_nonsecure_dtcm)
    gp_start_of_nonsecure_flash              0x0202c5a0   Data           4  bsp_security.o(.rodata.gp_start_of_nonsecure_flash)
    gp_start_of_nonsecure_itcm               0x0202c5a4   Data           4  bsp_security.o(.rodata.gp_start_of_nonsecure_itcm)
    gp_start_of_nonsecure_ram                0x0202c5a8   Data           4  bsp_security.o(.rodata.gp_start_of_nonsecure_ram)
    gp_start_of_secure_data_flash            0x0202c5ac   Data           4  bsp_security.o(.rodata.gp_start_of_secure_data_flash)
    gp_start_of_secure_dtcm                  0x0202c5b0   Data           4  bsp_security.o(.rodata.gp_start_of_secure_dtcm)
    gp_start_of_secure_flash                 0x0202c5b4   Data           4  bsp_security.o(.rodata.gp_start_of_secure_flash)
    gp_start_of_secure_itcm                  0x0202c5b8   Data           4  bsp_security.o(.rodata.gp_start_of_secure_itcm)
    gp_start_of_secure_ram                   0x0202c5bc   Data           4  bsp_security.o(.rodata.gp_start_of_secure_ram)
    Load$$DATA$$Base                         0x0202cc00   Number         0  anon$$obj.o ABSOLUTE
    Load$$DTCM_DATA$$Base                    0x0202d180   Number         0  anon$$obj.o ABSOLUTE
    Load$$DTCM_PAD$$Limit                    0x0202d180   Number         0  anon$$obj.o ABSOLUTE
    Load$$ITCM_DATA$$Base                    0x0202d180   Number         0  anon$$obj.o ABSOLUTE
    Load$$ITCM_PAD$$Limit                    0x0202d180   Number         0  anon$$obj.o ABSOLUTE
    Image$$__FLASH_NSC_START$$Base           0x02048c00   Number         0  anon$$obj.o ABSOLUTE
    Image$$__tz_FLASH_N$$Base                0x02050000   Number         0  anon$$obj.o ABSOLUTE
    Image$$DTCM_BSS$$Base                    0x20000000   Number         0  anon$$obj.o ABSOLUTE
    Image$$DTCM_BSS_PAD$$ZI$$Limit           0x20000000   Number         0  anon$$obj.o ABSOLUTE
    Image$$DTCM_DATA$$Base                   0x20000000   Number         0  anon$$obj.o ABSOLUTE
    Image$$__tz_DTCM_N$$Base                 0x20000000   Number         0  anon$$obj.o ABSOLUTE
    Image$$__tz_DTCM_S$$Base                 0x20000000   Number         0  anon$$obj.o ABSOLUTE
    Image$$DATA$$Base                        0x22000000   Number         0  anon$$obj.o ABSOLUTE
    Image$$__tz_RAM_S$$Base                  0x22000000   Number         0  anon$$obj.o ABSOLUTE
    __stdout                                 0x22000000   Data           4  stdout.o(.data)
    g_uart3_baud_setting                     0x22000008   Data           4  hal_data.o(.data.g_uart3_baud_setting)
    g_uart9_baud_setting                     0x2200000c   Data           4  hal_data.o(.data.g_uart9_baud_setting)
    Image$$BSS$$ZI$$Base                     0x22000580   Number         0  anon$$obj.o ABSOLUTE
    SystemCoreClock                          0x22000580   Data           4  system.o(.bss.SystemCoreClock)
    g_bsp_group_irq_sources                  0x220005b0   Data          64  bsp_group_irq.o(.bss.g_bsp_group_irq_sources)
    g_ceu_mt9v03x_ctrl                       0x220005f0   Data          32  hal_data.o(.bss.g_ceu_mt9v03x_ctrl)
    g_dac0_ctrl                              0x22000610   Data          16  hal_data.o(.bss.g_dac0_ctrl)
    g_ioport_ctrl                            0x22000620   Data           8  common_data.o(.bss.g_ioport_ctrl)
    g_protect_counters                       0x22000628   Data           8  bsp_register_protection.o(.bss.g_protect_counters)
    g_protect_pfswe_counter                  0x22000630   Data           4  bsp_io.o(.bss.g_protect_pfswe_counter)
    g_uart3_ctrl                             0x22000634   Data          48  hal_data.o(.bss.g_uart3_ctrl)
    g_uart9_ctrl                             0x22000664   Data          48  hal_data.o(.bss.g_uart9_ctrl)
    g_usb_cstd_suspend_mode                  0x22000694   Data           2  r_usb_preg_abs.o(.bss.g_usb_cstd_suspend_mode)
    g_usb_pstd_usb_int                       0x22000698   Data          68  r_usb_pinthandler_usbip0.o(.bss.g_usb_pstd_usb_int)
    g_usb_usbmode                            0x220006dc   Data           4  r_usb_basic.o(.bss.g_usb_usbmode)
    gp_renesas_isr_context                   0x220006e0   Data         384  bsp_irq.o(.bss.gp_renesas_isr_context)
    mt9v03x_finish_flag                      0x22000862   Data           1  zf_device_mt9v03x.o(.bss.mt9v03x_finish_flag)
    mt9v03x_image                            0x22000880   Data       38400  zf_device_mt9v03x.o(.bss.mt9v03x_image)
    Image$$__RAM_NSC_START$$Base             0x220e0000   Number         0  anon$$obj.o ABSOLUTE
    Image$$__tz_RAM_N$$Base                  0x220e0000   Number         0  anon$$obj.o ABSOLUTE
    Image$$__tz_DATA_FLASH_N$$Base           0x27000000   Number         0  anon$$obj.o ABSOLUTE
    Image$$__tz_DATA_FLASH_S$$Base           0x27000000   Number         0  anon$$obj.o ABSOLUTE



==============================================================================

Memory Map of the image

  Image Entry point : 0x02002551

  Load Region LOAD_REGION_FLASH (Base: 0x02000000, Size: 0x0002d180, Max: 0x001f8000, ABSOLUTE)

    Execution Region __tz_ITCM_S (Exec base: 0x00000000, Load base: 0x0202d180, Size: 0x00000000, Max: 0x00000000, ABSOLUTE)

    Exec Addr    Load Addr    Size         Type   Attr      Idx    E Section Name        Object

    0x00000000        -       0x00000000   Zero   RW            9    __tz_ITCM_S.bss     anon$$obj.o


    Execution Region ITCM_DATA (Exec base: 0x00000000, Load base: 0x0202d180, Size: 0x00000000, Max: 0x00010000, ABSOLUTE)

    **** No section assigned to this execution region ****


    Execution Region ITCM_PAD (Exec base: 0x00000000, Load base: 0x0202d180, Size: 0x00000000, Max: 0x00000000, ABSOLUTE)

    Exec Addr    Load Addr    Size         Type   Attr      Idx    E Section Name        Object

    0x00000000        -       0x00000000   Zero   RW           10    ITCM_PAD.bss        anon$$obj.o


    Execution Region __tz_ITCM_N (Exec base: 0x00000000, Load base: 0x0202d180, Size: 0x00000000, Max: 0x00000000, ABSOLUTE)

    Exec Addr    Load Addr    Size         Type   Attr      Idx    E Section Name        Object

    0x00000000        -       0x00000000   Zero   RW           11    __tz_ITCM_N.bss     anon$$obj.o


    Execution Region __tz_FLASH_S (Exec base: 0x02000000, Load base: 0x02000000, Size: 0x00000000, Max: 0x00000000, ABSOLUTE)

    Exec Addr    Load Addr    Size         Type   Attr      Idx    E Section Name        Object

    0x02000000        -       0x00000000   Zero   RW            1    __tz_FLASH_S.bss    anon$$obj.o


    Execution Region VECTORS (Exec base: 0x02000000, Load base: 0x02000000, Size: 0x000001c0, Max: 0xffffffff, ABSOLUTE, FIXED)

    Exec Addr    Load Addr    Size         Type   Attr      Idx    E Section Name        Object

    0x02000000   0x02000000   0x00000040   Data   RO          834    .fixed_vectors      startup.o
    0x02000040   0x02000040   0x00000180   Data   RO         2730    .application_vectors  vector_data.o


    Execution Region MCUBOOT_SCE9_KEY (Exec base: 0x020001c0, Load base: 0x020001c0, Size: 0x00000000, Max: 0xffffffff, ABSOLUTE, FIXED)

    **** No section assigned to this execution region ****


    Execution Region INIT_ARRAY (Exec base: 0x020001c0, Load base: 0x020001c0, Size: 0x00000000, Max: 0xffffffff, ABSOLUTE, FIXED)

    **** No section assigned to this execution region ****


    Execution Region USB_DESC_FS (Exec base: 0x020001c0, Load base: 0x020001c0, Size: 0x00000000, Max: 0xffffffff, ABSOLUTE, FIXED)

    **** No section assigned to this execution region ****


    Execution Region RO_CODE_DATA (Exec base: 0x020001c0, Load base: 0x020001c0, Size: 0x0002c868, Max: 0xffffffff, ABSOLUTE, FIXED)

    Exec Addr    Load Addr    Size         Type   Attr      Idx    E Section Name        Object

    0x020001c0   0x020001c0   0x00000062   Code   RO         2781    .text               mc_w.l(uldiv.o)
    0x02000222   0x02000222   0x00000062   Code   RO         2783    .text               mc_w.l(ldiv.o)
    0x02000284   0x02000284   0x00000024   Code   RO         2785    .text               mc_w.l(memcpya.o)
    0x020002a8   0x020002a8   0x00000024   Code   RO         2787    .text               mc_w.l(memseta.o)
    0x020002cc   0x020002cc   0x0000002c   Code   RO         2864    .text               mc_w.l(uidiv.o)
    0x020002f8   0x020002f8   0x0000001e   Code   RO         2866    .text               mc_w.l(llshl.o)
    0x02000316   0x02000316   0x00000020   Code   RO         2868    .text               mc_w.l(llushr.o)
    0x02000336   0x02000336   0x00000000   Code   RO         2877    .text               mc_w.l(iusefp.o)
    0x02000336   0x02000336   0x0000014e   Code   RO         2878    .text               mf_w.l(dadd.o)
    0x02000484   0x02000484   0x000000e4   Code   RO         2880    .text               mf_w.l(dmul.o)
    0x02000568   0x02000568   0x000000de   Code   RO         2882    .text               mf_w.l(ddiv.o)
    0x02000646   0x02000646   0x00000030   Code   RO         2884    .text               mf_w.l(dfixul.o)
    0x02000676   0x02000676   0x00000002   PAD
    0x02000678   0x02000678   0x00000030   Code   RO         2886    .text               mf_w.l(cdrcmple.o)
    0x020006a8   0x020006a8   0x00000024   Code   RO         2898    .text               mc_w.l(llsshr.o)
    0x020006cc   0x020006cc   0x000000ba   Code   RO         2900    .text               mf_w.l(depilogue.o)
    0x02000786   0x02000786   0x00000002   PAD
    0x02000788   0x02000788   0x00000004   Code   RO          831    .text.Default_Handler  startup.o
    0x0200078c   0x0200078c   0x00000004   PAD
    0x02000790   0x02000790   0x0000008c   Code   RO          942    .text.NMI_Handler   bsp_group_irq.o
    0x0200081c   0x0200081c   0x00000004   PAD
    0x02000820   0x02000820   0x0000002c   Code   RO          885    .text.R_BSP_FlashCacheEnable  bsp_clocks.o
    0x0200084c   0x0200084c   0x00000004   PAD
    0x02000850   0x02000850   0x000000f0   Code   RO          903    .text.R_BSP_Init_RTC  bsp_clocks.o
    0x02000940   0x02000940   0x00000024   Code   RO         1230    .text.R_BSP_IrqCfg  r_ceu.o
    0x02000964   0x02000964   0x00000004   PAD
    0x02000968   0x02000968   0x00000024   Code   RO         1587    .text.R_BSP_IrqCfg  r_sci_b_uart.o
    0x0200098c   0x0200098c   0x00000004   PAD
    0x02000990   0x02000990   0x00000024   Code   RO         1228    .text.R_BSP_IrqCfgEnable  r_ceu.o
    0x020009b4   0x020009b4   0x00000004   PAD
    0x020009b8   0x020009b8   0x0000003a   Code   RO         1236    .text.R_BSP_IrqClearPending  r_ceu.o
    0x020009f2   0x020009f2   0x00000006   PAD
    0x020009f8   0x020009f8   0x0000003a   Code   RO         1579    .text.R_BSP_IrqClearPending  r_sci_b_uart.o
    0x02000a32   0x02000a32   0x00000006   PAD
    0x02000a38   0x02000a38   0x0000003a   Code   RO         1787    .text.R_BSP_IrqClearPending  r_spi_b.o
    0x02000a72   0x02000a72   0x00000006   PAD
    0x02000a78   0x02000a78   0x00000034   Code   RO         1224    .text.R_BSP_IrqDisable  r_ceu.o
    0x02000aac   0x02000aac   0x00000004   PAD
    0x02000ab0   0x02000ab0   0x00000034   Code   RO         1557    .text.R_BSP_IrqDisable  r_sci_b_uart.o
    0x02000ae4   0x02000ae4   0x00000004   PAD
    0x02000ae8   0x02000ae8   0x00000034   Code   RO         1741    .text.R_BSP_IrqDisable  r_spi_b.o
    0x02000b1c   0x02000b1c   0x00000004   PAD
    0x02000b20   0x02000b20   0x0000001c   Code   RO         1232    .text.R_BSP_IrqEnable  r_ceu.o
    0x02000b3c   0x02000b3c   0x00000004   PAD
    0x02000b40   0x02000b40   0x0000001c   Code   RO         1555    .text.R_BSP_IrqEnable  r_sci_b_uart.o
    0x02000b5c   0x02000b5c   0x00000004   PAD
    0x02000b60   0x02000b60   0x0000001c   Code   RO         1767    .text.R_BSP_IrqEnable  r_spi_b.o
    0x02000b7c   0x02000b7c   0x00000004   PAD
    0x02000b80   0x02000b80   0x00000028   Code   RO         1238    .text.R_BSP_IrqEnableNoClear  r_ceu.o
    0x02000ba8   0x02000ba8   0x00000028   Code   RO         1581    .text.R_BSP_IrqEnableNoClear  r_sci_b_uart.o
    0x02000bd0   0x02000bd0   0x00000028   Code   RO         1761    .text.R_BSP_IrqEnableNoClear  r_spi_b.o
    0x02000bf8   0x02000bf8   0x0000002a   Code   RO         1099    .text.R_BSP_IrqStatusClear  r_adc.o
    0x02000c22   0x02000c22   0x00000006   PAD
    0x02000c28   0x02000c28   0x0000002a   Code   RO         1175    .text.R_BSP_IrqStatusClear  r_agt.o
    0x02000c52   0x02000c52   0x00000006   PAD
    0x02000c58   0x02000c58   0x0000002a   Code   RO         1218    .text.R_BSP_IrqStatusClear  r_ceu.o
    0x02000c82   0x02000c82   0x00000006   PAD
    0x02000c88   0x02000c88   0x0000002a   Code   RO         1494    .text.R_BSP_IrqStatusClear  r_sci_b_spi.o
    0x02000cb2   0x02000cb2   0x00000006   PAD
    0x02000cb8   0x02000cb8   0x0000002a   Code   RO         1567    .text.R_BSP_IrqStatusClear  r_sci_b_uart.o
    0x02000ce2   0x02000ce2   0x00000006   PAD
    0x02000ce8   0x02000ce8   0x0000002a   Code   RO         1671    .text.R_BSP_IrqStatusClear  r_sdhi.o
    0x02000d12   0x02000d12   0x00000006   PAD
    0x02000d18   0x02000d18   0x0000002a   Code   RO         1753    .text.R_BSP_IrqStatusClear  r_spi_b.o
    0x02000d42   0x02000d42   0x00000006   PAD
    0x02000d48   0x02000d48   0x0000002a   Code   RO         2460    .text.R_BSP_IrqStatusClear  r_usb_mcu.o
    0x02000d72   0x02000d72   0x00000006   PAD
    0x02000d78   0x02000d78   0x00000066   Code   RO         1447    .text.R_BSP_PinAccessDisable  r_ioport.o
    0x02000dde   0x02000dde   0x00000002   PAD
    0x02000de0   0x02000de0   0x00000056   Code   RO         1443    .text.R_BSP_PinAccessEnable  r_ioport.o
    0x02000e36   0x02000e36   0x00000002   PAD
    0x02000e38   0x02000e38   0x0000002a   Code   RO         1449    .text.R_BSP_PinRead  r_ioport.o
    0x02000e62   0x02000e62   0x00000006   PAD
    0x02000e68   0x02000e68   0x0000007a   Code   RO          974    .text.R_BSP_RegisterProtectDisable  bsp_register_protection.o
    0x02000ee2   0x02000ee2   0x00000006   PAD
    0x02000ee8   0x02000ee8   0x00000090   Code   RO          972    .text.R_BSP_RegisterProtectEnable  bsp_register_protection.o
    0x02000f78   0x02000f78   0x000000da   Code   RO          929    .text.R_BSP_SoftwareDelay  bsp_delay.o
    0x02001052   0x02001052   0x00000006   PAD
    0x02001058   0x02001058   0x0000001e   Code   RO          901    .text.R_BSP_SourceClockHzGet  bsp_clocks.o
    0x02001076   0x02001076   0x00000002   PAD
    0x02001078   0x02001078   0x00000008   Code   RO          897    .text.R_BSP_SubClockStabilizeWaitAfterReset  bsp_clocks.o
    0x02001080   0x02001080   0x00000030   Code   RO          845    .text.R_BSP_WarmStart  system.o
    0x020010b0   0x020010b0   0x00000026   Code   RO         1206    .text.R_CEU_CallbackSet  r_ceu.o
    0x020010d6   0x020010d6   0x00000002   PAD
    0x020010d8   0x020010d8   0x000000bc   Code   RO         1204    .text.R_CEU_CaptureStart  r_ceu.o
    0x02001194   0x02001194   0x00000004   PAD
    0x02001198   0x02001198   0x00000064   Code   RO         1202    .text.R_CEU_Close   r_ceu.o
    0x020011fc   0x020011fc   0x00000004   PAD
    0x02001200   0x02001200   0x00000234   Code   RO         1200    .text.R_CEU_Open    r_ceu.o
    0x02001434   0x02001434   0x00000004   PAD
    0x02001438   0x02001438   0x00000072   Code   RO         1208    .text.R_CEU_StatusGet  r_ceu.o
    0x020014aa   0x020014aa   0x00000006   PAD
    0x020014b0   0x020014b0   0x00000070   Code   RO         1250    .text.R_DAC_Close   r_dac.o
    0x02001520   0x02001520   0x00000164   Code   RO         1248    .text.R_DAC_Open    r_dac.o
    0x02001684   0x02001684   0x00000004   PAD
    0x02001688   0x02001688   0x000001a8   Code   RO         1254    .text.R_DAC_Start   r_dac.o
    0x02001830   0x02001830   0x00000054   Code   RO         1256    .text.R_DAC_Stop    r_dac.o
    0x02001884   0x02001884   0x00000004   PAD
    0x02001888   0x02001888   0x00000020   Code   RO         1252    .text.R_DAC_Write   r_dac.o
    0x020018a8   0x020018a8   0x00000074   Code   RO         1583    .text.R_FSP_ClockDividerGet  r_sci_b_uart.o
    0x0200191c   0x0200191c   0x00000004   PAD
    0x02001920   0x02001920   0x00000018   Code   RO         1093    .text.R_FSP_CurrentIrqGet  r_adc.o
    0x02001938   0x02001938   0x00000018   Code   RO         1173    .text.R_FSP_CurrentIrqGet  r_agt.o
    0x02001950   0x02001950   0x00000018   Code   RO         1216    .text.R_FSP_CurrentIrqGet  r_ceu.o
    0x02001968   0x02001968   0x00000018   Code   RO         1492    .text.R_FSP_CurrentIrqGet  r_sci_b_spi.o
    0x02001980   0x02001980   0x00000018   Code   RO         1565    .text.R_FSP_CurrentIrqGet  r_sci_b_uart.o
    0x02001998   0x02001998   0x00000018   Code   RO         1665    .text.R_FSP_CurrentIrqGet  r_sdhi.o
    0x020019b0   0x020019b0   0x00000018   Code   RO         1751    .text.R_FSP_CurrentIrqGet  r_spi_b.o
    0x020019c8   0x020019c8   0x00000018   Code   RO         2095    .text.R_FSP_CurrentIrqGet  r_usb_pinthandler_usbip0.o
    0x020019e0   0x020019e0   0x00000018   Code   RO         2458    .text.R_FSP_CurrentIrqGet  r_usb_mcu.o
    0x020019f8   0x020019f8   0x0000001a   Code   RO         1095    .text.R_FSP_IsrContextGet  r_adc.o
    0x02001a12   0x02001a12   0x00000006   PAD
    0x02001a18   0x02001a18   0x0000001a   Code   RO         1177    .text.R_FSP_IsrContextGet  r_agt.o
    0x02001a32   0x02001a32   0x00000006   PAD
    0x02001a38   0x02001a38   0x0000001a   Code   RO         1220    .text.R_FSP_IsrContextGet  r_ceu.o
    0x02001a52   0x02001a52   0x00000006   PAD
    0x02001a58   0x02001a58   0x0000001a   Code   RO         1496    .text.R_FSP_IsrContextGet  r_sci_b_spi.o
    0x02001a72   0x02001a72   0x00000006   PAD
    0x02001a78   0x02001a78   0x0000001a   Code   RO         1569    .text.R_FSP_IsrContextGet  r_sci_b_uart.o
    0x02001a92   0x02001a92   0x00000006   PAD
    0x02001a98   0x02001a98   0x0000001a   Code   RO         1667    .text.R_FSP_IsrContextGet  r_sdhi.o
    0x02001ab2   0x02001ab2   0x00000006   PAD
    0x02001ab8   0x02001ab8   0x0000001a   Code   RO         1755    .text.R_FSP_IsrContextGet  r_spi_b.o
    0x02001ad2   0x02001ad2   0x00000006   PAD
    0x02001ad8   0x02001ad8   0x0000001a   Code   RO         2097    .text.R_FSP_IsrContextGet  r_usb_pinthandler_usbip0.o
    0x02001af2   0x02001af2   0x00000006   PAD
    0x02001af8   0x02001af8   0x0000001a   Code   RO         2466    .text.R_FSP_IsrContextGet  r_usb_mcu.o
    0x02001b12   0x02001b12   0x00000006   PAD
    0x02001b18   0x02001b18   0x0000001e   Code   RO         1226    .text.R_FSP_IsrContextSet  r_ceu.o
    0x02001b36   0x02001b36   0x00000002   PAD
    0x02001b38   0x02001b38   0x0000001e   Code   RO         1591    .text.R_FSP_IsrContextSet  r_sci_b_uart.o
    0x02001b56   0x02001b56   0x00000002   PAD
    0x02001b58   0x02001b58   0x00000040   Code   RO         1561    .text.R_FSP_SciClockHzGet  r_sci_b_uart.o
    0x02001b98   0x02001b98   0x00000012   Code   RO         1415    .text.R_IOPORT_Close  r_ioport.o
    0x02001baa   0x02001baa   0x00000006   PAD
    0x02001bb0   0x02001bb0   0x00000024   Code   RO         1413    .text.R_IOPORT_Open  r_ioport.o
    0x02001bd4   0x02001bd4   0x00000004   PAD
    0x02001bd8   0x02001bd8   0x00000040   Code   RO         1419    .text.R_IOPORT_PinCfg  r_ioport.o
    0x02001c18   0x02001c18   0x00000060   Code   RO         1421    .text.R_IOPORT_PinEventInputRead  r_ioport.o
    0x02001c78   0x02001c78   0x00000026   Code   RO         1423    .text.R_IOPORT_PinEventOutputWrite  r_ioport.o
    0x02001c9e   0x02001c9e   0x00000002   PAD
    0x02001ca0   0x02001ca0   0x0000001e   Code   RO         1425    .text.R_IOPORT_PinRead  r_ioport.o
    0x02001cbe   0x02001cbe   0x00000002   PAD
    0x02001cc0   0x02001cc0   0x00000080   Code   RO         1427    .text.R_IOPORT_PinWrite  r_ioport.o
    0x02001d40   0x02001d40   0x00000014   Code   RO         1417    .text.R_IOPORT_PinsCfg  r_ioport.o
    0x02001d54   0x02001d54   0x00000004   PAD
    0x02001d58   0x02001d58   0x00000068   Code   RO         1429    .text.R_IOPORT_PortDirectionSet  r_ioport.o
    0x02001dc0   0x02001dc0   0x00000034   Code   RO         1431    .text.R_IOPORT_PortEventInputRead  r_ioport.o
    0x02001df4   0x02001df4   0x00000004   PAD
    0x02001df8   0x02001df8   0x0000005c   Code   RO         1433    .text.R_IOPORT_PortEventOutputWrite  r_ioport.o
    0x02001e54   0x02001e54   0x00000004   PAD
    0x02001e58   0x02001e58   0x00000032   Code   RO         1435    .text.R_IOPORT_PortRead  r_ioport.o
    0x02001e8a   0x02001e8a   0x00000006   PAD
    0x02001e90   0x02001e90   0x0000005c   Code   RO         1437    .text.R_IOPORT_PortWrite  r_ioport.o
    0x02001eec   0x02001eec   0x00000004   PAD
    0x02001ef0   0x02001ef0   0x00000092   Code   RO         1543    .text.R_SCI_B_UART_Abort  r_sci_b_uart.o
    0x02001f82   0x02001f82   0x00000006   PAD
    0x02001f88   0x02001f88   0x00000240   Code   RO         1559    .text.R_SCI_B_UART_BaudCalculate  r_sci_b_uart.o
    0x020021c8   0x020021c8   0x00000044   Code   RO         1539    .text.R_SCI_B_UART_BaudSet  r_sci_b_uart.o
    0x0200220c   0x0200220c   0x00000004   PAD
    0x02002210   0x02002210   0x00000026   Code   RO         1545    .text.R_SCI_B_UART_CallbackSet  r_sci_b_uart.o
    0x02002236   0x02002236   0x00000002   PAD
    0x02002238   0x02002238   0x000000e2   Code   RO         1547    .text.R_SCI_B_UART_Close  r_sci_b_uart.o
    0x0200231a   0x0200231a   0x00000006   PAD
    0x02002320   0x02002320   0x00000018   Code   RO         1541    .text.R_SCI_B_UART_InfoGet  r_sci_b_uart.o
    0x02002338   0x02002338   0x00000164   Code   RO         1533    .text.R_SCI_B_UART_Open  r_sci_b_uart.o
    0x0200249c   0x0200249c   0x00000004   PAD
    0x020024a0   0x020024a0   0x00000022   Code   RO         1535    .text.R_SCI_B_UART_Read  r_sci_b_uart.o
    0x020024c2   0x020024c2   0x00000006   PAD
    0x020024c8   0x020024c8   0x0000001c   Code   RO         1549    .text.R_SCI_B_UART_ReadStop  r_sci_b_uart.o
    0x020024e4   0x020024e4   0x00000004   PAD
    0x020024e8   0x020024e8   0x00000066   Code   RO         1537    .text.R_SCI_B_UART_Write  r_sci_b_uart.o
    0x0200254e   0x0200254e   0x00000002   PAD
    0x02002550   0x02002550   0x0000000e   Code   RO          829  * .text.Reset_Handler  startup.o
    0x0200255e   0x0200255e   0x00000002   PAD
    0x02002560   0x02002560   0x0000011a   Code   RO          869    .text.SystemCoreClockUpdate  bsp_clocks.o
    0x0200267a   0x0200267a   0x00000006   PAD
    0x02002680   0x02002680   0x0000022c   Code   RO          843    .text.SystemInit    system.o
    0x020028ac   0x020028ac   0x00000004   PAD
    0x020028b0   0x020028b0   0x00000042   Code   RO         1234    .text.__NVIC_SetPriority  r_ceu.o
    0x020028f2   0x020028f2   0x00000006   PAD
    0x020028f8   0x020028f8   0x00000042   Code   RO         1589    .text.__NVIC_SetPriority  r_sci_b_uart.o
    0x0200293a   0x0200293a   0x00000006   PAD
    0x02002940   0x02002940   0x0000000a   Code   RO         1085    .text.adc_scan_end_isr  r_adc.o
    0x0200294a   0x0200294a   0x00000006   PAD
    0x02002950   0x02002950   0x000000e6   Code   RO         1171    .text.agt_int_isr   r_agt.o
    0x02002a36   0x02002a36   0x00000002   PAD
    0x02002a38   0x02002a38   0x00000018   Code   RO          233    .text.audio_player_init  audio_player.o
    0x02002a50   0x02002a50   0x00000074   Code   RO          237    .text.audio_player_play_level  audio_player.o
    0x02002ac4   0x02002ac4   0x00000004   PAD
    0x02002ac8   0x02002ac8   0x0000009a   Code   RO          239    .text.audio_player_play_pcm  audio_player.o
    0x02002b62   0x02002b62   0x00000006   PAD
    0x02002b68   0x02002b68   0x0000000c   Code   RO          235    .text.audio_player_silence  audio_player.o
    0x02002b74   0x02002b74   0x00000004   PAD
    0x02002b78   0x02002b78   0x00000052   Code   RO          887    .text.bsp_clock_freq_var_init  bsp_clocks.o
    0x02002bca   0x02002bca   0x00000006   PAD
    0x02002bd0   0x02002bd0   0x000001ac   Code   RO          883    .text.bsp_clock_init  bsp_clocks.o
    0x02002d7c   0x02002d7c   0x00000004   PAD
    0x02002d80   0x02002d80   0x00000034   Code   RO          944    .text.bsp_group_irq_call  bsp_group_irq.o
    0x02002db4   0x02002db4   0x00000004   PAD
    0x02002db8   0x02002db8   0x0000005c   Code   RO          849    .text.bsp_init_dtcm  system.o
    0x02002e14   0x02002e14   0x00000004   PAD
    0x02002e18   0x02002e18   0x00000008   Code   RO          913    .text.bsp_init_internal  bsp_common.o
    0x02002e20   0x02002e20   0x00000034   Code   RO          847    .text.bsp_init_itcm  system.o
    0x02002e54   0x02002e54   0x00000004   PAD
    0x02002e58   0x02002e58   0x0000004c   Code   RO          961    .text.bsp_irq_cfg   bsp_irq.o
    0x02002ea4   0x02002ea4   0x00000004   PAD
    0x02002ea8   0x02002ea8   0x0000005e   Code   RO          893    .text.bsp_peripheral_clock_set  bsp_clocks.o
    0x02002f06   0x02002f06   0x00000002   PAD
    0x02002f08   0x02002f08   0x000000a2   Code   RO          891    .text.bsp_prv_clock_set_hard_reset  bsp_clocks.o
    0x02002faa   0x02002faa   0x00000006   PAD
    0x02002fb0   0x02002fb0   0x00000008   Code   RO          931    .text.bsp_prv_software_delay_loop  bsp_delay.o
    0x02002fb8   0x02002fb8   0x0000007a   Code   RO          889    .text.bsp_prv_sosc_init  bsp_clocks.o
    0x02003032   0x02003032   0x00000006   PAD
    0x02003038   0x02003038   0x0000017e   Code   RO         1441    .text.bsp_vbatt_init  r_ioport.o
    0x020031b6   0x020031b6   0x00000002   PAD
    0x020031b8   0x020031b8   0x00000078   Code   RO          194    .text.calc_level    hmi_display.o
    0x02003230   0x02003230   0x00000060   Code   RO         1222    .text.ceu_call_callback  r_ceu.o
    0x02003290   0x02003290   0x00000036   Code   RO         1212    .text.ceu_disable_interrupts  r_ceu.o
    0x020032c6   0x020032c6   0x00000002   PAD
    0x020032c8   0x020032c8   0x00000042   Code   RO         1210    .text.ceu_enable_interrupts  r_ceu.o
    0x0200330a   0x0200330a   0x00000006   PAD
    0x02003310   0x02003310   0x0000005c   Code   RO         1214    .text.ceu_isr       r_ceu.o
    0x0200336c   0x0200336c   0x00000004   PAD
    0x02003370   0x02003370   0x00000214   Code   RO          146    .text.cnn_classify  cnn_inference.o
    0x02003584   0x02003584   0x00000004   PAD
    0x02003588   0x02003588   0x000000fc   Code   RO          144    .text.cnn_init      cnn_inference.o
    0x02003684   0x02003684   0x00000004   PAD
    0x02003688   0x02003688   0x00000082   Code   RO          154    .text.conv2d        cnn_inference.o
    0x0200370a   0x0200370a   0x00000006   PAD
    0x02003710   0x02003710   0x000001a0   Code   RO          150    .text.conv2d_stride  cnn_inference.o
    0x020038b0   0x020038b0   0x000000be   Code   RO           73    .text.crop_and_resize  fatigue_detect.o
    0x0200396e   0x0200396e   0x00000002   PAD
    0x02003970   0x02003970   0x0000002e   Code   RO          476    .text.dac_init      zf_driver_dac.o
    0x0200399e   0x0200399e   0x00000002   PAD
    0x020039a0   0x020039a0   0x00000020   Code   RO          478    .text.dac_out       zf_driver_dac.o
    0x020039c0   0x020039c0   0x00000016   Code   RO          301    .text.debug_init    zf_common_debug.o
    0x020039d6   0x020039d6   0x00000002   PAD
    0x020039d8   0x020039d8   0x000000a8   Code   RO          156    .text.dense         cnn_inference.o
    0x02003a80   0x02003a80   0x000000f8   Code   RO           67    .text.fatigue_init  fatigue_detect.o
    0x02003b78   0x02003b78   0x00000666   Code   RO           71    .text.fatigue_process_frame  fatigue_detect.o
    0x020041de   0x020041de   0x00000002   PAD
    0x020041e0   0x020041e0   0x00000042   Code   RO          297    .text.fputc         zf_common_debug.o
    0x02004222   0x02004222   0x00000006   PAD
    0x02004228   0x02004228   0x00000020   Code   RO          815    .text.g_ceu_mt9v03x_callback  zf_device_mt9v03x.o
    0x02004248   0x02004248   0x0000003a   Code   RO          353    .text.gpio_get_level  zf_driver_gpio.o
    0x02004282   0x02004282   0x00000006   PAD
    0x02004288   0x02004288   0x0000003e   Code   RO          351    .text.gpio_set_level  zf_driver_gpio.o
    0x020042c6   0x020042c6   0x00000002   PAD
    0x020042c8   0x020042c8   0x00000096   Code   RO           58    .text.hal_entry     hal_entry.o
    0x0200435e   0x0200435e   0x00000002   PAD
    0x02004360   0x02004360   0x0000006c   Code   RO          182    .text.hmi_get_advice_text  hmi_display.o
    0x020043cc   0x020043cc   0x00000004   PAD
    0x020043d0   0x020043d0   0x0000006c   Code   RO          180    .text.hmi_get_level_text  hmi_display.o
    0x0200443c   0x0200443c   0x00000004   PAD
    0x02004440   0x02004440   0x00000044   Code   RO          184    .text.hmi_init      hmi_display.o
    0x02004484   0x02004484   0x00000004   PAD
    0x02004488   0x02004488   0x00000002   Code   RO          198    .text.hmi_process_command  hmi_display.o
    0x0200448a   0x0200448a   0x00000006   PAD
    0x02004490   0x02004490   0x00000084   Code   RO          196    .text.hmi_push_status  hmi_display.o
    0x02004514   0x02004514   0x00000004   PAD
    0x02004518   0x02004518   0x00000024   Code   RO          186    .text.hmi_send_boot  hmi_display.o
    0x0200453c   0x0200453c   0x00000004   PAD
    0x02004540   0x02004540   0x00000014   Code   RO          190    .text.hmi_send_buffer  hmi_display.o
    0x02004554   0x02004554   0x00000004   PAD
    0x02004558   0x02004558   0x000000a0   Code   RO          188    .text.hmi_show_alert  hmi_display.o
    0x020045f8   0x020045f8   0x00000102   Code   RO          192    .text.hmi_update_status  hmi_display.o
    0x020046fa   0x020046fa   0x00000006   PAD
    0x02004700   0x02004700   0x00000030   Code   RO         2547    .text.hw_usb_pclear_sts_resm  r_usb_preg_access.o
    0x02004730   0x02004730   0x00000030   Code   RO         2549    .text.hw_usb_pclear_sts_valid  r_usb_preg_access.o
    0x02004760   0x02004760   0x00000034   Code   RO         2353    .text.hw_usb_read_intsts  r_usb_creg_access.o
    0x02004794   0x02004794   0x00000004   PAD
    0x02004798   0x02004798   0x00000026   Code   RO         2425    .text.hw_usb_set_suspendm  r_usb_creg_access.o
    0x020047be   0x020047be   0x00000002   PAD
    0x020047c0   0x020047c0   0x0000019c   Code   RO          487    .text.init_sdram    ra_driver_sdram.o
    0x0200495c   0x0200495c   0x00000004   PAD
    0x02004960   0x02004960   0x000000c6   Code   RO           75    .text.is_target_valid  fatigue_detect.o
    0x02004a26   0x02004a26   0x00000002   PAD
    0x02004a28   0x02004a28   0x00000014   Code   RO         2714    .text.main          main.o
    0x02004a3c   0x02004a3c   0x00000004   PAD
    0x02004a40   0x02004a40   0x0000010c   Code   RO          152    .text.maxpool2x2    cnn_inference.o
    0x02004b4c   0x02004b4c   0x00000004   PAD
    0x02004b50   0x02004b50   0x00000034   Code   RO          851    .text.memcpy_64     system.o
    0x02004b84   0x02004b84   0x00000004   PAD
    0x02004b88   0x02004b88   0x0000002e   Code   RO          853    .text.memset_64     system.o
    0x02004bb6   0x02004bb6   0x00000002   PAD
    0x02004bb8   0x02004bb8   0x00000082   Code   RO          817    .text.mt9v03x_init  zf_device_mt9v03x.o
    0x02004c3a   0x02004c3a   0x00000006   PAD
    0x02004c40   0x02004c40   0x0000003c   Code   RO         2741    .text.mt9v03x_read_word_sccb  zf_device_config.lib(zf_device_config.o)
    0x02004c7c   0x02004c7c   0x00000004   PAD
    0x02004c80   0x02004c80   0x000009ae   Code   RO         2737    .text.mt9v03x_set_config_sccb  zf_device_config.lib(zf_device_config.o)
    0x0200562e   0x0200562e   0x00000002   PAD
    0x02005630   0x02005630   0x00000032   Code   RO         2739    .text.mt9v03x_write_word_sccb  zf_device_config.lib(zf_device_config.o)
    0x02005662   0x02005662   0x00000006   PAD
    0x02005668   0x02005668   0x0000004c   Code   RO          148    .text.normalize_input  cnn_inference.o
    0x020056b4   0x020056b4   0x00000004   PAD
    0x020056b8   0x020056b8   0x000000ea   Code   RO          339    .text.number_conversion_ascii  zf_common_function.o
    0x020057a2   0x020057a2   0x00000006   PAD
    0x020057a8   0x020057a8   0x00000058   Code   RO          341    .text.printf_reverse_order  zf_common_function.o
    0x02005800   0x02005800   0x000000bc   Code   RO         1097    .text.r_adc_call_callback  r_adc.o
    0x020058bc   0x020058bc   0x00000004   PAD
    0x020058c0   0x020058c0   0x0000004e   Code   RO         1087    .text.r_adc_scan_end_common_isr  r_adc.o
    0x0200590e   0x0200590e   0x00000002   PAD
    0x02005910   0x02005910   0x00000074   Code   RO         1451    .text.r_ioport_hw_pin_event_output_data_write  r_ioport.o
    0x02005984   0x02005984   0x00000004   PAD
    0x02005988   0x02005988   0x0000006e   Code   RO         1445    .text.r_ioport_pfs_write  r_ioport.o
    0x020059f6   0x020059f6   0x00000002   PAD
    0x020059f8   0x020059f8   0x00000056   Code   RO         1439    .text.r_ioport_pins_config  r_ioport.o
    0x02005a4e   0x02005a4e   0x00000002   PAD
    0x02005a50   0x02005a50   0x00000030   Code   RO         1585    .text.r_sci_b_irq_cfg  r_sci_b_uart.o
    0x02005a80   0x02005a80   0x00000044   Code   RO         1551    .text.r_sci_b_irqs_cfg  r_sci_b_uart.o
    0x02005ac4   0x02005ac4   0x00000004   PAD
    0x02005ac8   0x02005ac8   0x0000006c   Code   RO         1504    .text.r_sci_b_spi_call_callback  r_sci_b_spi.o
    0x02005b34   0x02005b34   0x00000004   PAD
    0x02005b38   0x02005b38   0x00000044   Code   RO         1498    .text.r_sci_b_spi_transmit  r_sci_b_spi.o
    0x02005b7c   0x02005b7c   0x00000004   PAD
    0x02005b80   0x02005b80   0x00000080   Code   RO         1571    .text.r_sci_b_uart_call_callback  r_sci_b_uart.o
    0x02005c00   0x02005c00   0x00000164   Code   RO         1553    .text.r_sci_b_uart_config_set  r_sci_b_uart.o
    0x02005d64   0x02005d64   0x00000004   PAD
    0x02005d68   0x02005d68   0x0000015a   Code   RO         1669    .text.r_sdhi_access_irq_process  r_sdhi.o
    0x02005ec2   0x02005ec2   0x00000006   PAD
    0x02005ec8   0x02005ec8   0x0000007e   Code   RO         1661    .text.r_sdhi_call_callback  r_sdhi.o
    0x02005f46   0x02005f46   0x00000002   PAD
    0x02005f48   0x02005f48   0x000000a8   Code   RO         1657    .text.r_sdhi_transfer_callback  r_sdhi.o
    0x02005ff0   0x02005ff0   0x0000003c   Code   RO         1659    .text.r_sdhi_transfer_end  r_sdhi.o
    0x0200602c   0x0200602c   0x00000004   PAD
    0x02006030   0x02006030   0x0000006c   Code   RO         1769    .text.r_spi_b_call_callback  r_spi_b.o
    0x0200609c   0x0200609c   0x00000004   PAD
    0x020060a0   0x020060a0   0x00000090   Code   RO         1757    .text.r_spi_b_receive  r_spi_b.o
    0x02006130   0x02006130   0x0000008c   Code   RO         1759    .text.r_spi_b_transmit  r_spi_b.o
    0x020061bc   0x020061bc   0x00000004   PAD
    0x020061c0   0x020061c0   0x0000005e   Code   RO           69    .text.reset_vote    fatigue_detect.o
    0x0200621e   0x0200621e   0x00000002   PAD
    0x02006220   0x02006220   0x00000040   Code   RO         1506    .text.sci_b_spi_eri_isr  r_sci_b_spi.o
    0x02006260   0x02006260   0x0000007e   Code   RO         1500    .text.sci_b_spi_rxi_isr  r_sci_b_spi.o
    0x020062de   0x020062de   0x00000002   PAD
    0x020062e0   0x020062e0   0x00000048   Code   RO         1502    .text.sci_b_spi_tei_isr  r_sci_b_spi.o
    0x02006328   0x02006328   0x0000005e   Code   RO         1490    .text.sci_b_spi_txi_isr  r_sci_b_spi.o
    0x02006386   0x02006386   0x00000002   PAD
    0x02006388   0x02006388   0x000000b2   Code   RO         1577    .text.sci_b_uart_eri_isr  r_sci_b_uart.o
    0x0200643a   0x0200643a   0x00000006   PAD
    0x02006440   0x02006440   0x000000b2   Code   RO         1573    .text.sci_b_uart_rxi_isr  r_sci_b_uart.o
    0x020064f2   0x020064f2   0x00000006   PAD
    0x020064f8   0x020064f8   0x00000048   Code   RO         1575    .text.sci_b_uart_tei_isr  r_sci_b_uart.o
    0x02006540   0x02006540   0x000000c0   Code   RO         1563    .text.sci_b_uart_txi_isr  r_sci_b_uart.o
    0x02006600   0x02006600   0x0000004e   Code   RO         1663    .text.sdhimmc_accs_isr  r_sdhi.o
    0x0200664e   0x0200664e   0x00000002   PAD
    0x02006650   0x02006650   0x00000096   Code   RO         1673    .text.sdhimmc_card_isr  r_sdhi.o
    0x020066e6   0x020066e6   0x00000002   PAD
    0x020066e8   0x020066e8   0x00000028   Code   RO         1675    .text.sdhimmc_dma_req_isr  r_sdhi.o
    0x02006710   0x02006710   0x0000003c   Code   RO          421    .text.soft_iic_init  zf_driver_soft_iic.o
    0x0200674c   0x0200674c   0x00000004   PAD
    0x02006750   0x02006750   0x000000d2   Code   RO          397    .text.soft_iic_read_data  zf_driver_soft_iic.o
    0x02006822   0x02006822   0x00000006   PAD
    0x02006828   0x02006828   0x00000060   Code   RO          419    .text.soft_iic_sccb_read_register  zf_driver_soft_iic.o
    0x02006888   0x02006888   0x0000003e   Code   RO          417    .text.soft_iic_sccb_write_register  zf_driver_soft_iic.o
    0x020068c6   0x020068c6   0x00000002   PAD
    0x020068c8   0x020068c8   0x0000007e   Code   RO          425    .text.soft_iic_send_ack  zf_driver_soft_iic.o
    0x02006946   0x02006946   0x00000002   PAD
    0x02006948   0x02006948   0x000000b2   Code   RO          377    .text.soft_iic_send_data  zf_driver_soft_iic.o
    0x020069fa   0x020069fa   0x00000006   PAD
    0x02006a00   0x02006a00   0x00000070   Code   RO          375    .text.soft_iic_start  zf_driver_soft_iic.o
    0x02006a70   0x02006a70   0x00000070   Code   RO          379    .text.soft_iic_stop  zf_driver_soft_iic.o
    0x02006ae0   0x02006ae0   0x0000008a   Code   RO          423    .text.soft_iic_wait_ack  zf_driver_soft_iic.o
    0x02006b6a   0x02006b6a   0x00000006   PAD
    0x02006b70   0x02006b70   0x000000a8   Code   RO         1771    .text.spi_b_eri_isr  r_spi_b.o
    0x02006c18   0x02006c18   0x00000048   Code   RO         1749    .text.spi_b_rxi_isr  r_spi_b.o
    0x02006c60   0x02006c60   0x00000072   Code   RO         1765    .text.spi_b_tei_isr  r_spi_b.o
    0x02006cd2   0x02006cd2   0x00000006   PAD
    0x02006cd8   0x02006cd8   0x00000018   Code   RO         1763    .text.spi_b_txi_isr  r_spi_b.o
    0x02006cf0   0x02006cf0   0x00000014   Code   RO          362    .text.system_delay_ms  zf_driver_delay.o
    0x02006d04   0x02006d04   0x00000004   PAD
    0x02006d08   0x02006d08   0x00000012   Code   RO          364    .text.system_delay_us  zf_driver_delay.o
    0x02006d1a   0x02006d1a   0x00000006   PAD
    0x02006d20   0x02006d20   0x00000048   Code   RO          497    .text.uart3_callback  zf_driver_uart.o
    0x02006d68   0x02006d68   0x0000004a   Code   RO          505    .text.uart3_init    zf_driver_uart.o
    0x02006db2   0x02006db2   0x00000006   PAD
    0x02006db8   0x02006db8   0x00000040   Code   RO          501    .text.uart3_write_buffer  zf_driver_uart.o
    0x02006df8   0x02006df8   0x00000030   Code   RO          295    .text.uart9_callback  zf_common_debug.o
    0x02006e28   0x02006e28   0x00000074   Code   RO           79    .text.update_fatigue_score  fatigue_detect.o
    0x02006e9c   0x02006e9c   0x00000004   PAD
    0x02006ea0   0x02006ea0   0x00000092   Code   RO           77    .text.update_vote   fatigue_detect.o
    0x02006f32   0x02006f32   0x00000006   PAD
    0x02006f38   0x02006f38   0x00000016   Code   RO         2450    .text.usb_cpu_delay_1us  r_usb_mcu.o
    0x02006f4e   0x02006f4e   0x00000002   PAD
    0x02006f50   0x02006f50   0x00000014   Code   RO         2468    .text.usb_cpu_usb_int_hand_isr  r_usb_mcu.o
    0x02006f64   0x02006f64   0x00000004   PAD
    0x02006f68   0x02006f68   0x00000036   Code   RO         2523    .text.usb_pstd_interrupt_clock  r_usb_preg_abs.o
    0x02006f9e   0x02006f9e   0x00000002   PAD
    0x02006fa0   0x02006fa0   0x00000488   Code   RO         2501    .text.usb_pstd_interrupt_handler  r_usb_preg_abs.o
    0x02007428   0x02007428   0x0000005a   Code   RO         2093    .text.usb_pstd_usb_handler  r_usb_pinthandler_usbip0.o
    0x02007482   0x02007482   0x00000006   PAD
    0x02007488   0x02007488   0x00000018   Code   RO         2470    .text.usbfs_d0fifo_handler  r_usb_mcu.o
    0x020074a0   0x020074a0   0x00000018   Code   RO         2472    .text.usbfs_d1fifo_handler  r_usb_mcu.o
    0x020074b8   0x020074b8   0x0000001c   Code   RO         2456    .text.usbfs_interrupt_handler  r_usb_mcu.o
    0x020074d4   0x020074d4   0x00000004   PAD
    0x020074d8   0x020074d8   0x0000002a   Code   RO         2464    .text.usbfs_resume_handler  r_usb_mcu.o
    0x02007502   0x02007502   0x00000006   PAD
    0x02007508   0x02007508   0x0000001c   Code   RO         2462    .text.usbfs_usbi_isr  r_usb_mcu.o
    0x02007524   0x02007524   0x00000004   PAD
    0x02007528   0x02007528   0x00000018   Code   RO         2478    .text.usbhs_d0fifo_handler  r_usb_mcu.o
    0x02007540   0x02007540   0x00000018   Code   RO         2480    .text.usbhs_d1fifo_handler  r_usb_mcu.o
    0x02007558   0x02007558   0x0000001c   Code   RO         2474    .text.usbhs_interrupt_handler  r_usb_mcu.o
    0x02007574   0x02007574   0x00000004   PAD
    0x02007578   0x02007578   0x0000001c   Code   RO         2476    .text.usbhs_usbir_isr  r_usb_mcu.o
    0x02007594   0x02007594   0x00000004   PAD
    0x02007598   0x02007598   0x0000002c   Code   RO          214    .text.voice_assistant_init  voice_assistant.o
    0x020075c4   0x020075c4   0x00000004   PAD
    0x020075c8   0x020075c8   0x00000042   Code   RO          218    .text.voice_assistant_say  voice_assistant.o
    0x0200760a   0x0200760a   0x00000006   PAD
    0x02007610   0x02007610   0x00000008   Code   RO          222    .text.voice_assistant_silence  voice_assistant.o
    0x02007618   0x02007618   0x00000018   Code   RO          216    .text.voice_send_line  voice_assistant.o
    0x02007630   0x02007630   0x00000490   Code   RO          337    .text.zf_sprintf    zf_common_function.o
    0x02007ac0   0x02007ac0   0x00000020   Code   RO         2802    i.__0printf         mc_w.l(printfa.o)
    0x02007ae0   0x02007ae0   0x00000184   Code   RO         2809    i._fp_digits        mc_w.l(printfa.o)
    0x02007c64   0x02007c64   0x000006dc   Code   RO         2810    i._printf_core      mc_w.l(printfa.o)
    0x02008340   0x02008340   0x00000024   Code   RO         2811    i._printf_post_padding  mc_w.l(printfa.o)
    0x02008364   0x02008364   0x0000002e   Code   RO         2812    i._printf_pre_padding  mc_w.l(printfa.o)
    0x02008392   0x02008392   0x00006384   Data   RO          242    .rodata.audio_attention  audio_player.o
    0x0200e716   0x0200e716   0x00006f26   Data   RO          244    .rodata.audio_danger  audio_player.o
    0x0201563c   0x0201563c   0x00007e2e   Data   RO          241    .rodata.audio_face_lost  audio_player.o
    0x0201d46a   0x0201d46a   0x00007417   Data   RO          243    .rodata.audio_warning  audio_player.o
    0x02024881   0x02024881   0x00000003   PAD
    0x02024884   0x02024884   0x00000020   Data   RO          159    .rodata.cnn_b0      cnn_inference.o
    0x020248a4   0x020248a4   0x00000040   Data   RO          161    .rodata.cnn_b1      cnn_inference.o
    0x020248e4   0x020248e4   0x00000080   Data   RO          163    .rodata.cnn_b2      cnn_inference.o
    0x02024964   0x02024964   0x00000008   Data   RO          165    .rodata.cnn_b3      cnn_inference.o
    0x0202496c   0x0202496c   0x00000320   Data   RO          158    .rodata.cnn_w0      cnn_inference.o
    0x02024c8c   0x02024c8c   0x00001200   Data   RO          160    .rodata.cnn_w1      cnn_inference.o
    0x02025e8c   0x02025e8c   0x00006000   Data   RO          162    .rodata.cnn_w2      cnn_inference.o
    0x0202be8c   0x0202be8c   0x00000100   Data   RO          164    .rodata.cnn_w3      cnn_inference.o
    0x0202bf8c   0x0202bf8c   0x0000000d   Data   RO         1594    .rodata.g_async_baud  r_sci_b_uart.o
    0x0202bf99   0x0202bf99   0x00000003   PAD
    0x0202bf9c   0x0202bf9c   0x0000000c   Data   RO         2724    .rodata.g_bsp_pin_cfg  pin_data.o
    0x0202bfa8   0x0202bfa8   0x00000398   Data   RO         2723    .rodata.g_bsp_pin_cfg_data  pin_data.o
    0x0202c340   0x0202c340   0x0000000c   Data   RO         2595    .rodata.g_ceu_mt9v03x  hal_data.o
    0x0202c34c   0x0202c34c   0x00000018   Data   RO         2593    .rodata.g_ceu_mt9v03x_cfg  hal_data.o
    0x0202c364   0x0202c364   0x00000018   Data   RO         2592    .rodata.g_ceu_mt9v03x_extended_cfg  hal_data.o
    0x0202c37c   0x0202c37c   0x00000014   Data   RO         1240    .rodata.g_ceu_on_capture  r_ceu.o
    0x0202c390   0x0202c390   0x0000000c   Data   RO         2638    .rodata.g_dac0      hal_data.o
    0x0202c39c   0x0202c39c   0x00000008   Data   RO         2636    .rodata.g_dac0_cfg  hal_data.o
    0x0202c3a4   0x0202c3a4   0x00000005   Data   RO         2635    .rodata.g_dac0_ext_cfg  hal_data.o
    0x0202c3a9   0x0202c3a9   0x00000003   PAD
    0x0202c3ac   0x0202c3ac   0x00000014   Data   RO         1258    .rodata.g_dac_on_dac  r_dac.o
    0x0202c3c0   0x0202c3c0   0x0000001a   Data   RO         1595    .rodata.g_div_coefficient  r_sci_b_uart.o
    0x0202c3da   0x0202c3da   0x000000c0   Data   RO         2731    .rodata.g_interrupt_event_link_select  vector_data.o
    0x0202c49a   0x0202c49a   0x00000002   PAD
    0x0202c49c   0x0202c49c   0x0000000c   Data   RO         2580    .rodata.g_ioport    common_data.o
    0x0202c4a8   0x0202c4a8   0x00000034   Data   RO         1453    .rodata.g_ioport_on_ioport  r_ioport.o
    0x0202c4dc   0x0202c4dc   0x00000008   Data   RO          977    .rodata.g_prcr_masks  bsp_register_protection.o
    0x0202c4e4   0x0202c4e4   0x0000000c   Data   RO         2612    .rodata.g_uart3     hal_data.o
    0x0202c4f0   0x0202c4f0   0x00000020   Data   RO         2610    .rodata.g_uart3_cfg  hal_data.o
    0x0202c510   0x0202c510   0x00000014   Data   RO         2609    .rodata.g_uart3_cfg_extend  hal_data.o
    0x0202c524   0x0202c524   0x0000000c   Data   RO         2707    .rodata.g_uart9     hal_data.o
    0x0202c530   0x0202c530   0x00000020   Data   RO         2705    .rodata.g_uart9_cfg  hal_data.o
    0x0202c550   0x0202c550   0x00000014   Data   RO         2704    .rodata.g_uart9_cfg_extend  hal_data.o
    0x0202c564   0x0202c564   0x00000024   Data   RO         1593    .rodata.g_uart_on_sci_b  r_sci_b_uart.o
    0x0202c588   0x0202c588   0x00000006   Data   RO         1454    .rodata.g_vbatt_pins_input  r_ioport.o
    0x0202c58e   0x0202c58e   0x00000002   PAD
    0x0202c590   0x0202c590   0x00000004   Data   RO         1035    .rodata.gp_start_of_nonsecure_callable_flash  bsp_security.o
    0x0202c594   0x0202c594   0x00000004   Data   RO         1038    .rodata.gp_start_of_nonsecure_callable_ram  bsp_security.o
    0x0202c598   0x0202c598   0x00000004   Data   RO         1040    .rodata.gp_start_of_nonsecure_data_flash  bsp_security.o
    0x0202c59c   0x0202c59c   0x00000004   Data   RO         1032    .rodata.gp_start_of_nonsecure_dtcm  bsp_security.o
    0x0202c5a0   0x0202c5a0   0x00000004   Data   RO         1034    .rodata.gp_start_of_nonsecure_flash  bsp_security.o
    0x0202c5a4   0x0202c5a4   0x00000004   Data   RO         1030    .rodata.gp_start_of_nonsecure_itcm  bsp_security.o
    0x0202c5a8   0x0202c5a8   0x00000004   Data   RO         1037    .rodata.gp_start_of_nonsecure_ram  bsp_security.o
    0x0202c5ac   0x0202c5ac   0x00000004   Data   RO         1041    .rodata.gp_start_of_secure_data_flash  bsp_security.o
    0x0202c5b0   0x0202c5b0   0x00000004   Data   RO         1033    .rodata.gp_start_of_secure_dtcm  bsp_security.o
    0x0202c5b4   0x0202c5b4   0x00000004   Data   RO         1036    .rodata.gp_start_of_secure_flash  bsp_security.o
    0x0202c5b8   0x0202c5b8   0x00000004   Data   RO         1031    .rodata.gp_start_of_secure_itcm  bsp_security.o
    0x0202c5bc   0x0202c5bc   0x00000004   Data   RO         1039    .rodata.gp_start_of_secure_ram  bsp_security.o
    0x0202c5c0   0x0202c5c0   0x0000009c   Data   RO           60    .rodata.str1.1      hal_entry.o
    0x0202c65c   0x0202c65c   0x000001dc   Data   RO           95    .rodata.str1.1      fatigue_detect.o
    0x0202c838   0x0202c838   0x00000163   Data   RO          202    .rodata.str1.1      hmi_display.o
    0x0202c99b   0x0202c99b   0x0000003c   Data   RO          225    .rodata.str1.1      voice_assistant.o
    0x0202c9d7   0x0202c9d7   0x00000001   PAD
    0x0202c9d8   0x0202c9d8   0x00000004   Data   RO          919    .version            bsp_common.o
    0x0202c9dc   0x0202c9dc   0x00000006   Data   RO          920    .version            bsp_common.o
    0x0202c9e2   0x0202c9e2   0x00000044   Data   RO          921    .version            bsp_common.o


    Execution Region __tz_DTCM_S (Exec base: 0x20000000, Load base: 0x0202d180, Size: 0x00000000, Max: 0x00000000, ABSOLUTE)

    Exec Addr    Load Addr    Size         Type   Attr      Idx    E Section Name        Object

    0x20000000        -       0x00000000   Zero   RW           12    __tz_DTCM_S.bss     anon$$obj.o


    Execution Region DTCM_DATA (Exec base: 0x20000000, Load base: 0x0202d180, Size: 0x00000000, Max: 0x00010000, ABSOLUTE)

    **** No section assigned to this execution region ****


    Execution Region DTCM_PAD (Exec base: 0x20000000, Load base: 0x0202d180, Size: 0x00000000, Max: 0x00000000, ABSOLUTE)

    Exec Addr    Load Addr    Size         Type   Attr      Idx    E Section Name        Object

    0x20000000        -       0x00000000   Zero   RW           13    DTCM_PAD.bss        anon$$obj.o


    Execution Region DTCM_BSS (Exec base: 0x20000000, Load base: 0x0202d180, Size: 0x00000000, Max: 0x00010000, ABSOLUTE, UNINIT)

    **** No section assigned to this execution region ****


    Execution Region DTCM_BSS_PAD (Exec base: 0x20000000, Load base: 0x0202d180, Size: 0x00000000, Max: 0x00000000, ABSOLUTE)

    Exec Addr    Load Addr    Size         Type   Attr      Idx    E Section Name        Object

    0x20000000        -       0x00000000   Zero   RW           14    DTCM_BSS_PAD.bss    anon$$obj.o


    Execution Region __tz_DTCM_N (Exec base: 0x20000000, Load base: 0x0202d180, Size: 0x00000000, Max: 0x00000000, ABSOLUTE)

    Exec Addr    Load Addr    Size         Type   Attr      Idx    E Section Name        Object

    0x20000000        -       0x00000000   Zero   RW           15    __tz_DTCM_N.bss     anon$$obj.o


    Execution Region __tz_RAM_S (Exec base: 0x22000000, Load base: 0x0202ca28, Size: 0x00000000, Max: 0x00000000, ABSOLUTE)

    Exec Addr    Load Addr    Size         Type   Attr      Idx    E Section Name        Object

    0x22000000        -       0x00000000   Zero   RW            2    __tz_RAM_S.bss      anon$$obj.o


    Execution Region DTC_VECTOR_TABLE (Exec base: 0x22000000, Load base: 0x0202ca28, Size: 0x00000000, Max: 0x000e0000, ABSOLUTE, UNINIT)

    **** No section assigned to this execution region ****


    Execution Region DATA (Exec base: 0x22000000, Load base: 0x0202cc00, Size: 0x00000580, Max: 0xffffffff, ABSOLUTE)

    Exec Addr    Load Addr    Size         Type   Attr      Idx    E Section Name        Object

    0x22000000   0x0202cc00   0x00000004   Data   RW         2854    .data               mc_w.l(stdout.o)
    0x22000004   0x0202cc04   0x00000001   Data   RW          203    .data.current_level  hmi_display.o
    0x22000005   0x0202cc05   0x00000003   PAD
    0x22000008   0x0202cc08   0x00000004   Data   RW         2608    .data.g_uart3_baud_setting  hal_data.o
    0x2200000c   0x0202cc0c   0x00000004   Data   RW         2703    .data.g_uart9_baud_setting  hal_data.o
    0x22000010   0x0202cc10   0x00000028   Data   RW          820    .data.mt9v03x_set_confing_buffer  zf_device_mt9v03x.o
    0x22000038   0x0202cc38   0x000003c8   PAD
    0x22000400   0x0202d000   0x00000180   Data   RW         1301    .fsp_dtc_vector_table  r_dtc.o


    Execution Region BSS (Exec base: 0x22000580, Load base: 0x0202d180, Size: 0x00009954, Max: 0xffffffff, ABSOLUTE)

    Exec Addr    Load Addr    Size         Type   Attr      Idx    E Section Name        Object

    0x22000580        -       0x00000004   Zero   RW          855    .bss.SystemCoreClock  system.o
    0x22000584        -       0x00000004   Zero   RW           86    .bss.alarm_frame_cnt  fatigue_detect.o
    0x22000588        -       0x00000004   Zero   RW          206    .bss.alert_cooldown  hmi_display.o
    0x2200058c        -       0x00000001   Zero   RW          245    .bss.audio_ready    audio_player.o
    0x2200058d   0x0202d180   0x00000003   PAD
    0x22000590        -       0x00000010   Zero   RW           96    .bss.diag_info      fatigue_detect.o
    0x220005a0        -       0x00000002   Zero   RW           94    .bss.fatigue_score  fatigue_detect.o
    0x220005a2        -       0x00000001   Zero   RW           85    .bss.fatigue_state  fatigue_detect.o
    0x220005a3        -       0x00000001   Zero   RW           89    .bss.fatigued_count  fatigue_detect.o
    0x220005a4        -       0x00000008   Zero   RW          171    .bss.fc2_out        cnn_inference.o
    0x220005ac        -       0x00000004   Zero   RW           87    .bss.frame_counter  fatigue_detect.o
    0x220005b0        -       0x00000040   Zero   RW          946    .bss.g_bsp_group_irq_sources  bsp_group_irq.o
    0x220005f0        -       0x00000020   Zero   RW         2594    .bss.g_ceu_mt9v03x_ctrl  hal_data.o
    0x22000610        -       0x00000010   Zero   RW         2637    .bss.g_dac0_ctrl    hal_data.o
    0x22000620        -       0x00000008   Zero   RW         2579    .bss.g_ioport_ctrl  common_data.o
    0x22000628        -       0x00000008   Zero   RW          976    .bss.g_protect_counters  bsp_register_protection.o
    0x22000630        -       0x00000004   Zero   RW          955    .bss.g_protect_pfswe_counter  bsp_io.o
    0x22000634        -       0x00000030   Zero   RW         2611    .bss.g_uart3_ctrl   hal_data.o
    0x22000664        -       0x00000030   Zero   RW         2706    .bss.g_uart9_ctrl   hal_data.o
    0x22000694        -       0x00000002   Zero   RW         2529    .bss.g_usb_cstd_suspend_mode  r_usb_preg_abs.o
    0x22000696   0x0202d180   0x00000002   PAD
    0x22000698        -       0x00000044   Zero   RW         2099    .bss.g_usb_pstd_usb_int  r_usb_pinthandler_usbip0.o
    0x220006dc        -       0x00000004   Zero   RW         1868    .bss.g_usb_usbmode  r_usb_basic.o
    0x220006e0        -       0x00000180   Zero   RW          964    .bss.gp_renesas_isr_context  bsp_irq.o
    0x22000860        -       0x00000001   Zero   RW          204    .bss.last_sent_level  hmi_display.o
    0x22000861        -       0x00000001   Zero   RW           88    .bss.led_toggle     fatigue_detect.o
    0x22000862        -       0x00000001   Zero   RW          819    .bss.mt9v03x_finish_flag  zf_device_mt9v03x.o
    0x22000863   0x0202d180   0x00000001   PAD
    0x22000864        -       0x00000004   Zero   RW         2761    .bss.mt9v03x_h_blank  zf_device_config.lib(zf_device_config.o)
    0x22000868        -       0x00000010   Zero   RW         2759    .bss.mt9v03x_iic_inf_struct  zf_device_config.lib(zf_device_config.o)
    0x22000878   0x0202d180   0x00000008   PAD
    0x22000880        -       0x00009600   Zero   RW          821    .bss.mt9v03x_image  zf_device_mt9v03x.o
    0x22009e80        -       0x00000014   Zero   RW         2760    .bss.mt9v03x_init_config  zf_device_config.lib(zf_device_config.o)
    0x22009e94        -       0x00000004   Zero   RW         2762    .bss.mt9v03x_v_blank  zf_device_config.lib(zf_device_config.o)
    0x22009e98        -       0x00000001   Zero   RW           98    .bss.raw_fatigued_streak  fatigue_detect.o
    0x22009e99        -       0x00000001   Zero   RW           93    .bss.target_lost_alerted  fatigue_detect.o
    0x22009e9a        -       0x00000002   Zero   RW           92    .bss.target_lost_count  fatigue_detect.o
    0x22009e9c        -       0x00000004   Zero   RW          508    .bss.uart3_init.uart3_hc05_baud_setting  zf_driver_uart.o
    0x22009ea0        -       0x00000001   Zero   RW          303    .bss.uart_send_complete_flag  zf_common_debug.o
    0x22009ea1        -       0x00000001   Zero   RW          507    .bss.uart_send_complete_flag  zf_driver_uart.o
    0x22009ea2   0x0202d180   0x00000002   PAD
    0x22009ea4        -       0x00000004   Zero   RW          205    .bss.update_counter  hmi_display.o
    0x22009ea8        -       0x00000001   Zero   RW          224    .bss.voice_ready    voice_assistant.o
    0x22009ea9        -       0x00000028   Zero   RW           99    .bss.vote_buf       fatigue_detect.o
    0x22009ed1        -       0x00000001   Zero   RW           91    .bss.vote_filled    fatigue_detect.o
    0x22009ed2        -       0x00000001   Zero   RW           90    .bss.vote_idx       fatigue_detect.o


    Execution Region NOINIT (Exec base: 0x22009ed4, Load base: 0x0202d180, Size: 0x0000002c, Max: 0xffffffff, ABSOLUTE, UNINIT)

    Exec Addr    Load Addr    Size         Type   Attr      Idx    E Section Name        Object

    0x22009ed4        -       0x0000002c   Zero   RW          905    .bss.noinit         bsp_clocks.o


    Execution Region NOCACHE (Exec base: 0x22009f00, Load base: 0x0202d180, Size: 0x00000000, Max: 0xffffffff, ABSOLUTE, UNINIT)

    **** No section assigned to this execution region ****


    Execution Region NOCACHE_PAD (Exec base: 0x22009f00, Load base: 0x0202d180, Size: 0x00000000, Max: 0x00000000, ABSOLUTE)

    Exec Addr    Load Addr    Size         Type   Attr      Idx    E Section Name        Object

    0x22009f00        -       0x00000000   Zero   RW            3    NOCACHE_PAD.bss     anon$$obj.o


    Execution Region ARM_LIB_HEAP (Exec base: 0x22009f00, Load base: 0x0202d180, Size: 0x00002000, Max: 0xffffffff, ABSOLUTE, UNINIT)

    Exec Addr    Load Addr    Size         Type   Attr      Idx    E Section Name        Object

    0x22009f00        -       0x00002000   Zero   RW          835    .bss.heap           startup.o


    Execution Region ARM_LIB_STACK (Exec base: 0x2200bf00, Load base: 0x0202d180, Size: 0x00000000, Max: 0x00000000, ABSOLUTE, UNINIT)

    Exec Addr    Load Addr    Size         Type   Attr      Idx    E Section Name        Object

    0x2200bf00        -       0x00000000   Zero   RW            4    ARM_LIB_STACK.bss   anon$$obj.o


    Execution Region STACK (Exec base: 0x2200bf00, Load base: 0x0202d180, Size: 0x00010000, Max: 0xffffffff, ABSOLUTE, UNINIT)

    Exec Addr    Load Addr    Size         Type   Attr      Idx    E Section Name        Object

    0x2200bf00        -       0x00010000   Zero   RW          833    .bss.stack          startup.o


    Execution Region RAM_END (Exec base: 0x2201bf00, Load base: 0x0202d180, Size: 0x00000004, Max: 0x00000004, ABSOLUTE)

    Exec Addr    Load Addr    Size         Type   Attr      Idx    E Section Name        Object

    0x2201bf00        -       0x00000004   Zero   RW            5    RAM_END.bss         anon$$obj.o


    Execution Region __RAM_NSC_START (Exec base: 0x220e0000, Load base: 0x0202d180, Size: 0x00000000, Max: 0x00000000, ABSOLUTE)

    Exec Addr    Load Addr    Size         Type   Attr      Idx    E Section Name        Object

    0x220e0000        -       0x00000000   Zero   RW            6    __RAM_NSC_START.bss  anon$$obj.o


    Execution Region __tz_RAM_N (Exec base: 0x220e0000, Load base: 0x0202d180, Size: 0x00000000, Max: 0x00000000, ABSOLUTE)

    Exec Addr    Load Addr    Size         Type   Attr      Idx    E Section Name        Object

    0x220e0000        -       0x00000000   Zero   RW            7    __tz_RAM_N.bss      anon$$obj.o


    Execution Region RAM_LIMIT (Exec base: 0x220e0000, Load base: 0x0202d180, Size: 0x00000004, Max: 0x00000004, ABSOLUTE)

    Exec Addr    Load Addr    Size         Type   Attr      Idx    E Section Name        Object

    0x220e0000        -       0x00000004   Zero   RW            8    RAM_LIMIT.bss       anon$$obj.o


    Execution Region OSPI_DEVICE_0_NO_LOAD (Exec base: 0x80000000, Load base: 0x0202d180, Size: 0x00000000, Max: 0xffffffff, ABSOLUTE, UNINIT)

    **** No section assigned to this execution region ****


    Execution Region OSPI_DEVICE_1_NO_LOAD (Exec base: 0x90000000, Load base: 0x0202d180, Size: 0x00000000, Max: 0xffffffff, ABSOLUTE, UNINIT)

    **** No section assigned to this execution region ****



  Load Region LOAD_REGION_NSC_FLASH (Base: 0x02048c00, Size: 0x00000000, Max: 0xffffffff, ABSOLUTE)

    Execution Region __FLASH_NSC_START (Exec base: 0x02048c00, Load base: 0x02048c00, Size: 0x00000000, Max: 0x00000000, ABSOLUTE)

    Exec Addr    Load Addr    Size         Type   Attr      Idx    E Section Name        Object

    0x02048c00        -       0x00000000   Zero   RW           16    __FLASH_NSC_START.bss  anon$$obj.o


    Execution Region EXEC_NSCR (Exec base: 0x02048c00, Load base: 0x02048c00, Size: 0x00000000, Max: 0xffffffff, ABSOLUTE, FIXED)

    **** No section assigned to this execution region ****


    Execution Region __tz_FLASH_N (Exec base: 0x02050000, Load base: 0x02048c00, Size: 0x00000000, Max: 0x00000000, ABSOLUTE)

    Exec Addr    Load Addr    Size         Type   Attr      Idx    E Section Name        Object

    0x02050000        -       0x00000000   Zero   RW           17    __tz_FLASH_N.bss    anon$$obj.o



  Load Region LOAD_REGION_ID_CODE (Base: 0x00000000, Size: 0x00000000, Max: 0x00000004, ABSOLUTE)

    Execution Region __tz_ID_CODE_S (Exec base: 0x00000000, Load base: 0x00000000, Size: 0x00000000, Max: 0x00000000, ABSOLUTE)

    Exec Addr    Load Addr    Size         Type   Attr      Idx    E Section Name        Object

    0x00000000        -       0x00000000   Zero   RW           18    __tz_ID_CODE_S.bss  anon$$obj.o


    Execution Region __tz_ID_CODE_N (Exec base: 0x00000000, Load base: 0x00000000, Size: 0x00000000, Max: 0x00000000, ABSOLUTE)

    Exec Addr    Load Addr    Size         Type   Attr      Idx    E Section Name        Object

    0x00000000        -       0x00000000   Zero   RW           19    __tz_ID_CODE_N.bss  anon$$obj.o



  Load Region LOAD_REGION_OPTION_SETTING (Base: 0x0300a100, Size: 0x00000080, Max: 0x00000100, ABSOLUTE)

    Execution Region __tz_OPTION_SETTING_S (Exec base: 0x0300a100, Load base: 0x0300a100, Size: 0x00000000, Max: 0x00000000, ABSOLUTE)

    Exec Addr    Load Addr    Size         Type   Attr      Idx    E Section Name        Object

    0x0300a100        -       0x00000000   Zero   RW           20    __tz_OPTION_SETTING_S.bss  anon$$obj.o


    Execution Region OFS0 (Exec base: 0x0300a100, Load base: 0x0300a100, Size: 0x00000004, Max: 0xffffffff, ABSOLUTE, FIXED)

    Exec Addr    Load Addr    Size         Type   Attr      Idx    E Section Name        Object

    0x0300a100   0x0300a100   0x00000004   Data   RO          985    .option_setting_ofs0  bsp_rom_registers.o


    Execution Region UNUSED_0 (Exec base: 0x0300a104, Load base: 0x0300a104, Size: 0x00000000, Max: 0x00000000, ABSOLUTE, FIXED)

    Exec Addr    Load Addr    Size         Type   Attr      Idx    E Section Name        Object

    0x0300a104        -       0x00000000   Zero   RW           21    UNUSED_0.bss        anon$$obj.o


    Execution Region OFS2 (Exec base: 0x0300a104, Load base: 0x0300a104, Size: 0x00000004, Max: 0xffffffff, ABSOLUTE, FIXED)

    Exec Addr    Load Addr    Size         Type   Attr      Idx    E Section Name        Object

    0x0300a104   0x0300a104   0x00000004   Data   RO          986    .option_setting_ofs2  bsp_rom_registers.o


    Execution Region UNUSED_1 (Exec base: 0x0300a108, Load base: 0x0300a108, Size: 0x00000008, Max: 0x00000008, ABSOLUTE, FIXED)

    Exec Addr    Load Addr    Size         Type   Attr      Idx    E Section Name        Object

    0x0300a108        -       0x00000008   Zero   RW           22    UNUSED_1.bss        anon$$obj.o


    Execution Region DUALSEL (Exec base: 0x0300a110, Load base: 0x0300a110, Size: 0x00000004, Max: 0xffffffff, ABSOLUTE, FIXED)

    Exec Addr    Load Addr    Size         Type   Attr      Idx    E Section Name        Object

    0x0300a110   0x0300a110   0x00000004   Data   RO          987    .option_setting_dualsel  bsp_rom_registers.o


    Execution Region UNUSED_2 (Exec base: 0x0300a114, Load base: 0x0300a114, Size: 0x00000020, Max: 0x00000020, ABSOLUTE, FIXED)

    Exec Addr    Load Addr    Size         Type   Attr      Idx    E Section Name        Object

    0x0300a114        -       0x00000020   Zero   RW           23    UNUSED_2.bss        anon$$obj.o


    Execution Region SAS (Exec base: 0x0300a134, Load base: 0x0300a134, Size: 0x00000004, Max: 0xffffffff, ABSOLUTE, FIXED)

    Exec Addr    Load Addr    Size         Type   Attr      Idx    E Section Name        Object

    0x0300a134   0x0300a134   0x00000004   Data   RO          988    .option_setting_sas  bsp_rom_registers.o


    Execution Region UNUSED_3 (Exec base: 0x0300a138, Load base: 0x0300a138, Size: 0x00000048, Max: 0x00000048, ABSOLUTE, FIXED)

    Exec Addr    Load Addr    Size         Type   Attr      Idx    E Section Name        Object

    0x0300a138        -       0x00000048   Zero   RW           24    UNUSED_3.bss        anon$$obj.o


    Execution Region __tz_OPTION_SETTING_N (Exec base: 0x0300a180, Load base: 0x0300a180, Size: 0x00000000, Max: 0x00000000, ABSOLUTE)

    Exec Addr    Load Addr    Size         Type   Attr      Idx    E Section Name        Object

    0x0300a180        -       0x00000000   Zero   RW           25    __tz_OPTION_SETTING_N.bss  anon$$obj.o



  Load Region LOAD_REGION_OPTION_SETTING_S (Base: 0x0300a200, Size: 0x00000100, Max: 0x00000100, ABSOLUTE)

    Execution Region __tz_OPTION_SETTING_S_S (Exec base: 0x0300a200, Load base: 0x0300a200, Size: 0x00000000, Max: 0x00000000, ABSOLUTE)

    Exec Addr    Load Addr    Size         Type   Attr      Idx    E Section Name        Object

    0x0300a200        -       0x00000000   Zero   RW           26    __tz_OPTION_SETTING_S_S.bss  anon$$obj.o


    Execution Region OFS1_SEC (Exec base: 0x0300a200, Load base: 0x0300a200, Size: 0x00000004, Max: 0xffffffff, ABSOLUTE, FIXED)

    Exec Addr    Load Addr    Size         Type   Attr      Idx    E Section Name        Object

    0x0300a200   0x0300a200   0x00000004   Data   RO          989    .option_setting_ofs1_sec  bsp_rom_registers.o


    Execution Region UNUSED_7 (Exec base: 0x0300a204, Load base: 0x0300a204, Size: 0x00000000, Max: 0x00000000, ABSOLUTE, FIXED)

    Exec Addr    Load Addr    Size         Type   Attr      Idx    E Section Name        Object

    0x0300a204        -       0x00000000   Zero   RW           27    UNUSED_7.bss        anon$$obj.o


    Execution Region OFS3_SEC (Exec base: 0x0300a204, Load base: 0x0300a204, Size: 0x00000000, Max: 0xffffffff, ABSOLUTE, FIXED)

    **** No section assigned to this execution region ****


    Execution Region UNUSED_8 (Exec base: 0x0300a204, Load base: 0x0300a204, Size: 0x0000000c, Max: 0x0000000c, ABSOLUTE, FIXED)

    Exec Addr    Load Addr    Size         Type   Attr      Idx    E Section Name        Object

    0x0300a204        -       0x0000000c   Zero   RW           28    UNUSED_8.bss        anon$$obj.o


    Execution Region BANKSEL_SEC (Exec base: 0x0300a210, Load base: 0x0300a210, Size: 0x00000004, Max: 0xffffffff, ABSOLUTE, FIXED)

    Exec Addr    Load Addr    Size         Type   Attr      Idx    E Section Name        Object

    0x0300a210   0x0300a210   0x00000004   Data   RO          990    .option_setting_banksel_sec  bsp_rom_registers.o


    Execution Region UNUSED_9 (Exec base: 0x0300a214, Load base: 0x0300a214, Size: 0x0000002c, Max: 0x0000002c, ABSOLUTE, FIXED)

    Exec Addr    Load Addr    Size         Type   Attr      Idx    E Section Name        Object

    0x0300a214        -       0x0000002c   Zero   RW           29    UNUSED_9.bss        anon$$obj.o


    Execution Region BPS_SEC (Exec base: 0x0300a240, Load base: 0x0300a240, Size: 0x00000010, Max: 0xffffffff, ABSOLUTE, FIXED)

    Exec Addr    Load Addr    Size         Type   Attr      Idx    E Section Name        Object

    0x0300a240   0x0300a240   0x00000004   Data   RO          991    .option_setting_bps_sec0  bsp_rom_registers.o
    0x0300a244   0x0300a244   0x00000004   Data   RO          992    .option_setting_bps_sec1  bsp_rom_registers.o
    0x0300a248   0x0300a248   0x00000004   Data   RO          993    .option_setting_bps_sec2  bsp_rom_registers.o
    0x0300a24c   0x0300a24c   0x00000004   Data   RO          994    .option_setting_bps_sec3  bsp_rom_registers.o


    Execution Region UNUSED_10 (Exec base: 0x0300a250, Load base: 0x0300a250, Size: 0x00000010, Max: 0x00000010, ABSOLUTE, FIXED)

    Exec Addr    Load Addr    Size         Type   Attr      Idx    E Section Name        Object

    0x0300a250        -       0x00000010   Zero   RW           30    UNUSED_10.bss       anon$$obj.o


    Execution Region PBPS_SEC (Exec base: 0x0300a260, Load base: 0x0300a260, Size: 0x00000010, Max: 0xffffffff, ABSOLUTE, FIXED)

    Exec Addr    Load Addr    Size         Type   Attr      Idx    E Section Name        Object

    0x0300a260   0x0300a260   0x00000004   Data   RO          995    .option_setting_pbps_sec0  bsp_rom_registers.o
    0x0300a264   0x0300a264   0x00000004   Data   RO          996    .option_setting_pbps_sec1  bsp_rom_registers.o
    0x0300a268   0x0300a268   0x00000004   Data   RO          997    .option_setting_pbps_sec2  bsp_rom_registers.o
    0x0300a26c   0x0300a26c   0x00000004   Data   RO          998    .option_setting_pbps_sec3  bsp_rom_registers.o


    Execution Region UNUSED_11 (Exec base: 0x0300a270, Load base: 0x0300a270, Size: 0x00000010, Max: 0x00000010, ABSOLUTE, FIXED)

    Exec Addr    Load Addr    Size         Type   Attr      Idx    E Section Name        Object

    0x0300a270        -       0x00000010   Zero   RW           31    UNUSED_11.bss       anon$$obj.o


    Execution Region OFS1_SEL (Exec base: 0x0300a280, Load base: 0x0300a280, Size: 0x00000004, Max: 0xffffffff, ABSOLUTE, FIXED)

    Exec Addr    Load Addr    Size         Type   Attr      Idx    E Section Name        Object

    0x0300a280   0x0300a280   0x00000004   Data   RO          999    .option_setting_ofs1_sel  bsp_rom_registers.o


    Execution Region UNUSED_12 (Exec base: 0x0300a284, Load base: 0x0300a284, Size: 0x00000000, Max: 0x00000000, ABSOLUTE, FIXED)

    Exec Addr    Load Addr    Size         Type   Attr      Idx    E Section Name        Object

    0x0300a284        -       0x00000000   Zero   RW           32    UNUSED_12.bss       anon$$obj.o


    Execution Region OFS3_SEL (Exec base: 0x0300a284, Load base: 0x0300a284, Size: 0x00000000, Max: 0xffffffff, ABSOLUTE, FIXED)

    **** No section assigned to this execution region ****


    Execution Region UNUSED_13 (Exec base: 0x0300a284, Load base: 0x0300a284, Size: 0x0000000c, Max: 0x0000000c, ABSOLUTE, FIXED)

    Exec Addr    Load Addr    Size         Type   Attr      Idx    E Section Name        Object

    0x0300a284        -       0x0000000c   Zero   RW           33    UNUSED_13.bss       anon$$obj.o


    Execution Region BANKSEL_SEL (Exec base: 0x0300a290, Load base: 0x0300a290, Size: 0x00000004, Max: 0xffffffff, ABSOLUTE, FIXED)

    Exec Addr    Load Addr    Size         Type   Attr      Idx    E Section Name        Object

    0x0300a290   0x0300a290   0x00000004   Data   RO         1000    .option_setting_banksel_sel  bsp_rom_registers.o


    Execution Region UNUSED_14 (Exec base: 0x0300a294, Load base: 0x0300a294, Size: 0x0000002c, Max: 0x0000002c, ABSOLUTE, FIXED)

    Exec Addr    Load Addr    Size         Type   Attr      Idx    E Section Name        Object

    0x0300a294        -       0x0000002c   Zero   RW           34    UNUSED_14.bss       anon$$obj.o


    Execution Region BPS_SEL (Exec base: 0x0300a2c0, Load base: 0x0300a2c0, Size: 0x00000010, Max: 0xffffffff, ABSOLUTE, FIXED)

    Exec Addr    Load Addr    Size         Type   Attr      Idx    E Section Name        Object

    0x0300a2c0   0x0300a2c0   0x00000004   Data   RO         1001    .option_setting_bps_sel0  bsp_rom_registers.o
    0x0300a2c4   0x0300a2c4   0x00000004   Data   RO         1002    .option_setting_bps_sel1  bsp_rom_registers.o
    0x0300a2c8   0x0300a2c8   0x00000004   Data   RO         1003    .option_setting_bps_sel2  bsp_rom_registers.o
    0x0300a2cc   0x0300a2cc   0x00000004   Data   RO         1004    .option_setting_bps_sel3  bsp_rom_registers.o


    Execution Region UNUSED_15 (Exec base: 0x0300a2d0, Load base: 0x0300a2d0, Size: 0x00000030, Max: 0x00000030, ABSOLUTE, FIXED)

    Exec Addr    Load Addr    Size         Type   Attr      Idx    E Section Name        Object

    0x0300a2d0        -       0x00000030   Zero   RW           35    UNUSED_15.bss       anon$$obj.o


    Execution Region __tz_OPTION_SETTING_S_N (Exec base: 0x0300a300, Load base: 0x0300a300, Size: 0x00000000, Max: 0x00000000, ABSOLUTE)

    Exec Addr    Load Addr    Size         Type   Attr      Idx    E Section Name        Object

    0x0300a300        -       0x00000000   Zero   RW           36    __tz_OPTION_SETTING_S_N.bss  anon$$obj.o



  Load Region LOAD_REGION_OPTION_SETTING_DATA_FLASH_S (Base: 0x27030080, Size: 0x00000300, Max: 0x00000800, ABSOLUTE)

    Execution Region __tz_OPTION_SETTING_DATA_FLASH_S_S (Exec base: 0x27030080, Load base: 0x27030080, Size: 0x00000000, Max: 0x00000000, ABSOLUTE)

    Exec Addr    Load Addr    Size         Type   Attr      Idx    E Section Name        Object

    0x27030080        -       0x00000000   Zero   RW           37    __tz_OPTION_SETTING_DATA_FLASH_S_S.bss  anon$$obj.o


    Execution Region FSBLCTRL0 (Exec base: 0x27030080, Load base: 0x27030080, Size: 0x00000004, Max: 0xffffffff, ABSOLUTE, FIXED)

    Exec Addr    Load Addr    Size         Type   Attr      Idx    E Section Name        Object

    0x27030080   0x27030080   0x00000004   Data   RO         1005    .option_setting_data_flash_fsblctrl0  bsp_rom_registers.o


    Execution Region UNUSED_16 (Exec base: 0x27030084, Load base: 0x27030084, Size: 0x00000000, Max: 0x00000000, ABSOLUTE, FIXED)

    Exec Addr    Load Addr    Size         Type   Attr      Idx    E Section Name        Object

    0x27030084        -       0x00000000   Zero   RW           38    UNUSED_16.bss       anon$$obj.o


    Execution Region FSBLCTRL1 (Exec base: 0x27030084, Load base: 0x27030084, Size: 0x00000004, Max: 0xffffffff, ABSOLUTE, FIXED)

    Exec Addr    Load Addr    Size         Type   Attr      Idx    E Section Name        Object

    0x27030084   0x27030084   0x00000004   Data   RO         1006    .option_setting_data_flash_fsblctrl1  bsp_rom_registers.o


    Execution Region UNUSED_17 (Exec base: 0x27030088, Load base: 0x27030088, Size: 0x00000000, Max: 0x00000000, ABSOLUTE, FIXED)

    Exec Addr    Load Addr    Size         Type   Attr      Idx    E Section Name        Object

    0x27030088        -       0x00000000   Zero   RW           39    UNUSED_17.bss       anon$$obj.o


    Execution Region FSBLCTRL2 (Exec base: 0x27030088, Load base: 0x27030088, Size: 0x00000004, Max: 0xffffffff, ABSOLUTE, FIXED)

    Exec Addr    Load Addr    Size         Type   Attr      Idx    E Section Name        Object

    0x27030088   0x27030088   0x00000004   Data   RO         1007    .option_setting_data_flash_fsblctrl2  bsp_rom_registers.o


    Execution Region UNUSED_18 (Exec base: 0x2703008c, Load base: 0x2703008c, Size: 0x00000000, Max: 0x00000000, ABSOLUTE, FIXED)

    Exec Addr    Load Addr    Size         Type   Attr      Idx    E Section Name        Object

    0x2703008c        -       0x00000000   Zero   RW           40    UNUSED_18.bss       anon$$obj.o


    Execution Region SACC0 (Exec base: 0x2703008c, Load base: 0x2703008c, Size: 0x00000004, Max: 0xffffffff, ABSOLUTE, FIXED)

    Exec Addr    Load Addr    Size         Type   Attr      Idx    E Section Name        Object

    0x2703008c   0x2703008c   0x00000004   Data   RO         1008    .option_setting_data_flash_sacc0  bsp_rom_registers.o


    Execution Region UNUSED_19 (Exec base: 0x27030090, Load base: 0x27030090, Size: 0x00000000, Max: 0x00000000, ABSOLUTE, FIXED)

    Exec Addr    Load Addr    Size         Type   Attr      Idx    E Section Name        Object

    0x27030090        -       0x00000000   Zero   RW           41    UNUSED_19.bss       anon$$obj.o


    Execution Region SACC1 (Exec base: 0x27030090, Load base: 0x27030090, Size: 0x00000004, Max: 0xffffffff, ABSOLUTE, FIXED)

    Exec Addr    Load Addr    Size         Type   Attr      Idx    E Section Name        Object

    0x27030090   0x27030090   0x00000004   Data   RO         1009    .option_setting_data_flash_sacc1  bsp_rom_registers.o


    Execution Region UNUSED_20 (Exec base: 0x27030094, Load base: 0x27030094, Size: 0x00000000, Max: 0x00000000, ABSOLUTE, FIXED)

    Exec Addr    Load Addr    Size         Type   Attr      Idx    E Section Name        Object

    0x27030094        -       0x00000000   Zero   RW           42    UNUSED_20.bss       anon$$obj.o


    Execution Region SAMR (Exec base: 0x27030094, Load base: 0x27030094, Size: 0x00000004, Max: 0xffffffff, ABSOLUTE, FIXED)

    Exec Addr    Load Addr    Size         Type   Attr      Idx    E Section Name        Object

    0x27030094   0x27030094   0x00000004   Data   RO         1010    .option_setting_data_flash_samr  bsp_rom_registers.o


    Execution Region UNUSED_21 (Exec base: 0x27030098, Load base: 0x27030098, Size: 0x000002c8, Max: 0x000002c8, ABSOLUTE, FIXED)

    Exec Addr    Load Addr    Size         Type   Attr      Idx    E Section Name        Object

    0x27030098        -       0x000002c8   Zero   RW           43    UNUSED_21.bss       anon$$obj.o


    Execution Region HOEMRTPK (Exec base: 0x27030360, Load base: 0x27030360, Size: 0x00000000, Max: 0xffffffff, ABSOLUTE, FIXED)

    **** No section assigned to this execution region ****


    Execution Region UNUSED_22 (Exec base: 0x27030360, Load base: 0x27030360, Size: 0x00000020, Max: 0x00000020, ABSOLUTE, FIXED)

    Exec Addr    Load Addr    Size         Type   Attr      Idx    E Section Name        Object

    0x27030360        -       0x00000020   Zero   RW           44    UNUSED_22.bss       anon$$obj.o


    Execution Region __tz_OPTION_SETTING_DATA_FLASH_S_N (Exec base: 0x27030380, Load base: 0x27030380, Size: 0x00000000, Max: 0x00000000, ABSOLUTE)

    Exec Addr    Load Addr    Size         Type   Attr      Idx    E Section Name        Object

    0x27030380        -       0x00000000   Zero   RW           45    __tz_OPTION_SETTING_DATA_FLASH_S_N.bss  anon$$obj.o



  Load Region LOAD_REGION_DATA_FLASH (Base: 0x27000000, Size: 0x00000000, Max: 0x00003000, ABSOLUTE)

    Execution Region __tz_DATA_FLASH_S (Exec base: 0x27000000, Load base: 0x27000000, Size: 0x00000000, Max: 0x00000000, ABSOLUTE)

    Exec Addr    Load Addr    Size         Type   Attr      Idx    E Section Name        Object

    0x27000000        -       0x00000000   Zero   RW           46    __tz_DATA_FLASH_S.bss  anon$$obj.o


    Execution Region DATA_FLASH (Exec base: 0x27000000, Load base: 0x27000000, Size: 0x00000000, Max: 0xffffffff, ABSOLUTE)

    **** No section assigned to this execution region ****


    Execution Region __tz_DATA_FLASH_N (Exec base: 0x27000000, Load base: 0x27000000, Size: 0x00000000, Max: 0x00000000, ABSOLUTE)

    Exec Addr    Load Addr    Size         Type   Attr      Idx    E Section Name        Object

    0x27000000        -       0x00000000   Zero   RW           47    __tz_DATA_FLASH_N.bss  anon$$obj.o



  Load Region LOAD_REGION_QSPI_FLASH (Base: 0x60000000, Size: 0x00000000, Max: 0x00000000, ABSOLUTE)

    Execution Region __tz_QSPI_FLASH_S (Exec base: 0x60000000, Load base: 0x60000000, Size: 0x00000000, Max: 0x00000000, ABSOLUTE)

    Exec Addr    Load Addr    Size         Type   Attr      Idx    E Section Name        Object

    0x60000000        -       0x00000000   Zero   RW           48    __tz_QSPI_FLASH_S.bss  anon$$obj.o


    Execution Region QSPI_FLASH (Exec base: 0x60000000, Load base: 0x60000000, Size: 0x00000000, Max: 0xffffffff, ABSOLUTE, FIXED)

    **** No section assigned to this execution region ****


    Execution Region __tz_QSPI_FLASH_N (Exec base: 0x60000000, Load base: 0x60000000, Size: 0x00000000, Max: 0x00000000, ABSOLUTE)

    Exec Addr    Load Addr    Size         Type   Attr      Idx    E Section Name        Object

    0x60000000        -       0x00000000   Zero   RW           49    __tz_QSPI_FLASH_N.bss  anon$$obj.o



  Load Region LOAD_REGION_OSPI_DEVICE_0 (Base: 0x80000000, Size: 0x00000000, Max: 0x10000000, ABSOLUTE)

    Execution Region __tz_OSPI_DEVICE_0_S (Exec base: 0x80000000, Load base: 0x80000000, Size: 0x00000000, Max: 0x00000000, ABSOLUTE)

    Exec Addr    Load Addr    Size         Type   Attr      Idx    E Section Name        Object

    0x80000000        -       0x00000000   Zero   RW           50    __tz_OSPI_DEVICE_0_S.bss  anon$$obj.o


    Execution Region OSPI_DEVICE_0 (Exec base: 0x80000000, Load base: 0x80000000, Size: 0x00000000, Max: 0xffffffff, ABSOLUTE, FIXED)

    **** No section assigned to this execution region ****


    Execution Region __tz_OSPI_DEVICE_0_N (Exec base: 0x80000000, Load base: 0x80000000, Size: 0x00000000, Max: 0x00000000, ABSOLUTE)

    Exec Addr    Load Addr    Size         Type   Attr      Idx    E Section Name        Object

    0x80000000        -       0x00000000   Zero   RW           51    __tz_OSPI_DEVICE_0_N.bss  anon$$obj.o



  Load Region LOAD_REGION_OSPI_DEVICE_1 (Base: 0x90000000, Size: 0x00000000, Max: 0x10000000, ABSOLUTE)

    Execution Region __tz_OSPI_DEVICE_1_S (Exec base: 0x90000000, Load base: 0x90000000, Size: 0x00000000, Max: 0x00000000, ABSOLUTE)

    Exec Addr    Load Addr    Size         Type   Attr      Idx    E Section Name        Object

    0x90000000        -       0x00000000   Zero   RW           52    __tz_OSPI_DEVICE_1_S.bss  anon$$obj.o


    Execution Region OSPI_DEVICE_1 (Exec base: 0x90000000, Load base: 0x90000000, Size: 0x00000000, Max: 0xffffffff, ABSOLUTE, FIXED)

    **** No section assigned to this execution region ****


    Execution Region __tz_OSPI_DEVICE_1_N (Exec base: 0x90000000, Load base: 0x90000000, Size: 0x00000000, Max: 0x00000000, ABSOLUTE)

    Exec Addr    Load Addr    Size         Type   Attr      Idx    E Section Name        Object

    0x90000000        -       0x00000000   Zero   RW           53    __tz_OSPI_DEVICE_1_N.bss  anon$$obj.o



  Load Region LOAD_REGION_SDRAM (Base: 0x68000000, Size: 0x00000000, Max: 0x08000000, ABSOLUTE)

    Execution Region __tz_SDRAM_S (Exec base: 0x68000000, Load base: 0x68000000, Size: 0x00000000, Max: 0x00000000, ABSOLUTE)

    Exec Addr    Load Addr    Size         Type   Attr      Idx    E Section Name        Object

    0x68000000        -       0x00000000   Zero   RW           54    __tz_SDRAM_S.bss    anon$$obj.o


    Execution Region SDRAM (Exec base: 0x68000000, Load base: 0x68000000, Size: 0x00007d60, Max: 0xffffffff, ABSOLUTE, FIXED)

    Exec Addr    Load Addr    Size         Type   Attr      Idx    E Section Name        Object

    0x68000000        -       0x00000800   Zero   RW           97    .bss.sdram          fatigue_detect.o
    0x68000800        -       0x00003480   Zero   RW          166    .bss.sdram          cnn_inference.o
    0x68003c80        -       0x00000d20   Zero   RW          167    .bss.sdram          cnn_inference.o
    0x680049a0        -       0x00001040   Zero   RW          168    .bss.sdram          cnn_inference.o
    0x680059e0        -       0x00000300   Zero   RW          169    .bss.sdram          cnn_inference.o
    0x68005ce0        -       0x00000080   Zero   RW          170    .bss.sdram          cnn_inference.o
    0x68005d60        -       0x00002000   Zero   RW          172    .bss.sdram          cnn_inference.o


    Execution Region NOCACHE_SDRAM (Exec base: 0x68007d60, Load base: 0x68000000, Size: 0x00000000, Max: 0xffffffff, ABSOLUTE, UNINIT)

    **** No section assigned to this execution region ****


    Execution Region NOCACHE_SDRAM_PAD (Exec base: 0x68007d60, Load base: 0x68000000, Size: 0x00000000, Max: 0x00000000, ABSOLUTE)

    Exec Addr    Load Addr    Size         Type   Attr      Idx    E Section Name        Object

    0x68007d60        -       0x00000000   Zero   RW           55    NOCACHE_SDRAM_PAD.bss  anon$$obj.o


    Execution Region __tz_SDRAM_N (Exec base: 0x68007d60, Load base: 0x68000000, Size: 0x00000000, Max: 0x00000000, ABSOLUTE)

    Exec Addr    Load Addr    Size         Type   Attr      Idx    E Section Name        Object

    0x68007d60        -       0x00000000   Zero   RW           56    __tz_SDRAM_N.bss    anon$$obj.o


==============================================================================

Image component sizes


      Code (inc. data)   RO Data    RW Data    ZI Data      Debug   Object Name

       306          6     115951          0          1       1847   audio_player.o
      1492          0          0          0         44      47898   bsp_clocks.o
         8          0         78          0          0       9814   bsp_common.o
       226          0          0          0          0       1493   bsp_delay.o
       192          0          0          0         64      13504   bsp_group_irq.o
         0          0          0          0          4        527   bsp_io.o
        76          0          0          0        384      14742   bsp_irq.o
       266          0          8          0          8      34672   bsp_register_protection.o
         0          0        104          0          0       1431   bsp_rom_registers.o
         0          0         48          0          0       1058   bsp_security.o
      1842          8      30472          0      30056       4730   cnn_inference.o
         0          0         12          0          8      17685   common_data.o
      2630          4        476          0       2123      18973   fatigue_detect.o
         0          0        213          8        144     123126   hal_data.o
       150          0        156          0          0       7734   hal_entry.o
      1012         16        355          1          9       3605   hmi_display.o
        20          0          0          0          0        445   main.o
         0          0        932          0          0       8080   pin_data.o
       368          0          0          0          0      95364   r_adc.o
       322          0          0          0          0      65370   r_agt.o
      1750          0         20          0          0      34088   r_ceu.o
      1008          0         20          0          0      18931   r_dac.o
         0          0          0        384          0      24780   r_dtc.o
      1744          0         58          0          0      68101   r_ioport.o
       624          0          0          0          0      71881   r_sci_b_spi.o
      3400          0         75          0          0      80430   r_sci_b_uart.o
      1060          0          0          0          0      81665   r_sdhi.o
      1040          0          0          0          0      72581   r_spi_b.o
         0          0          0          0          4      47057   r_usb_basic.o
        90          0          0          0          0      47866   r_usb_creg_access.o
       384          0          0          0          0      49443   r_usb_mcu.o
       140          0          0          0         68      16241   r_usb_pinthandler_usbip0.o
      1214          0          0          0          2      36466   r_usb_preg_abs.o
        96          0          0          0          0      22334   r_usb_preg_access.o
       412          0          0          0          0      18618   ra_driver_sdram.o
        18          0         64          0      73728       1007   startup.o
       846          0          0          0          4      46457   system.o
         0          0        576          0          0      11001   vector_data.o
       142          0         60          0          1       1990   voice_assistant.o
       136          0          0          0          1       2019   zf_common_debug.o
      1490        176          0          0          0       7852   zf_common_function.o
       162          0          0         40      38401      16398   zf_device_mt9v03x.o
        78          0          0          0          0       7798   zf_driver_dac.o
        38          0          0          0          0        875   zf_driver_delay.o
       120          0          0          0          0       8083   zf_driver_gpio.o
      1094          0          0          0          0      14557   zf_driver_soft_iic.o
       210          0          0          0          5      10575   zf_driver_uart.o

    ----------------------------------------------------------------------
     26896        218     149694       1404     146124    1291192   Object Totals
         0          0          0          0       1056          0   (incl. Generated)
       690          8         16        971          9          0   (incl. Padding)

    ----------------------------------------------------------------------

      Code (inc. data)   RO Data    RW Data    ZI Data      Debug   Library Member Name

         0          0          0          0          0          0   iusefp.o
        98          0          0          0          0         84   ldiv.o
        30          0          0          0          0         68   llshl.o
        36          0          0          0          0         68   llsshr.o
        32          0          0          0          0         68   llushr.o
        36          0          0          0          0         68   memcpya.o
        36          0          0          0          0        108   memseta.o
      2258         90          0          0          0        452   printfa.o
         0          0          0          4          0          0   stdout.o
        44          0          0          0          0         80   uidiv.o
        98          0          0          0          0         92   uldiv.o
        48          0          0          0          0         68   cdrcmple.o
       334          0          0          0          0        148   dadd.o
       222          0          0          0          0        100   ddiv.o
       186          0          0          0          0        176   depilogue.o
        48          0          0          0          0         68   dfixul.o
       228          0          0          0          0         96   dmul.o
      2588          0          0          0         44       7075   zf_device_config.o

    ----------------------------------------------------------------------
      6338         90          0          4         52       8819   Library Totals
        16          0          0          0          8          0   (incl. Padding)

    ----------------------------------------------------------------------

      Code (inc. data)   RO Data    RW Data    ZI Data      Debug   Library Name

      2668         90          0          4          0       1088   mc_w.l
      1066          0          0          0          0        656   mf_w.l
      2588          0          0          0         44       7075   zf_device_config.lib

    ----------------------------------------------------------------------
      6338         90          0          4         52       8819   Library Totals

    ----------------------------------------------------------------------

==============================================================================


      Code (inc. data)   RO Data    RW Data    ZI Data      Debug   

     33234        308     149694       1408     146176    1298367   Grand Totals
     33234        308     149694       1408     146176    1298367   ELF Image Totals
     33234        308     149694       1408          0          0   ROM Totals

==============================================================================

    Total RO  Size (Code + RO Data)               182928 ( 178.64kB)
    Total RW  Size (RW Data + ZI Data)            147584 ( 144.12kB)
    Total ROM Size (Code + RO Data + RW Data)     184336 ( 180.02kB)

==============================================================================

