<html>
<body>
<pre>
<h1>µVision Build Log</h1>
<h2>Tool Versions:</h2>
IDE-Version: ¦ÌVision V5.38.0.0
Copyright (C) 2022 ARM Ltd and ARM Germany GmbH. All rights reserved.
License Information: 1 Nizhenghang, 1, LIC=NQQMA-1S48F-MMQ9I-T36F5-57IGE-6HRH3
 
Tool Versions:
Toolchain:       MDK-ARM Plus  Version: 5.38.0.0
Toolchain Path:  D:\Download\Keil MDK\ARM\ARMCLANG\Bin
C Compiler:      ArmClang.exe V6.19
Assembler:       Armasm.exe V6.19
Linker/Locator:  ArmLink.exe V6.19
Library Manager: ArmAr.exe V6.19
Hex Converter:   FromElf.exe V6.19
CPU DLL:         
Dialog DLL:      
Target DLL:      CMSIS_AGDI_V8M.DLL V1.7.20.0
Dialog DLL:      TCM.DLL V1.56.4.0
 
<h2>Project:</h2>
D:\Nizhenghang\Project\QianSai\E18_usb_cdc_demo\zf_ra_motherboard_demo.uvprojx
Project File Date:  06/27/2026

<h2>Output:</h2>
*** Using Compiler 'V6.19', folder: 'D:\Download\Keil MDK\ARM\ARMCLANG\Bin'
Rebuild target 'Target 1'
compiling zf_driver_gpio.c...
compiling hal_entry.c...
compiling zf_driver_soft_iic.c...
compiling image_export.c...
compiling zf_driver_encoder.c...
compiling audio_player.c...
compiling zf_common_debug.c...
compiling zf_common_fifo.c...
compiling fatigue_detect.c...
compiling cnn_inference.c...
compiling r_usb_pcdc_descriptor.c...
compiling zf_driver_delay.c...
compiling ra_driver_sdram.c...
compiling zf_driver_usb_cdc.c...
compiling zf_driver_pit.c...
compiling zf_driver_dac.c...
compiling zf_driver_pwm.c...
compiling zf_driver_adc.c...
compiling zf_driver_uart.c...
compiling voice_assistant.c...
compiling zf_driver_sd.c...
compiling hmi_display.c...
compiling zf_common_function.c...
compiling zf_device_imu660ra.c...
compiling zf_device_scc8660.c...
compiling zf_device_wifi_uart.c...
compiling zf_device_ips200pro.c...
compiling startup.c...
compiling zf_device_mt9v03x.c...
compiling system.c...
compiling bsp_sbrk.c...
compiling bsp_common.c...
compiling bsp_delay.c...
compiling bsp_group_irq.c...
compiling bsp_guard.c...
compiling bsp_clocks.c...
compiling bsp_io.c...
compiling bsp_macl.c...
compiling bsp_irq.c...
compiling bsp_register_protection.c...
compiling bsp_rom_registers.c...
compiling bsp_sdram.c...
compiling bsp_security.c...
compiling r_dac.c...
compiling r_adc.c...
compiling r_agt.c...
compiling r_ceu.c...
compiling r_dtc.c...
compiling r_ioport.c...
compiling r_sci_b_spi.c...
compiling r_gpt.c...
compiling r_sci_b_uart.c...
compiling r_sdhi.c...
compiling r_spi_b.c...
compiling r_usb_cdataio.c...
compiling r_usb_clibusbip.c...
compiling r_usb_basic.c...
compiling r_usb_cstd_rtos.c...
compiling r_usb_hcontrolrw.c...
compiling r_usb_hbc.c...
compiling r_usb_hinthandler_usbip1.c...
compiling r_usb_hhubsys.c...
compiling r_usb_hinthandler_usbip0.c...
compiling r_usb_hintfifo.c...
compiling r_usb_hdriver.c...
compiling r_usb_hmanager.c...
compiling r_usb_hlibusbip.c...
compiling r_usb_hscheduler.c...
compiling r_usb_hsignal.c...
compiling r_usb_hstdfunction.c...
compiling r_usb_pbc.c...
compiling r_usb_pintfifo.c...
compiling r_usb_pcontrolrw.c...
compiling r_usb_pinthandler_usbip0.c...
compiling r_usb_pstdfunction.c...
compiling r_usb_psignal.c...
compiling r_usb_pdriver.c...
compiling r_usb_plibusbip.c...
compiling r_usb_pstdrequest.c...
compiling r_usb_creg_abs.c...
compiling r_usb_dma.c...
compiling r_usb_hostelectrical.c...
compiling r_usb_hreg_access.c...
compiling r_usb_creg_access.c...
compiling r_usb_hreg_abs.c...
compiling common_data.c...
compiling r_usb_preg_access.c...
compiling r_usb_mcu.c...
compiling pin_data.c...
compiling r_usb_preg_abs.c...
compiling vector_data.c...
compiling r_usb_pcdc_driver.c...
compiling main.c...
compiling hal_data.c...
linking...
Program Size: Code=33234 RO-data=149694 RW-data=1408 ZI-data=146176  
FromELF: creating hex file...
".\Objects\zf_ra_motherboard_demo.axf" - 0 Error(s), 0 Warning(s).

<h2>Software Packages used:</h2>

Package Vendor: Renesas
                
                Renesas.Project Content.1.0.0
                Project content managed by the Renesas Smart Configurator
   * Component: Build Configuration Version: 
   * Component: ra Version: 
   * Component: Generated Data Version: 
   * Component: Linker Script Version: 

Package Vendor: Renesas
                https://www2.renesas.eu/Keil_MDK_Packs/Renesas.RA_DFP.6.4.0.pack
                Renesas.RA_DFP.6.4.0
                Renesas RA series device family pack
   * Component: RA Configuration Version: 1.0.0

<h2>Collection of Component include folders:</h2>
  ./RTE/_Target_1
  ./ra/arm/CMSIS_6/CMSIS/Core/Include
  ./ra/fsp/inc
  ./ra/fsp/inc/api
  ./ra/fsp/inc/instances
  ./ra/fsp/src/r_usb_basic/src/driver/inc
  ./ra_cfg/fsp_cfg
  ./ra_cfg/fsp_cfg/bsp
  ./ra_gen
  D:/Nizhenghang/Project/QianSai/E18_usb_cdc_demo

<h2>Collection of Component Files used:</h2>

   * Component: Renesas::Flex Software:Build Configuration
      Include file:  ra_cfg/fsp_cfg/bsp/board_cfg.h
      Include file:  ra_cfg/fsp_cfg/bsp/bsp_cfg.h
      Include file:  ra_cfg/fsp_cfg/bsp/bsp_mcu_device_cfg.h
      Include file:  ra_cfg/fsp_cfg/bsp/bsp_mcu_device_pn_cfg.h
      Include file:  ra_cfg/fsp_cfg/bsp/bsp_mcu_family_cfg.h
      Include file:  ra_cfg/fsp_cfg/bsp/bsp_pin_cfg.h
      Include file:  ra_cfg/fsp_cfg/r_adc_cfg.h
      Include file:  ra_cfg/fsp_cfg/r_agt_cfg.h
      Include file:  ra_cfg/fsp_cfg/r_ceu_cfg.h
      Include file:  ra_cfg/fsp_cfg/r_sdhi_cfg.h
      Include file:  ra_cfg/fsp_cfg/r_spi_b_cfg.h
      Include file:  ra_cfg/fsp_cfg/r_sci_b_spi_cfg.h
      Include file:  ra_cfg/fsp_cfg/r_dtc_cfg.h
      Include file:  ra_cfg/fsp_cfg/r_usb_class_cfg.h
      Include file:  ra_cfg/fsp_cfg/r_dac_cfg.h
      Include file:  ra_cfg/fsp_cfg/r_usb_pcdc_cfg.h
      Include file:  ra_cfg/fsp_cfg/r_sci_b_uart_cfg.h
      Include file:  ra_cfg/fsp_cfg/r_gpt_cfg.h
      Include file:  ra_cfg/fsp_cfg/r_ioport_cfg.h
      Include file:  ra_cfg/fsp_cfg/r_usb_basic_cfg.h

   * Component: Renesas::Flex Software:Components:ra
      Include file:  ra/arm/CMSIS_6/CMSIS/Core/Include/a-profile/irq_ctrl.h
      Include file:  ra/arm/CMSIS_6/CMSIS/Core/Include/a-profile/cmsis_gcc_a.h
      Include file:  ra/arm/CMSIS_6/CMSIS/Core/Include/cmsis_compiler.h
      Include file:  ra/arm/CMSIS_6/CMSIS/Core/Include/cmsis_clang.h
      Include file:  ra/arm/CMSIS_6/CMSIS/Core/Include/cmsis_gcc.h
      Include file:  ra/arm/CMSIS_6/CMSIS/Core/Include/cmsis_version.h
      Include file:  ra/arm/CMSIS_6/CMSIS/Core/Include/core_ca.h
      Include file:  ra/arm/CMSIS_6/CMSIS/Core/Include/core_cm0.h
      Include file:  ra/arm/CMSIS_6/CMSIS/Core/Include/cmsis_armclang.h
      Include file:  ra/arm/CMSIS_6/CMSIS/Core/Include/a-profile/cmsis_armclang_a.h
      Include file:  ra/arm/CMSIS_6/CMSIS/Core/Include/core_cm0plus.h
      Include file:  ra/arm/CMSIS_6/CMSIS/Core/Include/core_cm1.h
      Include file:  ra/arm/CMSIS_6/CMSIS/Core/Include/core_cm23.h
      Include file:  ra/arm/CMSIS_6/CMSIS/Core/Include/a-profile/cmsis_iccarm_a.h
      Include file:  ra/arm/CMSIS_6/CMSIS/Core/Include/a-profile/cmsis_clang_a.h
      Include file:  ra/arm/CMSIS_6/CMSIS/Core/Include/core_cm33.h
      Include file:  ra/arm/CMSIS_6/CMSIS/Core/Include/core_cm3.h
      Include file:  ra/arm/CMSIS_6/CMSIS/Core/Include/a-profile/cmsis_cp15.h
      Include file:  ra/arm/CMSIS_6/CMSIS/Core/Include/core_cm35p.h
      Include file:  ra/arm/CMSIS_6/CMSIS/Core/Include/core_sc300.h
      Include file:  ra/arm/CMSIS_6/CMSIS/Core/Include/m-profile/cmsis_gcc_m.h
      Include file:  ra/arm/CMSIS_6/CMSIS/Core/Include/core_cm85.h
      Include file:  ra/arm/CMSIS_6/CMSIS/Core/Include/m-profile/cmsis_tiarmclang_m.h
      Include file:  ra/arm/CMSIS_6/CMSIS/Core/Include/r-profile/cmsis_gcc_r.h
      Include file:  ra/arm/CMSIS_6/CMSIS/Core/Include/core_cm7.h
      Include file:  ra/arm/CMSIS_6/CMSIS/Core/Include/core_sc000.h
      Include file:  ra/arm/CMSIS_6/CMSIS/Core/Include/r-profile/cmsis_clang_r.h
      Include file:  ra/fsp/inc/api/bsp_api.h
      Include file:  ra/fsp/inc/api/fsp_common_api.h
      Include file:  ra/fsp/inc/api/r_adc_api.h
      Include file:  ra/fsp/inc/api/r_capture_api.h
      Include file:  ra/arm/CMSIS_6/CMSIS/Core/Include/m-profile/armv8m_pmu.h
      Include file:  ra/fsp/inc/api/r_dac_api.h
      Include file:  ra/fsp/inc/api/r_elc_api.h
      Include file:  ra/fsp/inc/api/r_ioport_api.h
      Include file:  ra/fsp/inc/api/r_sdmmc_api.h
      Include file:  ra/arm/CMSIS_6/CMSIS/Core/Include/m-profile/cmsis_iccarm_m.h
      Include file:  ra/fsp/inc/api/r_spi_api.h
      Include file:  ra/arm/CMSIS_6/CMSIS/Core/Include/core_cm55.h
      Include file:  ra/arm/CMSIS_6/CMSIS/Core/Include/m-profile/armv7m_mpu.h
      Include file:  ra/arm/CMSIS_6/CMSIS/Core/Include/core_cm52.h
      Include file:  ra/arm/CMSIS_6/CMSIS/Core/Include/m-profile/armv7m_cachel1.h
      Include file:  ra/arm/CMSIS_6/CMSIS/Core/Include/m-profile/armv8m_mpu.h
      Include file:  ra/arm/CMSIS_6/CMSIS/Core/Include/core_starmc1.h
      Include file:  ra/arm/CMSIS_6/CMSIS/Core/Include/m-profile/cmsis_armclang_m.h
      Include file:  ra/arm/CMSIS_6/CMSIS/Core/Include/r-profile/cmsis_armclang_r.h
      Include file:  ra/arm/CMSIS_6/CMSIS/Core/Include/m-profile/armv81m_pac.h
      Include file:  ra/arm/CMSIS_6/CMSIS/Core/Include/m-profile/cmsis_clang_m.h
      Include file:  ra/arm/CMSIS_6/CMSIS/Core/Include/tz_context.h
      Include file:  ra/arm/CMSIS_6/CMSIS/Core/Include/core_cm4.h
      Include file:  ra/fsp/inc/instances/r_usb_basic.h
      Source file:   ra/fsp/src/bsp/mcu/all/bsp_common.c
      Include file:  ra/fsp/src/bsp/mcu/all/bsp_compiler_support.h
      Source file:   ra/fsp/src/bsp/mcu/all/bsp_delay.c
      Include file:  ra/fsp/src/bsp/mcu/all/bsp_delay.h
      Include file:  ra/fsp/src/bsp/mcu/all/bsp_common.h
      Include file:  ra/fsp/inc/api/r_usb_pcdc_api.h
      Include file:  ra/fsp/inc/instances/r_dac.h
      Include file:  ra/fsp/inc/instances/r_spi_b.h
      Include file:  ra/fsp/inc/api/r_uart_api.h
      Include file:  ra/fsp/inc/instances/r_adc.h
      Include file:  ra/fsp/src/bsp/cmsis/Device/RENESAS/Include/renesas.h
      Include file:  ra/fsp/inc/api/r_transfer_api.h
      Include file:  ra/fsp/inc/instances/r_dtc.h
      Include file:  ra/fsp/inc/fsp_version.h
      Include file:  ra/fsp/inc/instances/r_gpt.h
      Include file:  ra/fsp/src/bsp/cmsis/Device/RENESAS/Include/system.h
      Source file:   ra/fsp/src/bsp/mcu/all/bsp_clocks.c
      Include file:  ra/fsp/inc/instances/r_ceu.h
      Include file:  ra/fsp/inc/instances/r_sdhi.h
      Include file:  ra/fsp/inc/instances/r_agt.h
      Source file:   ra/fsp/src/bsp/cmsis/Device/RENESAS/Source/startup.c
      Include file:  ra/fsp/inc/api/r_timer_api.h
      Include file:  ra/fsp/inc/instances/r_ioport.h
      Include file:  ra/fsp/inc/instances/r_sci_b_spi.h
      Include file:  ra/fsp/src/bsp/cmsis/Device/RENESAS/Include/R7FA8D1BH.h
      Source file:   ra/fsp/src/bsp/cmsis/Device/RENESAS/Source/system.c
      Include file:  ra/fsp/src/bsp/mcu/all/board_sdram.h
      Include file:  ra/fsp/inc/instances/r_sci_b_uart.h
      Include file:  ra/fsp/inc/fsp_features.h
      Include file:  ra/fsp/src/bsp/mcu/all/bsp_clocks.h
      Include file:  ra/fsp/inc/api/r_usb_basic_api.h
      Include file:  ra/fsp/src/bsp/mcu/all/bsp_register_protection.h
      Source file:   ra/fsp/src/bsp/mcu/all/bsp_rom_registers.c
      Include file:  ra/fsp/src/bsp/mcu/all/bsp_irq.h
      Source file:   ra/fsp/src/bsp/mcu/all/bsp_sdram.c
      Include file:  ra/fsp/src/bsp/mcu/all/bsp_sdram.h
      Source file:   ra/fsp/src/bsp/mcu/all/bsp_security.c
      Include file:  ra/fsp/src/bsp/mcu/all/bsp_security.h
      Include file:  ra/fsp/src/bsp/mcu/all/bsp_tfu.h
      Include file:  ra/fsp/src/bsp/mcu/all/bsp_macl.h
      Source file:   ra/fsp/src/bsp/mcu/all/bsp_io.c
      Include file:  ra/fsp/src/bsp/mcu/all/bsp_mcu_api.h
      Include file:  ra/fsp/src/bsp/mcu/ra8d1/bsp_feature.h
      Include file:  ra/fsp/src/bsp/mcu/all/bsp_guard.h
      Include file:  ra/fsp/src/bsp/mcu/ra8d1/bsp_mcu_info.h
      Include file:  ra/fsp/src/bsp/mcu/ra8d1/bsp_override.h
      Include file:  ra/fsp/src/bsp/mcu/all/bsp_exceptions.h
      Include file:  ra/fsp/src/bsp/mcu/all/bsp_mmf.h
      Source file:   ra/fsp/src/bsp/mcu/all/bsp_register_protection.c
      Source file:   ra/fsp/src/r_adc/r_adc.c
      Source file:   ra/fsp/src/r_ceu/r_ceu.c
      Include file:  ra/fsp/src/bsp/mcu/ra8d1/bsp_elc.h
      Include file:  ra/fsp/src/bsp/mcu/ra8d1/bsp_peripheral.h
      Source file:   ra/fsp/src/r_agt/r_agt.c
      Source file:   ra/fsp/src/r_dac/r_dac.c
      Source file:   ra/fsp/src/bsp/mcu/all/bsp_sbrk.c
      Source file:   ra/fsp/src/bsp/mcu/all/bsp_group_irq.c
      Include file:  ra/fsp/src/bsp/mcu/all/bsp_group_irq.h
      Source file:   ra/fsp/src/bsp/mcu/all/bsp_guard.c
      Include file:  ra/fsp/src/bsp/mcu/all/bsp_io.h
      Source file:   ra/fsp/src/bsp/mcu/all/bsp_irq.c
      Source file:   ra/fsp/src/bsp/mcu/all/bsp_macl.c
      Include file:  ra/fsp/src/bsp/mcu/all/bsp_module_stop.h
      Source file:   ra/fsp/src/r_usb_basic/src/driver/r_usb_hinthandler_usbip0.c
      Source file:   ra/fsp/src/r_sci_b_spi/r_sci_b_spi.c
      Include file:  ra/fsp/src/r_sdhi/r_sdhi_private.h
      Source file:   ra/fsp/src/r_usb_basic/src/driver/r_usb_hbc.c
      Source file:   ra/fsp/src/r_usb_basic/src/driver/r_usb_hmanager.c
      Source file:   ra/fsp/src/r_usb_basic/src/driver/r_usb_hscheduler.c
      Source file:   ra/fsp/src/r_gpt/r_gpt.c
      Source file:   ra/fsp/src/r_usb_basic/src/driver/r_usb_hcontrolrw.c
      Source file:   ra/fsp/src/r_usb_basic/src/driver/r_usb_hsignal.c
      Source file:   ra/fsp/src/r_usb_basic/src/driver/r_usb_hstdfunction.c
      Source file:   ra/fsp/src/r_usb_basic/src/driver/r_usb_pbc.c
      Source file:   ra/fsp/src/r_usb_basic/src/driver/r_usb_pcontrolrw.c
      Source file:   ra/fsp/src/r_usb_basic/src/driver/r_usb_pdriver.c
      Source file:   ra/fsp/src/r_usb_basic/r_usb_basic.c
      Include file:  ra/fsp/src/r_usb_basic/src/driver/inc/r_usb_cstd_rtos.h
      Source file:   ra/fsp/src/r_dtc/r_dtc.c
      Source file:   ra/fsp/src/r_ioport/r_ioport.c
      Source file:   ra/fsp/src/r_sdhi/r_sdhi.c
      Include file:  ra/fsp/src/r_usb_basic/src/driver/inc/r_usb_typedef.h
      Source file:   ra/fsp/src/r_usb_basic/src/driver/r_usb_cstd_rtos.c
      Source file:   ra/fsp/src/r_usb_basic/src/driver/r_usb_hlibusbip.c
      Source file:   ra/fsp/src/r_usb_basic/src/driver/r_usb_pintfifo.c
      Source file:   ra/fsp/src/r_usb_basic/src/driver/r_usb_clibusbip.c
      Source file:   ra/fsp/src/r_usb_basic/src/driver/r_usb_hdriver.c
      Include file:  ra/fsp/src/r_usb_basic/src/driver/inc/r_usb_basic_define.h
      Source file:   ra/fsp/src/r_usb_basic/src/driver/r_usb_hintfifo.c
      Source file:   ra/fsp/src/r_usb_basic/src/driver/r_usb_hinthandler_usbip1.c
      Source file:   ra/fsp/src/r_spi_b/r_spi_b.c
      Include file:  ra/fsp/src/r_usb_basic/src/driver/inc/r_usb_extern.h
      Source file:   ra/fsp/src/r_usb_basic/src/driver/r_usb_cdataio.c
      Source file:   ra/fsp/src/r_usb_basic/src/driver/r_usb_hhubsys.c
      Source file:   ra/fsp/src/r_sci_b_uart/r_sci_b_uart.c
      Source file:   ra/fsp/src/r_usb_basic/src/hw/r_usb_creg_access.c
      Include file:  ra/fsp/src/r_usb_basic/src/hw/inc/r_usb_reg_access.h
      Source file:   ra/fsp/src/r_usb_basic/src/driver/r_usb_psignal.c
      Include file:  ra/fsp/src/r_usb_basic/src/hw/inc/r_usb_dmac.h
      Source file:   ra/fsp/src/r_usb_basic/src/hw/r_usb_creg_abs.c
      Source file:   ra/fsp/src/r_usb_basic/src/hw/r_usb_hostelectrical.c
      Source file:   ra/fsp/src/r_usb_pcdc/src/r_usb_pcdc_driver.c
      Source file:   ra/fsp/src/r_usb_basic/src/hw/r_usb_mcu.c
      Source file:   ra/fsp/src/r_usb_basic/src/driver/r_usb_plibusbip.c
      Include file:  ra/fsp/src/r_usb_basic/src/hw/inc/r_usb_bitdefine.h
      Source file:   ra/fsp/src/r_usb_basic/src/hw/r_usb_dma.c
      Source file:   ra/fsp/src/r_usb_basic/src/hw/r_usb_hreg_abs.c
      Source file:   ra/fsp/src/r_usb_basic/src/driver/r_usb_pinthandler_usbip0.c
      Source file:   ra/fsp/src/r_usb_basic/src/driver/r_usb_pstdfunction.c
      Source file:   ra/fsp/src/r_usb_basic/src/driver/r_usb_pstdrequest.c
      Source file:   ra/fsp/src/r_usb_basic/src/hw/r_usb_hreg_access.c
      Source file:   ra/fsp/src/r_usb_basic/src/hw/r_usb_preg_abs.c
      Include file:  ra/fsp/src/r_usb_pcdc/src/inc/r_usb_pcdc.h
      Source file:   ra/fsp/src/r_usb_basic/src/hw/r_usb_preg_access.c

   * Component: Renesas::Flex Software:Generated Data
      Source file:   ra_gen/pin_data.c
      Source file:   ra_gen/hal_data.c
      Include file:  ra_gen/hal_data.h
      Include file:  ra_gen/bsp_clock_cfg.h
      Include file:  ra_gen/vector_data.h
      Source file:   ra_gen/common_data.c
      Source file:   ra_gen/vector_data.c
      Source file:   ra_gen/main.c
      Include file:  ra_gen/common_data.h

   * Component: Renesas::Flex Software:Linker Script

   * Component: Renesas::Flex Software:RA Configuration:1.0.0
Build Time Elapsed:  00:00:07
</pre>
</body>
</html>
