<!doctype html public "-//w3c//dtd html 4.0 transitional//en">
<html><head>
<title>Static Call Graph - [.\Objects\zf_ra_motherboard_demo.axf]</title></head>
<body><HR>
<H1>Static Call Graph for image .\Objects\zf_ra_motherboard_demo.axf</H1><HR>
<BR><P>#&#060CALLGRAPH&#062# ARM Linker, 6190004: Last Updated: Sat Jun 27 23:12:34 2026
<BR><P>
<H3>Maximum Stack Usage =        888 bytes + Unknown(Cycles, Untraceable Function Pointers)</H3><H3>
Call chain for Maximum Stack Depth:</H3>
Reset_Handler &rArr; main &rArr; hal_entry &rArr; fatigue_process_frame &rArr; hmi_show_alert &rArr; voice_assistant_say &rArr; zf_sprintf &rArr; number_conversion_ascii
<P>
<H3>
Mutually Recursive functions
</H3> <LI><a href="#[70]">bsp_prv_software_delay_loop</a>&nbsp;&nbsp;&nbsp;&rArr;&nbsp;&nbsp;&nbsp;<a href="#[70]">bsp_prv_software_delay_loop</a><BR>
</UL>
<P>
<H3>
Function Pointers
</H3><UL>
 <LI><a href="#[4]">BusFault_Handler</a> from startup.o(.text.Default_Handler) referenced from startup.o(.fixed_vectors)
 <LI><a href="#[8]">DebugMon_Handler</a> from startup.o(.text.Default_Handler) referenced from startup.o(.fixed_vectors)
 <LI><a href="#[2]">HardFault_Handler</a> from startup.o(.text.Default_Handler) referenced from startup.o(.fixed_vectors)
 <LI><a href="#[3]">MemManage_Handler</a> from startup.o(.text.Default_Handler) referenced from startup.o(.fixed_vectors)
 <LI><a href="#[1]">NMI_Handler</a> from bsp_group_irq.o(.text.NMI_Handler) referenced from startup.o(.fixed_vectors)
 <LI><a href="#[9]">PendSV_Handler</a> from startup.o(.text.Default_Handler) referenced from startup.o(.fixed_vectors)
 <LI><a href="#[29]">R_CEU_CallbackSet</a> from r_ceu.o(.text.R_CEU_CallbackSet) referenced from r_ceu.o(.rodata.g_ceu_on_capture)
 <LI><a href="#[28]">R_CEU_CaptureStart</a> from r_ceu.o(.text.R_CEU_CaptureStart) referenced from r_ceu.o(.rodata.g_ceu_on_capture)
 <LI><a href="#[27]">R_CEU_Close</a> from r_ceu.o(.text.R_CEU_Close) referenced from r_ceu.o(.rodata.g_ceu_on_capture)
 <LI><a href="#[26]">R_CEU_Open</a> from r_ceu.o(.text.R_CEU_Open) referenced from r_ceu.o(.rodata.g_ceu_on_capture)
 <LI><a href="#[2a]">R_CEU_StatusGet</a> from r_ceu.o(.text.R_CEU_StatusGet) referenced from r_ceu.o(.rodata.g_ceu_on_capture)
 <LI><a href="#[2c]">R_DAC_Close</a> from r_dac.o(.text.R_DAC_Close) referenced from r_dac.o(.rodata.g_dac_on_dac)
 <LI><a href="#[2b]">R_DAC_Open</a> from r_dac.o(.text.R_DAC_Open) referenced from r_dac.o(.rodata.g_dac_on_dac)
 <LI><a href="#[2e]">R_DAC_Start</a> from r_dac.o(.text.R_DAC_Start) referenced from r_dac.o(.rodata.g_dac_on_dac)
 <LI><a href="#[2f]">R_DAC_Stop</a> from r_dac.o(.text.R_DAC_Stop) referenced from r_dac.o(.rodata.g_dac_on_dac)
 <LI><a href="#[2d]">R_DAC_Write</a> from r_dac.o(.text.R_DAC_Write) referenced from r_dac.o(.rodata.g_dac_on_dac)
 <LI><a href="#[31]">R_IOPORT_Close</a> from r_ioport.o(.text.R_IOPORT_Close) referenced from r_ioport.o(.rodata.g_ioport_on_ioport)
 <LI><a href="#[30]">R_IOPORT_Open</a> from r_ioport.o(.text.R_IOPORT_Open) referenced from r_ioport.o(.rodata.g_ioport_on_ioport)
 <LI><a href="#[33]">R_IOPORT_PinCfg</a> from r_ioport.o(.text.R_IOPORT_PinCfg) referenced from r_ioport.o(.rodata.g_ioport_on_ioport)
 <LI><a href="#[34]">R_IOPORT_PinEventInputRead</a> from r_ioport.o(.text.R_IOPORT_PinEventInputRead) referenced from r_ioport.o(.rodata.g_ioport_on_ioport)
 <LI><a href="#[35]">R_IOPORT_PinEventOutputWrite</a> from r_ioport.o(.text.R_IOPORT_PinEventOutputWrite) referenced from r_ioport.o(.rodata.g_ioport_on_ioport)
 <LI><a href="#[36]">R_IOPORT_PinRead</a> from r_ioport.o(.text.R_IOPORT_PinRead) referenced from r_ioport.o(.rodata.g_ioport_on_ioport)
 <LI><a href="#[37]">R_IOPORT_PinWrite</a> from r_ioport.o(.text.R_IOPORT_PinWrite) referenced from r_ioport.o(.rodata.g_ioport_on_ioport)
 <LI><a href="#[32]">R_IOPORT_PinsCfg</a> from r_ioport.o(.text.R_IOPORT_PinsCfg) referenced from r_ioport.o(.rodata.g_ioport_on_ioport)
 <LI><a href="#[38]">R_IOPORT_PortDirectionSet</a> from r_ioport.o(.text.R_IOPORT_PortDirectionSet) referenced from r_ioport.o(.rodata.g_ioport_on_ioport)
 <LI><a href="#[39]">R_IOPORT_PortEventInputRead</a> from r_ioport.o(.text.R_IOPORT_PortEventInputRead) referenced from r_ioport.o(.rodata.g_ioport_on_ioport)
 <LI><a href="#[3a]">R_IOPORT_PortEventOutputWrite</a> from r_ioport.o(.text.R_IOPORT_PortEventOutputWrite) referenced from r_ioport.o(.rodata.g_ioport_on_ioport)
 <LI><a href="#[3b]">R_IOPORT_PortRead</a> from r_ioport.o(.text.R_IOPORT_PortRead) referenced from r_ioport.o(.rodata.g_ioport_on_ioport)
 <LI><a href="#[3c]">R_IOPORT_PortWrite</a> from r_ioport.o(.text.R_IOPORT_PortWrite) referenced from r_ioport.o(.rodata.g_ioport_on_ioport)
 <LI><a href="#[44]">R_SCI_B_UART_Abort</a> from r_sci_b_uart.o(.text.R_SCI_B_UART_Abort) referenced from r_sci_b_uart.o(.rodata.g_uart_on_sci_b)
 <LI><a href="#[42]">R_SCI_B_UART_BaudSet</a> from r_sci_b_uart.o(.text.R_SCI_B_UART_BaudSet) referenced from r_sci_b_uart.o(.rodata.g_uart_on_sci_b)
 <LI><a href="#[45]">R_SCI_B_UART_CallbackSet</a> from r_sci_b_uart.o(.text.R_SCI_B_UART_CallbackSet) referenced from r_sci_b_uart.o(.rodata.g_uart_on_sci_b)
 <LI><a href="#[46]">R_SCI_B_UART_Close</a> from r_sci_b_uart.o(.text.R_SCI_B_UART_Close) referenced from r_sci_b_uart.o(.rodata.g_uart_on_sci_b)
 <LI><a href="#[43]">R_SCI_B_UART_InfoGet</a> from r_sci_b_uart.o(.text.R_SCI_B_UART_InfoGet) referenced from r_sci_b_uart.o(.rodata.g_uart_on_sci_b)
 <LI><a href="#[3f]">R_SCI_B_UART_Open</a> from r_sci_b_uart.o(.text.R_SCI_B_UART_Open) referenced from r_sci_b_uart.o(.rodata.g_uart_on_sci_b)
 <LI><a href="#[40]">R_SCI_B_UART_Read</a> from r_sci_b_uart.o(.text.R_SCI_B_UART_Read) referenced from r_sci_b_uart.o(.rodata.g_uart_on_sci_b)
 <LI><a href="#[47]">R_SCI_B_UART_ReadStop</a> from r_sci_b_uart.o(.text.R_SCI_B_UART_ReadStop) referenced from r_sci_b_uart.o(.rodata.g_uart_on_sci_b)
 <LI><a href="#[41]">R_SCI_B_UART_Write</a> from r_sci_b_uart.o(.text.R_SCI_B_UART_Write) referenced from r_sci_b_uart.o(.rodata.g_uart_on_sci_b)
 <LI><a href="#[0]">Reset_Handler</a> from startup.o(.text.Reset_Handler) referenced from startup.o(.fixed_vectors)
 <LI><a href="#[7]">SVC_Handler</a> from startup.o(.text.Default_Handler) referenced from startup.o(.fixed_vectors)
 <LI><a href="#[6]">SecureFault_Handler</a> from startup.o(.text.Default_Handler) referenced from startup.o(.fixed_vectors)
 <LI><a href="#[a]">SysTick_Handler</a> from startup.o(.text.Default_Handler) referenced from startup.o(.fixed_vectors)
 <LI><a href="#[5]">UsageFault_Handler</a> from startup.o(.text.Default_Handler) referenced from startup.o(.fixed_vectors)
 <LI><a href="#[13]">adc_scan_end_isr</a> from r_adc.o(.text.adc_scan_end_isr) referenced from vector_data.o(.application_vectors)
 <LI><a href="#[19]">agt_int_isr</a> from r_agt.o(.text.agt_int_isr) referenced 2 times from vector_data.o(.application_vectors)
 <LI><a href="#[14]">ceu_isr</a> from r_ceu.o(.text.ceu_isr) referenced from vector_data.o(.application_vectors)
 <LI><a href="#[24]">fputc</a> from zf_common_debug.o(.text.fputc) referenced from printfa.o(i.__0printf)
 <LI><a href="#[25]">g_ceu_mt9v03x_callback</a> from zf_device_mt9v03x.o(.text.g_ceu_mt9v03x_callback) referenced from hal_data.o(.rodata.g_ceu_mt9v03x_cfg)
 <LI><a href="#[18]">sci_b_spi_eri_isr</a> from r_sci_b_spi.o(.text.sci_b_spi_eri_isr) referenced from vector_data.o(.application_vectors)
 <LI><a href="#[15]">sci_b_spi_rxi_isr</a> from r_sci_b_spi.o(.text.sci_b_spi_rxi_isr) referenced from vector_data.o(.application_vectors)
 <LI><a href="#[17]">sci_b_spi_tei_isr</a> from r_sci_b_spi.o(.text.sci_b_spi_tei_isr) referenced from vector_data.o(.application_vectors)
 <LI><a href="#[16]">sci_b_spi_txi_isr</a> from r_sci_b_spi.o(.text.sci_b_spi_txi_isr) referenced from vector_data.o(.application_vectors)
 <LI><a href="#[e]">sci_b_uart_eri_isr</a> from r_sci_b_uart.o(.text.sci_b_uart_eri_isr) referenced 3 times from vector_data.o(.application_vectors)
 <LI><a href="#[b]">sci_b_uart_rxi_isr</a> from r_sci_b_uart.o(.text.sci_b_uart_rxi_isr) referenced 3 times from vector_data.o(.application_vectors)
 <LI><a href="#[d]">sci_b_uart_tei_isr</a> from r_sci_b_uart.o(.text.sci_b_uart_tei_isr) referenced 3 times from vector_data.o(.application_vectors)
 <LI><a href="#[c]">sci_b_uart_txi_isr</a> from r_sci_b_uart.o(.text.sci_b_uart_txi_isr) referenced 3 times from vector_data.o(.application_vectors)
 <LI><a href="#[1a]">sdhimmc_accs_isr</a> from r_sdhi.o(.text.sdhimmc_accs_isr) referenced from vector_data.o(.application_vectors)
 <LI><a href="#[1b]">sdhimmc_card_isr</a> from r_sdhi.o(.text.sdhimmc_card_isr) referenced from vector_data.o(.application_vectors)
 <LI><a href="#[1c]">sdhimmc_dma_req_isr</a> from r_sdhi.o(.text.sdhimmc_dma_req_isr) referenced from vector_data.o(.application_vectors)
 <LI><a href="#[12]">spi_b_eri_isr</a> from r_spi_b.o(.text.spi_b_eri_isr) referenced from vector_data.o(.application_vectors)
 <LI><a href="#[f]">spi_b_rxi_isr</a> from r_spi_b.o(.text.spi_b_rxi_isr) referenced from vector_data.o(.application_vectors)
 <LI><a href="#[11]">spi_b_tei_isr</a> from r_spi_b.o(.text.spi_b_tei_isr) referenced from vector_data.o(.application_vectors)
 <LI><a href="#[10]">spi_b_txi_isr</a> from r_spi_b.o(.text.spi_b_txi_isr) referenced from vector_data.o(.application_vectors)
 <LI><a href="#[3d]">uart3_callback</a> from zf_driver_uart.o(.text.uart3_callback) referenced from hal_data.o(.rodata.g_uart3_cfg)
 <LI><a href="#[3e]">uart9_callback</a> from zf_common_debug.o(.text.uart9_callback) referenced from hal_data.o(.rodata.g_uart9_cfg)
 <LI><a href="#[1f]">usbfs_d0fifo_handler</a> from r_usb_mcu.o(.text.usbfs_d0fifo_handler) referenced from vector_data.o(.application_vectors)
 <LI><a href="#[20]">usbfs_d1fifo_handler</a> from r_usb_mcu.o(.text.usbfs_d1fifo_handler) referenced from vector_data.o(.application_vectors)
 <LI><a href="#[1d]">usbfs_interrupt_handler</a> from r_usb_mcu.o(.text.usbfs_interrupt_handler) referenced from vector_data.o(.application_vectors)
 <LI><a href="#[1e]">usbfs_resume_handler</a> from r_usb_mcu.o(.text.usbfs_resume_handler) referenced from vector_data.o(.application_vectors)
 <LI><a href="#[22]">usbhs_d0fifo_handler</a> from r_usb_mcu.o(.text.usbhs_d0fifo_handler) referenced from vector_data.o(.application_vectors)
 <LI><a href="#[23]">usbhs_d1fifo_handler</a> from r_usb_mcu.o(.text.usbhs_d1fifo_handler) referenced from vector_data.o(.application_vectors)
 <LI><a href="#[21]">usbhs_interrupt_handler</a> from r_usb_mcu.o(.text.usbhs_interrupt_handler) referenced from vector_data.o(.application_vectors)
</UL>
<P>
<H3>
Global Symbols
</H3>
<P><STRONG><a name="[48]"></a>__aeabi_uldivmod</STRONG> (Thumb, 98 bytes, Stack size 40 bytes, uldiv.o(.text))
<BR><BR>[Stack]<UL><LI>Max Depth = 40<LI>Call Chain = __aeabi_uldivmod
</UL>
<BR>[Calls]<UL><LI><a href="#[49]">&gt;&gt;</a>&nbsp;&nbsp;&nbsp;__aeabi_llsr
<LI><a href="#[4a]">&gt;&gt;</a>&nbsp;&nbsp;&nbsp;__aeabi_llsl
</UL>
<BR>[Called By]<UL><LI><a href="#[4b]">&gt;&gt;</a>&nbsp;&nbsp;&nbsp;__aeabi_ldivmod
<LI><a href="#[104]">&gt;&gt;</a>&nbsp;&nbsp;&nbsp;_printf_core
<LI><a href="#[105]">&gt;&gt;</a>&nbsp;&nbsp;&nbsp;_fp_digits
</UL>

<P><STRONG><a name="[4b]"></a>__aeabi_ldivmod</STRONG> (Thumb, 98 bytes, Stack size 24 bytes, ldiv.o(.text))
<BR><BR>[Stack]<UL><LI>Max Depth = 64<LI>Call Chain = __aeabi_ldivmod &rArr; __aeabi_uldivmod
</UL>
<BR>[Calls]<UL><LI><a href="#[48]">&gt;&gt;</a>&nbsp;&nbsp;&nbsp;__aeabi_uldivmod
</UL>
<BR>[Called By]<UL><LI><a href="#[7d]">&gt;&gt;</a>&nbsp;&nbsp;&nbsp;R_SCI_B_UART_BaudCalculate
</UL>

<P><STRONG><a name="[d7]"></a>__aeabi_memcpy</STRONG> (Thumb, 36 bytes, Stack size 0 bytes, memcpya.o(.text))
<BR><BR>[Called By]<UL><LI><a href="#[c3]">&gt;&gt;</a>&nbsp;&nbsp;&nbsp;zf_sprintf
<LI><a href="#[d6]">&gt;&gt;</a>&nbsp;&nbsp;&nbsp;r_sdhi_transfer_callback
<LI><a href="#[b]">&gt;&gt;</a>&nbsp;&nbsp;&nbsp;sci_b_uart_rxi_isr
</UL>

<P><STRONG><a name="[86]"></a>__aeabi_memcpy4</STRONG> (Thumb, 0 bytes, Stack size 0 bytes, memcpya.o(.text))
<BR><BR>[Called By]<UL><LI><a href="#[81]">&gt;&gt;</a>&nbsp;&nbsp;&nbsp;SystemInit
</UL>

<P><STRONG><a name="[10a]"></a>__aeabi_memcpy8</STRONG> (Thumb, 0 bytes, Stack size 0 bytes, memcpya.o(.text), UNUSED)

<P><STRONG><a name="[4d]"></a>__aeabi_memset</STRONG> (Thumb, 14 bytes, Stack size 0 bytes, memseta.o(.text), UNUSED)
<BR><BR>[Called By]<UL><LI><a href="#[4e]">&gt;&gt;</a>&nbsp;&nbsp;&nbsp;_memset$wrapper
<LI><a href="#[4c]">&gt;&gt;</a>&nbsp;&nbsp;&nbsp;__aeabi_memclr
</UL>

<P><STRONG><a name="[10b]"></a>__aeabi_memset4</STRONG> (Thumb, 0 bytes, Stack size 0 bytes, memseta.o(.text), UNUSED)

<P><STRONG><a name="[10c]"></a>__aeabi_memset8</STRONG> (Thumb, 0 bytes, Stack size 0 bytes, memseta.o(.text), UNUSED)

<P><STRONG><a name="[4c]"></a>__aeabi_memclr</STRONG> (Thumb, 4 bytes, Stack size 0 bytes, memseta.o(.text), UNUSED)
<BR><BR>[Calls]<UL><LI><a href="#[4d]">&gt;&gt;</a>&nbsp;&nbsp;&nbsp;__aeabi_memset
</UL>

<P><STRONG><a name="[85]"></a>__aeabi_memclr4</STRONG> (Thumb, 0 bytes, Stack size 0 bytes, memseta.o(.text))
<BR><BR>[Called By]<UL><LI><a href="#[81]">&gt;&gt;</a>&nbsp;&nbsp;&nbsp;SystemInit
</UL>

<P><STRONG><a name="[10d]"></a>__aeabi_memclr8</STRONG> (Thumb, 0 bytes, Stack size 0 bytes, memseta.o(.text), UNUSED)

<P><STRONG><a name="[4e]"></a>_memset$wrapper</STRONG> (Thumb, 18 bytes, Stack size 8 bytes, memseta.o(.text), UNUSED)
<BR><BR>[Calls]<UL><LI><a href="#[4d]">&gt;&gt;</a>&nbsp;&nbsp;&nbsp;__aeabi_memset
</UL>

<P><STRONG><a name="[10e]"></a>__aeabi_uidiv</STRONG> (Thumb, 0 bytes, Stack size 12 bytes, uidiv.o(.text), UNUSED)

<P><STRONG><a name="[109]"></a>__aeabi_uidivmod</STRONG> (Thumb, 44 bytes, Stack size 12 bytes, uidiv.o(.text), UNUSED)
<BR><BR>[Called By]<UL><LI><a href="#[104]">&gt;&gt;</a>&nbsp;&nbsp;&nbsp;_printf_core
</UL>

<P><STRONG><a name="[4a]"></a>__aeabi_llsl</STRONG> (Thumb, 30 bytes, Stack size 0 bytes, llshl.o(.text))
<BR><BR>[Called By]<UL><LI><a href="#[48]">&gt;&gt;</a>&nbsp;&nbsp;&nbsp;__aeabi_uldivmod
<LI><a href="#[51]">&gt;&gt;</a>&nbsp;&nbsp;&nbsp;_double_epilogue
<LI><a href="#[4f]">&gt;&gt;</a>&nbsp;&nbsp;&nbsp;__aeabi_dadd
<LI><a href="#[57]">&gt;&gt;</a>&nbsp;&nbsp;&nbsp;__aeabi_d2ulz
</UL>

<P><STRONG><a name="[10f]"></a>_ll_shift_l</STRONG> (Thumb, 0 bytes, Stack size 0 bytes, llshl.o(.text), UNUSED)

<P><STRONG><a name="[49]"></a>__aeabi_llsr</STRONG> (Thumb, 32 bytes, Stack size 0 bytes, llushr.o(.text))
<BR><BR>[Called By]<UL><LI><a href="#[48]">&gt;&gt;</a>&nbsp;&nbsp;&nbsp;__aeabi_uldivmod
<LI><a href="#[51]">&gt;&gt;</a>&nbsp;&nbsp;&nbsp;_double_epilogue
<LI><a href="#[57]">&gt;&gt;</a>&nbsp;&nbsp;&nbsp;__aeabi_d2ulz
</UL>

<P><STRONG><a name="[110]"></a>_ll_ushift_r</STRONG> (Thumb, 0 bytes, Stack size 0 bytes, llushr.o(.text), UNUSED)

<P><STRONG><a name="[111]"></a>__I$use$fp</STRONG> (Thumb, 0 bytes, Stack size 48 bytes, iusefp.o(.text), UNUSED)

<P><STRONG><a name="[4f]"></a>__aeabi_dadd</STRONG> (Thumb, 322 bytes, Stack size 48 bytes, dadd.o(.text), UNUSED)
<BR><BR>[Calls]<UL><LI><a href="#[50]">&gt;&gt;</a>&nbsp;&nbsp;&nbsp;__aeabi_lasr
<LI><a href="#[52]">&gt;&gt;</a>&nbsp;&nbsp;&nbsp;_double_round
<LI><a href="#[51]">&gt;&gt;</a>&nbsp;&nbsp;&nbsp;_double_epilogue
<LI><a href="#[4a]">&gt;&gt;</a>&nbsp;&nbsp;&nbsp;__aeabi_llsl
</UL>
<BR>[Called By]<UL><LI><a href="#[54]">&gt;&gt;</a>&nbsp;&nbsp;&nbsp;__aeabi_drsub
<LI><a href="#[53]">&gt;&gt;</a>&nbsp;&nbsp;&nbsp;__aeabi_dsub
<LI><a href="#[105]">&gt;&gt;</a>&nbsp;&nbsp;&nbsp;_fp_digits
</UL>

<P><STRONG><a name="[53]"></a>__aeabi_dsub</STRONG> (Thumb, 6 bytes, Stack size 0 bytes, dadd.o(.text), UNUSED)
<BR><BR>[Calls]<UL><LI><a href="#[4f]">&gt;&gt;</a>&nbsp;&nbsp;&nbsp;__aeabi_dadd
</UL>

<P><STRONG><a name="[54]"></a>__aeabi_drsub</STRONG> (Thumb, 6 bytes, Stack size 0 bytes, dadd.o(.text), UNUSED)
<BR><BR>[Calls]<UL><LI><a href="#[4f]">&gt;&gt;</a>&nbsp;&nbsp;&nbsp;__aeabi_dadd
</UL>

<P><STRONG><a name="[55]"></a>__aeabi_dmul</STRONG> (Thumb, 228 bytes, Stack size 48 bytes, dmul.o(.text), UNUSED)
<BR><BR>[Calls]<UL><LI><a href="#[51]">&gt;&gt;</a>&nbsp;&nbsp;&nbsp;_double_epilogue
</UL>
<BR>[Called By]<UL><LI><a href="#[105]">&gt;&gt;</a>&nbsp;&nbsp;&nbsp;_fp_digits
</UL>

<P><STRONG><a name="[56]"></a>__aeabi_ddiv</STRONG> (Thumb, 222 bytes, Stack size 32 bytes, ddiv.o(.text), UNUSED)
<BR><BR>[Calls]<UL><LI><a href="#[52]">&gt;&gt;</a>&nbsp;&nbsp;&nbsp;_double_round
</UL>
<BR>[Called By]<UL><LI><a href="#[105]">&gt;&gt;</a>&nbsp;&nbsp;&nbsp;_fp_digits
</UL>

<P><STRONG><a name="[57]"></a>__aeabi_d2ulz</STRONG> (Thumb, 48 bytes, Stack size 0 bytes, dfixul.o(.text), UNUSED)
<BR><BR>[Calls]<UL><LI><a href="#[49]">&gt;&gt;</a>&nbsp;&nbsp;&nbsp;__aeabi_llsr
<LI><a href="#[4a]">&gt;&gt;</a>&nbsp;&nbsp;&nbsp;__aeabi_llsl
</UL>
<BR>[Called By]<UL><LI><a href="#[105]">&gt;&gt;</a>&nbsp;&nbsp;&nbsp;_fp_digits
</UL>

<P><STRONG><a name="[106]"></a>__aeabi_cdrcmple</STRONG> (Thumb, 48 bytes, Stack size 0 bytes, cdrcmple.o(.text), UNUSED)
<BR><BR>[Called By]<UL><LI><a href="#[105]">&gt;&gt;</a>&nbsp;&nbsp;&nbsp;_fp_digits
</UL>

<P><STRONG><a name="[50]"></a>__aeabi_lasr</STRONG> (Thumb, 36 bytes, Stack size 0 bytes, llsshr.o(.text), UNUSED)
<BR><BR>[Called By]<UL><LI><a href="#[4f]">&gt;&gt;</a>&nbsp;&nbsp;&nbsp;__aeabi_dadd
</UL>

<P><STRONG><a name="[112]"></a>_ll_sshift_r</STRONG> (Thumb, 0 bytes, Stack size 0 bytes, llsshr.o(.text), UNUSED)

<P><STRONG><a name="[52]"></a>_double_round</STRONG> (Thumb, 30 bytes, Stack size 8 bytes, depilogue.o(.text), UNUSED)
<BR><BR>[Called By]<UL><LI><a href="#[51]">&gt;&gt;</a>&nbsp;&nbsp;&nbsp;_double_epilogue
<LI><a href="#[56]">&gt;&gt;</a>&nbsp;&nbsp;&nbsp;__aeabi_ddiv
<LI><a href="#[4f]">&gt;&gt;</a>&nbsp;&nbsp;&nbsp;__aeabi_dadd
</UL>

<P><STRONG><a name="[51]"></a>_double_epilogue</STRONG> (Thumb, 156 bytes, Stack size 32 bytes, depilogue.o(.text), UNUSED)
<BR><BR>[Calls]<UL><LI><a href="#[52]">&gt;&gt;</a>&nbsp;&nbsp;&nbsp;_double_round
<LI><a href="#[49]">&gt;&gt;</a>&nbsp;&nbsp;&nbsp;__aeabi_llsr
<LI><a href="#[4a]">&gt;&gt;</a>&nbsp;&nbsp;&nbsp;__aeabi_llsl
</UL>
<BR>[Called By]<UL><LI><a href="#[55]">&gt;&gt;</a>&nbsp;&nbsp;&nbsp;__aeabi_dmul
<LI><a href="#[4f]">&gt;&gt;</a>&nbsp;&nbsp;&nbsp;__aeabi_dadd
</UL>

<P><STRONG><a name="[4]"></a>BusFault_Handler</STRONG> (Thumb, 4 bytes, Stack size 0 bytes, startup.o(.text.Default_Handler))
<BR>[Address Reference Count : 1]<UL><LI> startup.o(.fixed_vectors)
</UL>
<P><STRONG><a name="[8]"></a>DebugMon_Handler</STRONG> (Thumb, 4 bytes, Stack size 0 bytes, startup.o(.text.Default_Handler))
<BR>[Address Reference Count : 1]<UL><LI> startup.o(.fixed_vectors)
</UL>
<P><STRONG><a name="[113]"></a>Default_Handler</STRONG> (Thumb, 4 bytes, Stack size 0 bytes, startup.o(.text.Default_Handler), UNUSED)

<P><STRONG><a name="[2]"></a>HardFault_Handler</STRONG> (Thumb, 4 bytes, Stack size 0 bytes, startup.o(.text.Default_Handler))
<BR>[Address Reference Count : 1]<UL><LI> startup.o(.fixed_vectors)
</UL>
<P><STRONG><a name="[3]"></a>MemManage_Handler</STRONG> (Thumb, 4 bytes, Stack size 0 bytes, startup.o(.text.Default_Handler))
<BR>[Address Reference Count : 1]<UL><LI> startup.o(.fixed_vectors)
</UL>
<P><STRONG><a name="[9]"></a>PendSV_Handler</STRONG> (Thumb, 4 bytes, Stack size 0 bytes, startup.o(.text.Default_Handler))
<BR>[Address Reference Count : 1]<UL><LI> startup.o(.fixed_vectors)
</UL>
<P><STRONG><a name="[7]"></a>SVC_Handler</STRONG> (Thumb, 4 bytes, Stack size 0 bytes, startup.o(.text.Default_Handler))
<BR>[Address Reference Count : 1]<UL><LI> startup.o(.fixed_vectors)
</UL>
<P><STRONG><a name="[6]"></a>SecureFault_Handler</STRONG> (Thumb, 4 bytes, Stack size 0 bytes, startup.o(.text.Default_Handler))
<BR>[Address Reference Count : 1]<UL><LI> startup.o(.fixed_vectors)
</UL>
<P><STRONG><a name="[a]"></a>SysTick_Handler</STRONG> (Thumb, 4 bytes, Stack size 0 bytes, startup.o(.text.Default_Handler))
<BR>[Address Reference Count : 1]<UL><LI> startup.o(.fixed_vectors)
</UL>
<P><STRONG><a name="[5]"></a>UsageFault_Handler</STRONG> (Thumb, 4 bytes, Stack size 0 bytes, startup.o(.text.Default_Handler))
<BR>[Address Reference Count : 1]<UL><LI> startup.o(.fixed_vectors)
</UL>
<P><STRONG><a name="[1]"></a>NMI_Handler</STRONG> (Thumb, 140 bytes, Stack size 16 bytes, bsp_group_irq.o(.text.NMI_Handler))
<BR><BR>[Stack]<UL><LI>Max Depth = 32<LI>Call Chain = NMI_Handler &rArr; bsp_group_irq_call
</UL>
<BR>[Calls]<UL><LI><a href="#[58]">&gt;&gt;</a>&nbsp;&nbsp;&nbsp;bsp_group_irq_call
</UL>
<BR>[Address Reference Count : 1]<UL><LI> startup.o(.fixed_vectors)
</UL>
<P><STRONG><a name="[59]"></a>R_BSP_Init_RTC</STRONG> (Thumb, 240 bytes, Stack size 24 bytes, bsp_clocks.o(.text.R_BSP_Init_RTC))
<BR><BR>[Stack]<UL><LI>Max Depth = 80<LI>Call Chain = R_BSP_Init_RTC &rArr; R_BSP_SoftwareDelay
</UL>
<BR>[Calls]<UL><LI><a href="#[5c]">&gt;&gt;</a>&nbsp;&nbsp;&nbsp;R_BSP_RegisterProtectEnable
<LI><a href="#[5b]">&gt;&gt;</a>&nbsp;&nbsp;&nbsp;R_BSP_RegisterProtectDisable
<LI><a href="#[5a]">&gt;&gt;</a>&nbsp;&nbsp;&nbsp;R_BSP_SoftwareDelay
</UL>
<BR>[Called By]<UL><LI><a href="#[81]">&gt;&gt;</a>&nbsp;&nbsp;&nbsp;SystemInit
</UL>

<P><STRONG><a name="[5b]"></a>R_BSP_RegisterProtectDisable</STRONG> (Thumb, 122 bytes, Stack size 20 bytes, bsp_register_protection.o(.text.R_BSP_RegisterProtectDisable))
<BR><BR>[Stack]<UL><LI>Max Depth = 20<LI>Call Chain = R_BSP_RegisterProtectDisable
</UL>
<BR>[Called By]<UL><LI><a href="#[59]">&gt;&gt;</a>&nbsp;&nbsp;&nbsp;R_BSP_Init_RTC
<LI><a href="#[81]">&gt;&gt;</a>&nbsp;&nbsp;&nbsp;SystemInit
<LI><a href="#[77]">&gt;&gt;</a>&nbsp;&nbsp;&nbsp;bsp_vbatt_init
</UL>

<P><STRONG><a name="[5c]"></a>R_BSP_RegisterProtectEnable</STRONG> (Thumb, 144 bytes, Stack size 20 bytes, bsp_register_protection.o(.text.R_BSP_RegisterProtectEnable))
<BR><BR>[Stack]<UL><LI>Max Depth = 20<LI>Call Chain = R_BSP_RegisterProtectEnable
</UL>
<BR>[Called By]<UL><LI><a href="#[59]">&gt;&gt;</a>&nbsp;&nbsp;&nbsp;R_BSP_Init_RTC
<LI><a href="#[81]">&gt;&gt;</a>&nbsp;&nbsp;&nbsp;SystemInit
<LI><a href="#[77]">&gt;&gt;</a>&nbsp;&nbsp;&nbsp;bsp_vbatt_init
</UL>

<P><STRONG><a name="[5a]"></a>R_BSP_SoftwareDelay</STRONG> (Thumb, 218 bytes, Stack size 56 bytes, bsp_delay.o(.text.R_BSP_SoftwareDelay))
<BR><BR>[Stack]<UL><LI>Max Depth = 56<LI>Call Chain = R_BSP_SoftwareDelay
</UL>
<BR>[Calls]<UL><LI><a href="#[70]">&gt;&gt;</a>&nbsp;&nbsp;&nbsp;bsp_prv_software_delay_loop
</UL>
<BR>[Called By]<UL><LI><a href="#[59]">&gt;&gt;</a>&nbsp;&nbsp;&nbsp;R_BSP_Init_RTC
<LI><a href="#[96]">&gt;&gt;</a>&nbsp;&nbsp;&nbsp;system_delay_us
<LI><a href="#[bd]">&gt;&gt;</a>&nbsp;&nbsp;&nbsp;system_delay_ms
<LI><a href="#[bb]">&gt;&gt;</a>&nbsp;&nbsp;&nbsp;init_sdram
<LI><a href="#[46]">&gt;&gt;</a>&nbsp;&nbsp;&nbsp;R_SCI_B_UART_Close
<LI><a href="#[3f]">&gt;&gt;</a>&nbsp;&nbsp;&nbsp;R_SCI_B_UART_Open
<LI><a href="#[77]">&gt;&gt;</a>&nbsp;&nbsp;&nbsp;bsp_vbatt_init
<LI><a href="#[2e]">&gt;&gt;</a>&nbsp;&nbsp;&nbsp;R_DAC_Start
<LI><a href="#[2b]">&gt;&gt;</a>&nbsp;&nbsp;&nbsp;R_DAC_Open
<LI><a href="#[27]">&gt;&gt;</a>&nbsp;&nbsp;&nbsp;R_CEU_Close
<LI><a href="#[26]">&gt;&gt;</a>&nbsp;&nbsp;&nbsp;R_CEU_Open
<LI><a href="#[9a]">&gt;&gt;</a>&nbsp;&nbsp;&nbsp;bsp_prv_clock_set_hard_reset
<LI><a href="#[99]">&gt;&gt;</a>&nbsp;&nbsp;&nbsp;bsp_prv_sosc_init
<LI><a href="#[f0]">&gt;&gt;</a>&nbsp;&nbsp;&nbsp;usb_cpu_delay_1us
</UL>

<P><STRONG><a name="[75]"></a>R_BSP_SourceClockHzGet</STRONG> (Thumb, 30 bytes, Stack size 8 bytes, bsp_clocks.o(.text.R_BSP_SourceClockHzGet))
<BR><BR>[Stack]<UL><LI>Max Depth = 8<LI>Call Chain = R_BSP_SourceClockHzGet
</UL>
<BR>[Called By]<UL><LI><a href="#[73]">&gt;&gt;</a>&nbsp;&nbsp;&nbsp;R_FSP_SciClockHzGet
</UL>

<P><STRONG><a name="[9e]"></a>R_BSP_SubClockStabilizeWaitAfterReset</STRONG> (Thumb, 8 bytes, Stack size 4 bytes, bsp_clocks.o(.text.R_BSP_SubClockStabilizeWaitAfterReset))
<BR><BR>[Stack]<UL><LI>Max Depth = 4<LI>Call Chain = R_BSP_SubClockStabilizeWaitAfterReset
</UL>
<BR>[Called By]<UL><LI><a href="#[99]">&gt;&gt;</a>&nbsp;&nbsp;&nbsp;bsp_prv_sosc_init
</UL>

<P><STRONG><a name="[83]"></a>R_BSP_WarmStart</STRONG> (Thumb, 48 bytes, Stack size 4 bytes, system.o(.text.R_BSP_WarmStart))
<BR><BR>[Stack]<UL><LI>Max Depth = 4<LI>Call Chain = R_BSP_WarmStart
</UL>
<BR>[Called By]<UL><LI><a href="#[81]">&gt;&gt;</a>&nbsp;&nbsp;&nbsp;SystemInit
</UL>

<P><STRONG><a name="[29]"></a>R_CEU_CallbackSet</STRONG> (Thumb, 38 bytes, Stack size 20 bytes, r_ceu.o(.text.R_CEU_CallbackSet))
<BR><BR>[Stack]<UL><LI>Max Depth = 20<LI>Call Chain = R_CEU_CallbackSet
</UL>
<BR>[Address Reference Count : 1]<UL><LI> r_ceu.o(.rodata.g_ceu_on_capture)
</UL>
<P><STRONG><a name="[28]"></a>R_CEU_CaptureStart</STRONG> (Thumb, 188 bytes, Stack size 24 bytes, r_ceu.o(.text.R_CEU_CaptureStart))
<BR><BR>[Stack]<UL><LI>Max Depth = 24<LI>Call Chain = R_CEU_CaptureStart
</UL>
<BR>[Address Reference Count : 1]<UL><LI> r_ceu.o(.rodata.g_ceu_on_capture)
</UL>
<P><STRONG><a name="[27]"></a>R_CEU_Close</STRONG> (Thumb, 100 bytes, Stack size 40 bytes, r_ceu.o(.text.R_CEU_Close))
<BR><BR>[Stack]<UL><LI>Max Depth = 96<LI>Call Chain = R_CEU_Close &rArr; R_BSP_SoftwareDelay
</UL>
<BR>[Calls]<UL><LI><a href="#[5a]">&gt;&gt;</a>&nbsp;&nbsp;&nbsp;R_BSP_SoftwareDelay
<LI><a href="#[71]">&gt;&gt;</a>&nbsp;&nbsp;&nbsp;ceu_disable_interrupts
</UL>
<BR>[Address Reference Count : 1]<UL><LI> r_ceu.o(.rodata.g_ceu_on_capture)
</UL>
<P><STRONG><a name="[26]"></a>R_CEU_Open</STRONG> (Thumb, 564 bytes, Stack size 80 bytes, r_ceu.o(.text.R_CEU_Open))
<BR><BR>[Stack]<UL><LI>Max Depth = 156<LI>Call Chain = R_CEU_Open &rArr; ceu_enable_interrupts &rArr; R_BSP_IrqCfgEnable &rArr; R_BSP_IrqEnable &rArr; R_BSP_IrqClearPending &rArr; R_BSP_IrqStatusClear
</UL>
<BR>[Calls]<UL><LI><a href="#[5a]">&gt;&gt;</a>&nbsp;&nbsp;&nbsp;R_BSP_SoftwareDelay
<LI><a href="#[72]">&gt;&gt;</a>&nbsp;&nbsp;&nbsp;ceu_enable_interrupts
</UL>
<BR>[Address Reference Count : 1]<UL><LI> r_ceu.o(.rodata.g_ceu_on_capture)
</UL>
<P><STRONG><a name="[2a]"></a>R_CEU_StatusGet</STRONG> (Thumb, 114 bytes, Stack size 16 bytes, r_ceu.o(.text.R_CEU_StatusGet))
<BR><BR>[Stack]<UL><LI>Max Depth = 16<LI>Call Chain = R_CEU_StatusGet
</UL>
<BR>[Address Reference Count : 1]<UL><LI> r_ceu.o(.rodata.g_ceu_on_capture)
</UL>
<P><STRONG><a name="[2c]"></a>R_DAC_Close</STRONG> (Thumb, 112 bytes, Stack size 24 bytes, r_dac.o(.text.R_DAC_Close))
<BR><BR>[Stack]<UL><LI>Max Depth = 24<LI>Call Chain = R_DAC_Close
</UL>
<BR>[Address Reference Count : 1]<UL><LI> r_dac.o(.rodata.g_dac_on_dac)
</UL>
<P><STRONG><a name="[2b]"></a>R_DAC_Open</STRONG> (Thumb, 356 bytes, Stack size 88 bytes, r_dac.o(.text.R_DAC_Open))
<BR><BR>[Stack]<UL><LI>Max Depth = 144<LI>Call Chain = R_DAC_Open &rArr; R_BSP_SoftwareDelay
</UL>
<BR>[Calls]<UL><LI><a href="#[5a]">&gt;&gt;</a>&nbsp;&nbsp;&nbsp;R_BSP_SoftwareDelay
</UL>
<BR>[Address Reference Count : 1]<UL><LI> r_dac.o(.rodata.g_dac_on_dac)
</UL>
<P><STRONG><a name="[2e]"></a>R_DAC_Start</STRONG> (Thumb, 424 bytes, Stack size 72 bytes, r_dac.o(.text.R_DAC_Start))
<BR><BR>[Stack]<UL><LI>Max Depth = 128<LI>Call Chain = R_DAC_Start &rArr; R_BSP_SoftwareDelay
</UL>
<BR>[Calls]<UL><LI><a href="#[5a]">&gt;&gt;</a>&nbsp;&nbsp;&nbsp;R_BSP_SoftwareDelay
</UL>
<BR>[Address Reference Count : 1]<UL><LI> r_dac.o(.rodata.g_dac_on_dac)
</UL>
<P><STRONG><a name="[2f]"></a>R_DAC_Stop</STRONG> (Thumb, 84 bytes, Stack size 24 bytes, r_dac.o(.text.R_DAC_Stop))
<BR><BR>[Stack]<UL><LI>Max Depth = 24<LI>Call Chain = R_DAC_Stop
</UL>
<BR>[Address Reference Count : 1]<UL><LI> r_dac.o(.rodata.g_dac_on_dac)
</UL>
<P><STRONG><a name="[2d]"></a>R_DAC_Write</STRONG> (Thumb, 32 bytes, Stack size 12 bytes, r_dac.o(.text.R_DAC_Write))
<BR><BR>[Stack]<UL><LI>Max Depth = 12<LI>Call Chain = R_DAC_Write
</UL>
<BR>[Address Reference Count : 1]<UL><LI> r_dac.o(.rodata.g_dac_on_dac)
</UL>
<P><STRONG><a name="[31]"></a>R_IOPORT_Close</STRONG> (Thumb, 18 bytes, Stack size 8 bytes, r_ioport.o(.text.R_IOPORT_Close))
<BR><BR>[Stack]<UL><LI>Max Depth = 8<LI>Call Chain = R_IOPORT_Close
</UL>
<BR>[Address Reference Count : 1]<UL><LI> r_ioport.o(.rodata.g_ioport_on_ioport)
</UL>
<P><STRONG><a name="[30]"></a>R_IOPORT_Open</STRONG> (Thumb, 36 bytes, Stack size 24 bytes, r_ioport.o(.text.R_IOPORT_Open))
<BR><BR>[Stack]<UL><LI>Max Depth = 144<LI>Call Chain = R_IOPORT_Open &rArr; r_ioport_pins_config &rArr; bsp_vbatt_init &rArr; R_BSP_SoftwareDelay
</UL>
<BR>[Calls]<UL><LI><a href="#[76]">&gt;&gt;</a>&nbsp;&nbsp;&nbsp;r_ioport_pins_config
</UL>
<BR>[Address Reference Count : 1]<UL><LI> r_ioport.o(.rodata.g_ioport_on_ioport)
</UL>
<P><STRONG><a name="[33]"></a>R_IOPORT_PinCfg</STRONG> (Thumb, 64 bytes, Stack size 40 bytes, r_ioport.o(.text.R_IOPORT_PinCfg))
<BR><BR>[Stack]<UL><LI>Max Depth = 136<LI>Call Chain = R_IOPORT_PinCfg &rArr; bsp_vbatt_init &rArr; R_BSP_SoftwareDelay
</UL>
<BR>[Calls]<UL><LI><a href="#[7a]">&gt;&gt;</a>&nbsp;&nbsp;&nbsp;R_BSP_PinAccessDisable
<LI><a href="#[79]">&gt;&gt;</a>&nbsp;&nbsp;&nbsp;r_ioport_pfs_write
<LI><a href="#[78]">&gt;&gt;</a>&nbsp;&nbsp;&nbsp;R_BSP_PinAccessEnable
<LI><a href="#[77]">&gt;&gt;</a>&nbsp;&nbsp;&nbsp;bsp_vbatt_init
</UL>
<BR>[Address Reference Count : 1]<UL><LI> r_ioport.o(.rodata.g_ioport_on_ioport)
</UL>
<P><STRONG><a name="[34]"></a>R_IOPORT_PinEventInputRead</STRONG> (Thumb, 96 bytes, Stack size 20 bytes, r_ioport.o(.text.R_IOPORT_PinEventInputRead))
<BR><BR>[Stack]<UL><LI>Max Depth = 20<LI>Call Chain = R_IOPORT_PinEventInputRead
</UL>
<BR>[Address Reference Count : 1]<UL><LI> r_ioport.o(.rodata.g_ioport_on_ioport)
</UL>
<P><STRONG><a name="[35]"></a>R_IOPORT_PinEventOutputWrite</STRONG> (Thumb, 38 bytes, Stack size 16 bytes, r_ioport.o(.text.R_IOPORT_PinEventOutputWrite))
<BR><BR>[Stack]<UL><LI>Max Depth = 36<LI>Call Chain = R_IOPORT_PinEventOutputWrite &rArr; r_ioport_hw_pin_event_output_data_write
</UL>
<BR>[Calls]<UL><LI><a href="#[7b]">&gt;&gt;</a>&nbsp;&nbsp;&nbsp;r_ioport_hw_pin_event_output_data_write
</UL>
<BR>[Address Reference Count : 1]<UL><LI> r_ioport.o(.rodata.g_ioport_on_ioport)
</UL>
<P><STRONG><a name="[36]"></a>R_IOPORT_PinRead</STRONG> (Thumb, 30 bytes, Stack size 24 bytes, r_ioport.o(.text.R_IOPORT_PinRead))
<BR><BR>[Stack]<UL><LI>Max Depth = 28<LI>Call Chain = R_IOPORT_PinRead &rArr; R_BSP_PinRead
</UL>
<BR>[Calls]<UL><LI><a href="#[7c]">&gt;&gt;</a>&nbsp;&nbsp;&nbsp;R_BSP_PinRead
</UL>
<BR>[Called By]<UL><LI><a href="#[b9]">&gt;&gt;</a>&nbsp;&nbsp;&nbsp;gpio_get_level
</UL>
<BR>[Address Reference Count : 1]<UL><LI> r_ioport.o(.rodata.g_ioport_on_ioport)
</UL>
<P><STRONG><a name="[37]"></a>R_IOPORT_PinWrite</STRONG> (Thumb, 128 bytes, Stack size 24 bytes, r_ioport.o(.text.R_IOPORT_PinWrite))
<BR><BR>[Stack]<UL><LI>Max Depth = 24<LI>Call Chain = R_IOPORT_PinWrite
</UL>
<BR>[Called By]<UL><LI><a href="#[a9]">&gt;&gt;</a>&nbsp;&nbsp;&nbsp;gpio_set_level
</UL>
<BR>[Address Reference Count : 1]<UL><LI> r_ioport.o(.rodata.g_ioport_on_ioport)
</UL>
<P><STRONG><a name="[32]"></a>R_IOPORT_PinsCfg</STRONG> (Thumb, 20 bytes, Stack size 16 bytes, r_ioport.o(.text.R_IOPORT_PinsCfg))
<BR><BR>[Stack]<UL><LI>Max Depth = 136<LI>Call Chain = R_IOPORT_PinsCfg &rArr; r_ioport_pins_config &rArr; bsp_vbatt_init &rArr; R_BSP_SoftwareDelay
</UL>
<BR>[Calls]<UL><LI><a href="#[76]">&gt;&gt;</a>&nbsp;&nbsp;&nbsp;r_ioport_pins_config
</UL>
<BR>[Address Reference Count : 1]<UL><LI> r_ioport.o(.rodata.g_ioport_on_ioport)
</UL>
<P><STRONG><a name="[38]"></a>R_IOPORT_PortDirectionSet</STRONG> (Thumb, 104 bytes, Stack size 32 bytes, r_ioport.o(.text.R_IOPORT_PortDirectionSet))
<BR><BR>[Stack]<UL><LI>Max Depth = 32<LI>Call Chain = R_IOPORT_PortDirectionSet
</UL>
<BR>[Address Reference Count : 1]<UL><LI> r_ioport.o(.rodata.g_ioport_on_ioport)
</UL>
<P><STRONG><a name="[39]"></a>R_IOPORT_PortEventInputRead</STRONG> (Thumb, 52 bytes, Stack size 16 bytes, r_ioport.o(.text.R_IOPORT_PortEventInputRead))
<BR><BR>[Stack]<UL><LI>Max Depth = 16<LI>Call Chain = R_IOPORT_PortEventInputRead
</UL>
<BR>[Address Reference Count : 1]<UL><LI> r_ioport.o(.rodata.g_ioport_on_ioport)
</UL>
<P><STRONG><a name="[3a]"></a>R_IOPORT_PortEventOutputWrite</STRONG> (Thumb, 92 bytes, Stack size 20 bytes, r_ioport.o(.text.R_IOPORT_PortEventOutputWrite))
<BR><BR>[Stack]<UL><LI>Max Depth = 20<LI>Call Chain = R_IOPORT_PortEventOutputWrite
</UL>
<BR>[Address Reference Count : 1]<UL><LI> r_ioport.o(.rodata.g_ioport_on_ioport)
</UL>
<P><STRONG><a name="[3b]"></a>R_IOPORT_PortRead</STRONG> (Thumb, 50 bytes, Stack size 16 bytes, r_ioport.o(.text.R_IOPORT_PortRead))
<BR><BR>[Stack]<UL><LI>Max Depth = 16<LI>Call Chain = R_IOPORT_PortRead
</UL>
<BR>[Address Reference Count : 1]<UL><LI> r_ioport.o(.rodata.g_ioport_on_ioport)
</UL>
<P><STRONG><a name="[3c]"></a>R_IOPORT_PortWrite</STRONG> (Thumb, 92 bytes, Stack size 20 bytes, r_ioport.o(.text.R_IOPORT_PortWrite))
<BR><BR>[Stack]<UL><LI>Max Depth = 20<LI>Call Chain = R_IOPORT_PortWrite
</UL>
<BR>[Address Reference Count : 1]<UL><LI> r_ioport.o(.rodata.g_ioport_on_ioport)
</UL>
<P><STRONG><a name="[44]"></a>R_SCI_B_UART_Abort</STRONG> (Thumb, 146 bytes, Stack size 20 bytes, r_sci_b_uart.o(.text.R_SCI_B_UART_Abort))
<BR><BR>[Stack]<UL><LI>Max Depth = 20<LI>Call Chain = R_SCI_B_UART_Abort
</UL>
<BR>[Address Reference Count : 1]<UL><LI> r_sci_b_uart.o(.rodata.g_uart_on_sci_b)
</UL>
<P><STRONG><a name="[7d]"></a>R_SCI_B_UART_BaudCalculate</STRONG> (Thumb, 576 bytes, Stack size 80 bytes, r_sci_b_uart.o(.text.R_SCI_B_UART_BaudCalculate))
<BR><BR>[Stack]<UL><LI>Max Depth = 144<LI>Call Chain = R_SCI_B_UART_BaudCalculate &rArr; __aeabi_ldivmod &rArr; __aeabi_uldivmod
</UL>
<BR>[Calls]<UL><LI><a href="#[73]">&gt;&gt;</a>&nbsp;&nbsp;&nbsp;R_FSP_SciClockHzGet
<LI><a href="#[4b]">&gt;&gt;</a>&nbsp;&nbsp;&nbsp;__aeabi_ldivmod
</UL>
<BR>[Called By]<UL><LI><a href="#[bf]">&gt;&gt;</a>&nbsp;&nbsp;&nbsp;uart3_init
</UL>

<P><STRONG><a name="[42]"></a>R_SCI_B_UART_BaudSet</STRONG> (Thumb, 68 bytes, Stack size 16 bytes, r_sci_b_uart.o(.text.R_SCI_B_UART_BaudSet))
<BR><BR>[Stack]<UL><LI>Max Depth = 16<LI>Call Chain = R_SCI_B_UART_BaudSet
</UL>
<BR>[Address Reference Count : 1]<UL><LI> r_sci_b_uart.o(.rodata.g_uart_on_sci_b)
</UL>
<P><STRONG><a name="[45]"></a>R_SCI_B_UART_CallbackSet</STRONG> (Thumb, 38 bytes, Stack size 20 bytes, r_sci_b_uart.o(.text.R_SCI_B_UART_CallbackSet))
<BR><BR>[Stack]<UL><LI>Max Depth = 20<LI>Call Chain = R_SCI_B_UART_CallbackSet
</UL>
<BR>[Address Reference Count : 1]<UL><LI> r_sci_b_uart.o(.rodata.g_uart_on_sci_b)
</UL>
<P><STRONG><a name="[46]"></a>R_SCI_B_UART_Close</STRONG> (Thumb, 226 bytes, Stack size 40 bytes, r_sci_b_uart.o(.text.R_SCI_B_UART_Close))
<BR><BR>[Stack]<UL><LI>Max Depth = 96<LI>Call Chain = R_SCI_B_UART_Close &rArr; R_BSP_SoftwareDelay
</UL>
<BR>[Calls]<UL><LI><a href="#[5a]">&gt;&gt;</a>&nbsp;&nbsp;&nbsp;R_BSP_SoftwareDelay
<LI><a href="#[7e]">&gt;&gt;</a>&nbsp;&nbsp;&nbsp;R_BSP_IrqDisable
</UL>
<BR>[Address Reference Count : 1]<UL><LI> r_sci_b_uart.o(.rodata.g_uart_on_sci_b)
</UL>
<P><STRONG><a name="[43]"></a>R_SCI_B_UART_InfoGet</STRONG> (Thumb, 24 bytes, Stack size 8 bytes, r_sci_b_uart.o(.text.R_SCI_B_UART_InfoGet))
<BR><BR>[Stack]<UL><LI>Max Depth = 8<LI>Call Chain = R_SCI_B_UART_InfoGet
</UL>
<BR>[Address Reference Count : 1]<UL><LI> r_sci_b_uart.o(.rodata.g_uart_on_sci_b)
</UL>
<P><STRONG><a name="[3f]"></a>R_SCI_B_UART_Open</STRONG> (Thumb, 356 bytes, Stack size 48 bytes, r_sci_b_uart.o(.text.R_SCI_B_UART_Open))
<BR><BR>[Stack]<UL><LI>Max Depth = 112<LI>Call Chain = R_SCI_B_UART_Open &rArr; r_sci_b_irqs_cfg &rArr; r_sci_b_irq_cfg &rArr; R_BSP_IrqCfg &rArr; R_FSP_IsrContextSet
</UL>
<BR>[Calls]<UL><LI><a href="#[5a]">&gt;&gt;</a>&nbsp;&nbsp;&nbsp;R_BSP_SoftwareDelay
<LI><a href="#[6c]">&gt;&gt;</a>&nbsp;&nbsp;&nbsp;R_BSP_IrqEnable
<LI><a href="#[80]">&gt;&gt;</a>&nbsp;&nbsp;&nbsp;r_sci_b_uart_config_set
<LI><a href="#[7f]">&gt;&gt;</a>&nbsp;&nbsp;&nbsp;r_sci_b_irqs_cfg
</UL>
<BR>[Address Reference Count : 1]<UL><LI> r_sci_b_uart.o(.rodata.g_uart_on_sci_b)
</UL>
<P><STRONG><a name="[40]"></a>R_SCI_B_UART_Read</STRONG> (Thumb, 34 bytes, Stack size 20 bytes, r_sci_b_uart.o(.text.R_SCI_B_UART_Read))
<BR><BR>[Stack]<UL><LI>Max Depth = 20<LI>Call Chain = R_SCI_B_UART_Read
</UL>
<BR>[Address Reference Count : 1]<UL><LI> r_sci_b_uart.o(.rodata.g_uart_on_sci_b)
</UL>
<P><STRONG><a name="[47]"></a>R_SCI_B_UART_ReadStop</STRONG> (Thumb, 28 bytes, Stack size 12 bytes, r_sci_b_uart.o(.text.R_SCI_B_UART_ReadStop))
<BR><BR>[Stack]<UL><LI>Max Depth = 12<LI>Call Chain = R_SCI_B_UART_ReadStop
</UL>
<BR>[Address Reference Count : 1]<UL><LI> r_sci_b_uart.o(.rodata.g_uart_on_sci_b)
</UL>
<P><STRONG><a name="[41]"></a>R_SCI_B_UART_Write</STRONG> (Thumb, 102 bytes, Stack size 16 bytes, r_sci_b_uart.o(.text.R_SCI_B_UART_Write))
<BR><BR>[Stack]<UL><LI>Max Depth = 16<LI>Call Chain = R_SCI_B_UART_Write
</UL>
<BR>[Address Reference Count : 1]<UL><LI> r_sci_b_uart.o(.rodata.g_uart_on_sci_b)
</UL>
<P><STRONG><a name="[0]"></a>Reset_Handler</STRONG> (Thumb, 14 bytes, Stack size 8 bytes, startup.o(.text.Reset_Handler))
<BR><BR>[Stack]<UL><LI>Max Depth = 888<LI>Call Chain = Reset_Handler &rArr; main &rArr; hal_entry &rArr; fatigue_process_frame &rArr; hmi_show_alert &rArr; voice_assistant_say &rArr; zf_sprintf &rArr; number_conversion_ascii
</UL>
<BR>[Calls]<UL><LI><a href="#[82]">&gt;&gt;</a>&nbsp;&nbsp;&nbsp;main
<LI><a href="#[81]">&gt;&gt;</a>&nbsp;&nbsp;&nbsp;SystemInit
</UL>
<BR>[Address Reference Count : 1]<UL><LI> startup.o(.fixed_vectors)
</UL>
<P><STRONG><a name="[89]"></a>SystemCoreClockUpdate</STRONG> (Thumb, 282 bytes, Stack size 8 bytes, bsp_clocks.o(.text.SystemCoreClockUpdate))
<BR><BR>[Stack]<UL><LI>Max Depth = 8<LI>Call Chain = SystemCoreClockUpdate
</UL>
<BR>[Called By]<UL><LI><a href="#[81]">&gt;&gt;</a>&nbsp;&nbsp;&nbsp;SystemInit
<LI><a href="#[9a]">&gt;&gt;</a>&nbsp;&nbsp;&nbsp;bsp_prv_clock_set_hard_reset
<LI><a href="#[97]">&gt;&gt;</a>&nbsp;&nbsp;&nbsp;bsp_clock_freq_var_init
</UL>

<P><STRONG><a name="[81]"></a>SystemInit</STRONG> (Thumb, 556 bytes, Stack size 40 bytes, system.o(.text.SystemInit))
<BR><BR>[Stack]<UL><LI>Max Depth = 152<LI>Call Chain = SystemInit &rArr; bsp_clock_init &rArr; bsp_prv_clock_set_hard_reset &rArr; R_BSP_SoftwareDelay
</UL>
<BR>[Calls]<UL><LI><a href="#[8b]">&gt;&gt;</a>&nbsp;&nbsp;&nbsp;bsp_init
<LI><a href="#[8a]">&gt;&gt;</a>&nbsp;&nbsp;&nbsp;bsp_irq_cfg
<LI><a href="#[5c]">&gt;&gt;</a>&nbsp;&nbsp;&nbsp;R_BSP_RegisterProtectEnable
<LI><a href="#[5b]">&gt;&gt;</a>&nbsp;&nbsp;&nbsp;R_BSP_RegisterProtectDisable
<LI><a href="#[59]">&gt;&gt;</a>&nbsp;&nbsp;&nbsp;R_BSP_Init_RTC
<LI><a href="#[89]">&gt;&gt;</a>&nbsp;&nbsp;&nbsp;SystemCoreClockUpdate
<LI><a href="#[84]">&gt;&gt;</a>&nbsp;&nbsp;&nbsp;bsp_clock_init
<LI><a href="#[83]">&gt;&gt;</a>&nbsp;&nbsp;&nbsp;R_BSP_WarmStart
<LI><a href="#[88]">&gt;&gt;</a>&nbsp;&nbsp;&nbsp;bsp_init_dtcm
<LI><a href="#[87]">&gt;&gt;</a>&nbsp;&nbsp;&nbsp;bsp_init_itcm
<LI><a href="#[85]">&gt;&gt;</a>&nbsp;&nbsp;&nbsp;__aeabi_memclr4
<LI><a href="#[86]">&gt;&gt;</a>&nbsp;&nbsp;&nbsp;__aeabi_memcpy4
</UL>
<BR>[Called By]<UL><LI><a href="#[0]">&gt;&gt;</a>&nbsp;&nbsp;&nbsp;Reset_Handler
</UL>

<P><STRONG><a name="[13]"></a>adc_scan_end_isr</STRONG> (Thumb, 10 bytes, Stack size 8 bytes, r_adc.o(.text.adc_scan_end_isr))
<BR><BR>[Stack]<UL><LI>Max Depth = 136<LI>Call Chain = adc_scan_end_isr &rArr; r_adc_scan_end_common_isr &rArr; r_adc_call_callback
</UL>
<BR>[Calls]<UL><LI><a href="#[8c]">&gt;&gt;</a>&nbsp;&nbsp;&nbsp;r_adc_scan_end_common_isr
</UL>
<BR>[Address Reference Count : 1]<UL><LI> vector_data.o(.application_vectors)
</UL>
<P><STRONG><a name="[19]"></a>agt_int_isr</STRONG> (Thumb, 230 bytes, Stack size 48 bytes, r_agt.o(.text.agt_int_isr))
<BR><BR>[Stack]<UL><LI>Max Depth = 56<LI>Call Chain = agt_int_isr &rArr; R_FSP_CurrentIrqGet
</UL>
<BR>[Calls]<UL><LI><a href="#[8f]">&gt;&gt;</a>&nbsp;&nbsp;&nbsp;R_FSP_IsrContextGet
<LI><a href="#[8e]">&gt;&gt;</a>&nbsp;&nbsp;&nbsp;R_BSP_IrqStatusClear
<LI><a href="#[8d]">&gt;&gt;</a>&nbsp;&nbsp;&nbsp;R_FSP_CurrentIrqGet
</UL>
<BR>[Address Reference Count : 1]<UL><LI> vector_data.o(.application_vectors)
</UL>
<P><STRONG><a name="[90]"></a>audio_player_init</STRONG> (Thumb, 24 bytes, Stack size 8 bytes, audio_player.o(.text.audio_player_init))
<BR><BR>[Stack]<UL><LI>Max Depth = 64<LI>Call Chain = audio_player_init &rArr; dac_init &rArr; gpio_set_level &rArr; R_IOPORT_PinWrite
</UL>
<BR>[Calls]<UL><LI><a href="#[91]">&gt;&gt;</a>&nbsp;&nbsp;&nbsp;dac_init
<LI><a href="#[92]">&gt;&gt;</a>&nbsp;&nbsp;&nbsp;audio_player_silence
</UL>
<BR>[Called By]<UL><LI><a href="#[ae]">&gt;&gt;</a>&nbsp;&nbsp;&nbsp;voice_assistant_init
</UL>

<P><STRONG><a name="[93]"></a>audio_player_play_level</STRONG> (Thumb, 116 bytes, Stack size 16 bytes, audio_player.o(.text.audio_player_play_level))
<BR><BR>[Stack]<UL><LI>Max Depth = 120<LI>Call Chain = audio_player_play_level &rArr; audio_player_play_pcm &rArr; system_delay_us &rArr; R_BSP_SoftwareDelay
</UL>
<BR>[Calls]<UL><LI><a href="#[94]">&gt;&gt;</a>&nbsp;&nbsp;&nbsp;audio_player_play_pcm
<LI><a href="#[92]">&gt;&gt;</a>&nbsp;&nbsp;&nbsp;audio_player_silence
</UL>
<BR>[Called By]<UL><LI><a href="#[c7]">&gt;&gt;</a>&nbsp;&nbsp;&nbsp;voice_assistant_say
</UL>

<P><STRONG><a name="[92]"></a>audio_player_silence</STRONG> (Thumb, 12 bytes, Stack size 8 bytes, audio_player.o(.text.audio_player_silence))
<BR><BR>[Stack]<UL><LI>Max Depth = 24<LI>Call Chain = audio_player_silence &rArr; dac_out
</UL>
<BR>[Calls]<UL><LI><a href="#[95]">&gt;&gt;</a>&nbsp;&nbsp;&nbsp;dac_out
</UL>
<BR>[Called By]<UL><LI><a href="#[94]">&gt;&gt;</a>&nbsp;&nbsp;&nbsp;audio_player_play_pcm
<LI><a href="#[93]">&gt;&gt;</a>&nbsp;&nbsp;&nbsp;audio_player_play_level
<LI><a href="#[90]">&gt;&gt;</a>&nbsp;&nbsp;&nbsp;audio_player_init
<LI><a href="#[b3]">&gt;&gt;</a>&nbsp;&nbsp;&nbsp;voice_assistant_silence
</UL>

<P><STRONG><a name="[84]"></a>bsp_clock_init</STRONG> (Thumb, 428 bytes, Stack size 16 bytes, bsp_clocks.o(.text.bsp_clock_init))
<BR><BR>[Stack]<UL><LI>Max Depth = 112<LI>Call Chain = bsp_clock_init &rArr; bsp_prv_clock_set_hard_reset &rArr; R_BSP_SoftwareDelay
</UL>
<BR>[Calls]<UL><LI><a href="#[9b]">&gt;&gt;</a>&nbsp;&nbsp;&nbsp;bsp_peripheral_clock_set
<LI><a href="#[9a]">&gt;&gt;</a>&nbsp;&nbsp;&nbsp;bsp_prv_clock_set_hard_reset
<LI><a href="#[99]">&gt;&gt;</a>&nbsp;&nbsp;&nbsp;bsp_prv_sosc_init
<LI><a href="#[97]">&gt;&gt;</a>&nbsp;&nbsp;&nbsp;bsp_clock_freq_var_init
<LI><a href="#[98]">&gt;&gt;</a>&nbsp;&nbsp;&nbsp;R_BSP_FlashCacheEnable
</UL>
<BR>[Called By]<UL><LI><a href="#[81]">&gt;&gt;</a>&nbsp;&nbsp;&nbsp;SystemInit
</UL>

<P><STRONG><a name="[8b]"></a>bsp_init</STRONG> (Thumb, 8 bytes, Stack size 4 bytes, bsp_common.o(.text.bsp_init_internal))
<BR><BR>[Stack]<UL><LI>Max Depth = 4<LI>Call Chain = bsp_init
</UL>
<BR>[Called By]<UL><LI><a href="#[81]">&gt;&gt;</a>&nbsp;&nbsp;&nbsp;SystemInit
</UL>

<P><STRONG><a name="[114]"></a>bsp_init_internal</STRONG> (Thumb, 8 bytes, Stack size 4 bytes, bsp_common.o(.text.bsp_init_internal), UNUSED)

<P><STRONG><a name="[8a]"></a>bsp_irq_cfg</STRONG> (Thumb, 76 bytes, Stack size 4 bytes, bsp_irq.o(.text.bsp_irq_cfg))
<BR><BR>[Stack]<UL><LI>Max Depth = 4<LI>Call Chain = bsp_irq_cfg
</UL>
<BR>[Called By]<UL><LI><a href="#[81]">&gt;&gt;</a>&nbsp;&nbsp;&nbsp;SystemInit
</UL>

<P><STRONG><a name="[70]"></a>bsp_prv_software_delay_loop</STRONG> (Thumb, 8 bytes, Stack size 0 bytes, bsp_delay.o(.text.bsp_prv_software_delay_loop))
<BR><BR>[Calls]<UL><LI><a href="#[70]">&gt;&gt;</a>&nbsp;&nbsp;&nbsp;bsp_prv_software_delay_loop
</UL>
<BR>[Called By]<UL><LI><a href="#[5a]">&gt;&gt;</a>&nbsp;&nbsp;&nbsp;R_BSP_SoftwareDelay
<LI><a href="#[70]">&gt;&gt;</a>&nbsp;&nbsp;&nbsp;bsp_prv_software_delay_loop
</UL>

<P><STRONG><a name="[14]"></a>ceu_isr</STRONG> (Thumb, 92 bytes, Stack size 32 bytes, r_ceu.o(.text.ceu_isr))
<BR><BR>[Stack]<UL><LI>Max Depth = 64<LI>Call Chain = ceu_isr &rArr; ceu_call_callback
</UL>
<BR>[Calls]<UL><LI><a href="#[a2]">&gt;&gt;</a>&nbsp;&nbsp;&nbsp;ceu_call_callback
<LI><a href="#[a1]">&gt;&gt;</a>&nbsp;&nbsp;&nbsp;R_FSP_IsrContextGet
<LI><a href="#[66]">&gt;&gt;</a>&nbsp;&nbsp;&nbsp;R_BSP_IrqStatusClear
<LI><a href="#[a0]">&gt;&gt;</a>&nbsp;&nbsp;&nbsp;R_FSP_CurrentIrqGet
</UL>
<BR>[Address Reference Count : 1]<UL><LI> vector_data.o(.application_vectors)
</UL>
<P><STRONG><a name="[a3]"></a>cnn_classify</STRONG> (Thumb, 532 bytes, Stack size 152 bytes, cnn_inference.o(.text.cnn_classify))
<BR><BR>[Stack]<UL><LI>Max Depth = 304<LI>Call Chain = cnn_classify &rArr; conv2d &rArr; conv2d_stride
</UL>
<BR>[Calls]<UL><LI><a href="#[a8]">&gt;&gt;</a>&nbsp;&nbsp;&nbsp;dense
<LI><a href="#[a7]">&gt;&gt;</a>&nbsp;&nbsp;&nbsp;conv2d
<LI><a href="#[a6]">&gt;&gt;</a>&nbsp;&nbsp;&nbsp;maxpool2x2
<LI><a href="#[a5]">&gt;&gt;</a>&nbsp;&nbsp;&nbsp;conv2d_stride
<LI><a href="#[a4]">&gt;&gt;</a>&nbsp;&nbsp;&nbsp;normalize_input
</UL>
<BR>[Called By]<UL><LI><a href="#[b0]">&gt;&gt;</a>&nbsp;&nbsp;&nbsp;fatigue_process_frame
</UL>

<P><STRONG><a name="[ac]"></a>cnn_init</STRONG> (Thumb, 252 bytes, Stack size 24 bytes, cnn_inference.o(.text.cnn_init))
<BR><BR>[Stack]<UL><LI>Max Depth = 24<LI>Call Chain = cnn_init
</UL>
<BR>[Called By]<UL><LI><a href="#[aa]">&gt;&gt;</a>&nbsp;&nbsp;&nbsp;fatigue_init
</UL>

<P><STRONG><a name="[91]"></a>dac_init</STRONG> (Thumb, 46 bytes, Stack size 16 bytes, zf_driver_dac.o(.text.dac_init))
<BR><BR>[Stack]<UL><LI>Max Depth = 56<LI>Call Chain = dac_init &rArr; gpio_set_level &rArr; R_IOPORT_PinWrite
</UL>
<BR>[Calls]<UL><LI><a href="#[a9]">&gt;&gt;</a>&nbsp;&nbsp;&nbsp;gpio_set_level
</UL>
<BR>[Called By]<UL><LI><a href="#[90]">&gt;&gt;</a>&nbsp;&nbsp;&nbsp;audio_player_init
</UL>

<P><STRONG><a name="[95]"></a>dac_out</STRONG> (Thumb, 32 bytes, Stack size 16 bytes, zf_driver_dac.o(.text.dac_out))
<BR><BR>[Stack]<UL><LI>Max Depth = 16<LI>Call Chain = dac_out
</UL>
<BR>[Called By]<UL><LI><a href="#[94]">&gt;&gt;</a>&nbsp;&nbsp;&nbsp;audio_player_play_pcm
<LI><a href="#[92]">&gt;&gt;</a>&nbsp;&nbsp;&nbsp;audio_player_silence
</UL>

<P><STRONG><a name="[bc]"></a>debug_init</STRONG> (Thumb, 22 bytes, Stack size 8 bytes, zf_common_debug.o(.text.debug_init))
<BR><BR>[Stack]<UL><LI>Max Depth = 8<LI>Call Chain = debug_init
</UL>
<BR>[Called By]<UL><LI><a href="#[ba]">&gt;&gt;</a>&nbsp;&nbsp;&nbsp;hal_entry
</UL>

<P><STRONG><a name="[aa]"></a>fatigue_init</STRONG> (Thumb, 248 bytes, Stack size 16 bytes, fatigue_detect.o(.text.fatigue_init))
<BR><BR>[Stack]<UL><LI>Max Depth = 456<LI>Call Chain = fatigue_init &rArr; hmi_init &rArr; hmi_send_boot &rArr; zf_sprintf &rArr; number_conversion_ascii
</UL>
<BR>[Calls]<UL><LI><a href="#[ae]">&gt;&gt;</a>&nbsp;&nbsp;&nbsp;voice_assistant_init
<LI><a href="#[ad]">&gt;&gt;</a>&nbsp;&nbsp;&nbsp;hmi_init
<LI><a href="#[ac]">&gt;&gt;</a>&nbsp;&nbsp;&nbsp;cnn_init
<LI><a href="#[ab]">&gt;&gt;</a>&nbsp;&nbsp;&nbsp;reset_vote
<LI><a href="#[a9]">&gt;&gt;</a>&nbsp;&nbsp;&nbsp;gpio_set_level
<LI><a href="#[af]">&gt;&gt;</a>&nbsp;&nbsp;&nbsp;printf
</UL>
<BR>[Called By]<UL><LI><a href="#[ba]">&gt;&gt;</a>&nbsp;&nbsp;&nbsp;hal_entry
</UL>

<P><STRONG><a name="[b0]"></a>fatigue_process_frame</STRONG> (Thumb, 1638 bytes, Stack size 104 bytes, fatigue_detect.o(.text.fatigue_process_frame))
<BR><BR>[Stack]<UL><LI>Max Depth = 848<LI>Call Chain = fatigue_process_frame &rArr; hmi_show_alert &rArr; voice_assistant_say &rArr; zf_sprintf &rArr; number_conversion_ascii
</UL>
<BR>[Calls]<UL><LI><a href="#[b8]">&gt;&gt;</a>&nbsp;&nbsp;&nbsp;hmi_process_command
<LI><a href="#[a3]">&gt;&gt;</a>&nbsp;&nbsp;&nbsp;cnn_classify
<LI><a href="#[b5]">&gt;&gt;</a>&nbsp;&nbsp;&nbsp;hmi_update_status
<LI><a href="#[b4]">&gt;&gt;</a>&nbsp;&nbsp;&nbsp;hmi_show_alert
<LI><a href="#[b3]">&gt;&gt;</a>&nbsp;&nbsp;&nbsp;voice_assistant_silence
<LI><a href="#[b7]">&gt;&gt;</a>&nbsp;&nbsp;&nbsp;update_fatigue_score
<LI><a href="#[b6]">&gt;&gt;</a>&nbsp;&nbsp;&nbsp;update_vote
<LI><a href="#[b2]">&gt;&gt;</a>&nbsp;&nbsp;&nbsp;is_target_valid
<LI><a href="#[b1]">&gt;&gt;</a>&nbsp;&nbsp;&nbsp;crop_and_resize
<LI><a href="#[ab]">&gt;&gt;</a>&nbsp;&nbsp;&nbsp;reset_vote
<LI><a href="#[a9]">&gt;&gt;</a>&nbsp;&nbsp;&nbsp;gpio_set_level
<LI><a href="#[af]">&gt;&gt;</a>&nbsp;&nbsp;&nbsp;printf
</UL>
<BR>[Called By]<UL><LI><a href="#[ba]">&gt;&gt;</a>&nbsp;&nbsp;&nbsp;hal_entry
</UL>

<P><STRONG><a name="[24]"></a>fputc</STRONG> (Thumb, 66 bytes, Stack size 16 bytes, zf_common_debug.o(.text.fputc))
<BR><BR>[Stack]<UL><LI>Max Depth = 16<LI>Call Chain = fputc
</UL>
<BR>[Address Reference Count : 1]<UL><LI> printfa.o(i.__0printf)
</UL>
<P><STRONG><a name="[25]"></a>g_ceu_mt9v03x_callback</STRONG> (Thumb, 32 bytes, Stack size 4 bytes, zf_device_mt9v03x.o(.text.g_ceu_mt9v03x_callback))
<BR><BR>[Stack]<UL><LI>Max Depth = 4<LI>Call Chain = g_ceu_mt9v03x_callback
</UL>
<BR>[Address Reference Count : 1]<UL><LI> hal_data.o(.rodata.g_ceu_mt9v03x_cfg)
</UL>
<P><STRONG><a name="[b9]"></a>gpio_get_level</STRONG> (Thumb, 58 bytes, Stack size 24 bytes, zf_driver_gpio.o(.text.gpio_get_level))
<BR><BR>[Stack]<UL><LI>Max Depth = 52<LI>Call Chain = gpio_get_level &rArr; R_IOPORT_PinRead &rArr; R_BSP_PinRead
</UL>
<BR>[Calls]<UL><LI><a href="#[36]">&gt;&gt;</a>&nbsp;&nbsp;&nbsp;R_IOPORT_PinRead
</UL>
<BR>[Called By]<UL><LI><a href="#[e4]">&gt;&gt;</a>&nbsp;&nbsp;&nbsp;soft_iic_read_data
<LI><a href="#[e9]">&gt;&gt;</a>&nbsp;&nbsp;&nbsp;soft_iic_wait_ack
</UL>

<P><STRONG><a name="[a9]"></a>gpio_set_level</STRONG> (Thumb, 62 bytes, Stack size 16 bytes, zf_driver_gpio.o(.text.gpio_set_level))
<BR><BR>[Stack]<UL><LI>Max Depth = 40<LI>Call Chain = gpio_set_level &rArr; R_IOPORT_PinWrite
</UL>
<BR>[Calls]<UL><LI><a href="#[37]">&gt;&gt;</a>&nbsp;&nbsp;&nbsp;R_IOPORT_PinWrite
</UL>
<BR>[Called By]<UL><LI><a href="#[e5]">&gt;&gt;</a>&nbsp;&nbsp;&nbsp;soft_iic_send_ack
<LI><a href="#[e4]">&gt;&gt;</a>&nbsp;&nbsp;&nbsp;soft_iic_read_data
<LI><a href="#[e9]">&gt;&gt;</a>&nbsp;&nbsp;&nbsp;soft_iic_wait_ack
<LI><a href="#[e8]">&gt;&gt;</a>&nbsp;&nbsp;&nbsp;soft_iic_stop
<LI><a href="#[e7]">&gt;&gt;</a>&nbsp;&nbsp;&nbsp;soft_iic_send_data
<LI><a href="#[e6]">&gt;&gt;</a>&nbsp;&nbsp;&nbsp;soft_iic_start
<LI><a href="#[91]">&gt;&gt;</a>&nbsp;&nbsp;&nbsp;dac_init
<LI><a href="#[b0]">&gt;&gt;</a>&nbsp;&nbsp;&nbsp;fatigue_process_frame
<LI><a href="#[aa]">&gt;&gt;</a>&nbsp;&nbsp;&nbsp;fatigue_init
<LI><a href="#[ba]">&gt;&gt;</a>&nbsp;&nbsp;&nbsp;hal_entry
</UL>

<P><STRONG><a name="[ba]"></a>hal_entry</STRONG> (Thumb, 150 bytes, Stack size 16 bytes, hal_entry.o(.text.hal_entry))
<BR><BR>[Stack]<UL><LI>Max Depth = 864<LI>Call Chain = hal_entry &rArr; fatigue_process_frame &rArr; hmi_show_alert &rArr; voice_assistant_say &rArr; zf_sprintf &rArr; number_conversion_ascii
</UL>
<BR>[Calls]<UL><LI><a href="#[b0]">&gt;&gt;</a>&nbsp;&nbsp;&nbsp;fatigue_process_frame
<LI><a href="#[aa]">&gt;&gt;</a>&nbsp;&nbsp;&nbsp;fatigue_init
<LI><a href="#[a9]">&gt;&gt;</a>&nbsp;&nbsp;&nbsp;gpio_set_level
<LI><a href="#[be]">&gt;&gt;</a>&nbsp;&nbsp;&nbsp;mt9v03x_init
<LI><a href="#[bd]">&gt;&gt;</a>&nbsp;&nbsp;&nbsp;system_delay_ms
<LI><a href="#[bc]">&gt;&gt;</a>&nbsp;&nbsp;&nbsp;debug_init
<LI><a href="#[bb]">&gt;&gt;</a>&nbsp;&nbsp;&nbsp;init_sdram
<LI><a href="#[af]">&gt;&gt;</a>&nbsp;&nbsp;&nbsp;printf
</UL>
<BR>[Called By]<UL><LI><a href="#[82]">&gt;&gt;</a>&nbsp;&nbsp;&nbsp;main
</UL>

<P><STRONG><a name="[c6]"></a>hmi_get_advice_text</STRONG> (Thumb, 108 bytes, Stack size 12 bytes, hmi_display.o(.text.hmi_get_advice_text))
<BR><BR>[Stack]<UL><LI>Max Depth = 12<LI>Call Chain = hmi_get_advice_text
</UL>
<BR>[Called By]<UL><LI><a href="#[b5]">&gt;&gt;</a>&nbsp;&nbsp;&nbsp;hmi_update_status
<LI><a href="#[b4]">&gt;&gt;</a>&nbsp;&nbsp;&nbsp;hmi_show_alert
</UL>

<P><STRONG><a name="[c2]"></a>hmi_get_level_text</STRONG> (Thumb, 108 bytes, Stack size 12 bytes, hmi_display.o(.text.hmi_get_level_text))
<BR><BR>[Stack]<UL><LI>Max Depth = 12<LI>Call Chain = hmi_get_level_text
</UL>
<BR>[Called By]<UL><LI><a href="#[c1]">&gt;&gt;</a>&nbsp;&nbsp;&nbsp;hmi_push_status
<LI><a href="#[b4]">&gt;&gt;</a>&nbsp;&nbsp;&nbsp;hmi_show_alert
</UL>

<P><STRONG><a name="[ad]"></a>hmi_init</STRONG> (Thumb, 68 bytes, Stack size 8 bytes, hmi_display.o(.text.hmi_init))
<BR><BR>[Stack]<UL><LI>Max Depth = 440<LI>Call Chain = hmi_init &rArr; hmi_send_boot &rArr; zf_sprintf &rArr; number_conversion_ascii
</UL>
<BR>[Calls]<UL><LI><a href="#[bf]">&gt;&gt;</a>&nbsp;&nbsp;&nbsp;uart3_init
<LI><a href="#[c0]">&gt;&gt;</a>&nbsp;&nbsp;&nbsp;hmi_send_boot
<LI><a href="#[af]">&gt;&gt;</a>&nbsp;&nbsp;&nbsp;printf
</UL>
<BR>[Called By]<UL><LI><a href="#[aa]">&gt;&gt;</a>&nbsp;&nbsp;&nbsp;fatigue_init
</UL>

<P><STRONG><a name="[b8]"></a>hmi_process_command</STRONG> (Thumb, 2 bytes, Stack size 0 bytes, hmi_display.o(.text.hmi_process_command))
<BR><BR>[Called By]<UL><LI><a href="#[b0]">&gt;&gt;</a>&nbsp;&nbsp;&nbsp;fatigue_process_frame
</UL>

<P><STRONG><a name="[b4]"></a>hmi_show_alert</STRONG> (Thumb, 160 bytes, Stack size 176 bytes, hmi_display.o(.text.hmi_show_alert))
<BR><BR>[Stack]<UL><LI>Max Depth = 744<LI>Call Chain = hmi_show_alert &rArr; voice_assistant_say &rArr; zf_sprintf &rArr; number_conversion_ascii
</UL>
<BR>[Calls]<UL><LI><a href="#[c7]">&gt;&gt;</a>&nbsp;&nbsp;&nbsp;voice_assistant_say
<LI><a href="#[c3]">&gt;&gt;</a>&nbsp;&nbsp;&nbsp;zf_sprintf
<LI><a href="#[c6]">&gt;&gt;</a>&nbsp;&nbsp;&nbsp;hmi_get_advice_text
<LI><a href="#[c2]">&gt;&gt;</a>&nbsp;&nbsp;&nbsp;hmi_get_level_text
<LI><a href="#[c4]">&gt;&gt;</a>&nbsp;&nbsp;&nbsp;hmi_send_buffer
<LI><a href="#[af]">&gt;&gt;</a>&nbsp;&nbsp;&nbsp;printf
</UL>
<BR>[Called By]<UL><LI><a href="#[b0]">&gt;&gt;</a>&nbsp;&nbsp;&nbsp;fatigue_process_frame
</UL>

<P><STRONG><a name="[b5]"></a>hmi_update_status</STRONG> (Thumb, 258 bytes, Stack size 24 bytes, hmi_display.o(.text.hmi_update_status))
<BR><BR>[Stack]<UL><LI>Max Depth = 592<LI>Call Chain = hmi_update_status &rArr; voice_assistant_say &rArr; zf_sprintf &rArr; number_conversion_ascii
</UL>
<BR>[Calls]<UL><LI><a href="#[c7]">&gt;&gt;</a>&nbsp;&nbsp;&nbsp;voice_assistant_say
<LI><a href="#[c6]">&gt;&gt;</a>&nbsp;&nbsp;&nbsp;hmi_get_advice_text
<LI><a href="#[c1]">&gt;&gt;</a>&nbsp;&nbsp;&nbsp;hmi_push_status
<LI><a href="#[c8]">&gt;&gt;</a>&nbsp;&nbsp;&nbsp;calc_level
</UL>
<BR>[Called By]<UL><LI><a href="#[b0]">&gt;&gt;</a>&nbsp;&nbsp;&nbsp;fatigue_process_frame
</UL>

<P><STRONG><a name="[f2]"></a>hw_usb_pclear_sts_resm</STRONG> (Thumb, 48 bytes, Stack size 4 bytes, r_usb_preg_access.o(.text.hw_usb_pclear_sts_resm))
<BR><BR>[Stack]<UL><LI>Max Depth = 4<LI>Call Chain = hw_usb_pclear_sts_resm
</UL>
<BR>[Called By]<UL><LI><a href="#[f1]">&gt;&gt;</a>&nbsp;&nbsp;&nbsp;usb_cpu_usb_int_hand_isr
</UL>

<P><STRONG><a name="[f7]"></a>hw_usb_pclear_sts_valid</STRONG> (Thumb, 48 bytes, Stack size 4 bytes, r_usb_preg_access.o(.text.hw_usb_pclear_sts_valid))
<BR><BR>[Stack]<UL><LI>Max Depth = 4<LI>Call Chain = hw_usb_pclear_sts_valid
</UL>
<BR>[Called By]<UL><LI><a href="#[f5]">&gt;&gt;</a>&nbsp;&nbsp;&nbsp;usb_pstd_interrupt_handler
</UL>

<P><STRONG><a name="[f6]"></a>hw_usb_read_intsts</STRONG> (Thumb, 52 bytes, Stack size 4 bytes, r_usb_creg_access.o(.text.hw_usb_read_intsts))
<BR><BR>[Stack]<UL><LI>Max Depth = 4<LI>Call Chain = hw_usb_read_intsts
</UL>
<BR>[Called By]<UL><LI><a href="#[f5]">&gt;&gt;</a>&nbsp;&nbsp;&nbsp;usb_pstd_interrupt_handler
</UL>

<P><STRONG><a name="[f4]"></a>hw_usb_set_suspendm</STRONG> (Thumb, 38 bytes, Stack size 4 bytes, r_usb_creg_access.o(.text.hw_usb_set_suspendm))
<BR><BR>[Stack]<UL><LI>Max Depth = 4<LI>Call Chain = hw_usb_set_suspendm
</UL>
<BR>[Called By]<UL><LI><a href="#[f3]">&gt;&gt;</a>&nbsp;&nbsp;&nbsp;usb_pstd_interrupt_clock
</UL>

<P><STRONG><a name="[bb]"></a>init_sdram</STRONG> (Thumb, 412 bytes, Stack size 8 bytes, ra_driver_sdram.o(.text.init_sdram))
<BR><BR>[Stack]<UL><LI>Max Depth = 64<LI>Call Chain = init_sdram &rArr; R_BSP_SoftwareDelay
</UL>
<BR>[Calls]<UL><LI><a href="#[5a]">&gt;&gt;</a>&nbsp;&nbsp;&nbsp;R_BSP_SoftwareDelay
</UL>
<BR>[Called By]<UL><LI><a href="#[ba]">&gt;&gt;</a>&nbsp;&nbsp;&nbsp;hal_entry
</UL>

<P><STRONG><a name="[82]"></a>main</STRONG> (Thumb, 20 bytes, Stack size 16 bytes, main.o(.text.main))
<BR><BR>[Stack]<UL><LI>Max Depth = 880<LI>Call Chain = main &rArr; hal_entry &rArr; fatigue_process_frame &rArr; hmi_show_alert &rArr; voice_assistant_say &rArr; zf_sprintf &rArr; number_conversion_ascii
</UL>
<BR>[Calls]<UL><LI><a href="#[ba]">&gt;&gt;</a>&nbsp;&nbsp;&nbsp;hal_entry
</UL>
<BR>[Called By]<UL><LI><a href="#[0]">&gt;&gt;</a>&nbsp;&nbsp;&nbsp;Reset_Handler
</UL>

<P><STRONG><a name="[be]"></a>mt9v03x_init</STRONG> (Thumb, 130 bytes, Stack size 40 bytes, zf_device_mt9v03x.o(.text.mt9v03x_init))
<BR><BR>[Stack]<UL><LI>Max Depth = 316<LI>Call Chain = mt9v03x_init &rArr; mt9v03x_set_config_sccb &rArr; mt9v03x_read_word_sccb &rArr; soft_iic_sccb_read_register &rArr; soft_iic_send_data &rArr; soft_iic_wait_ack &rArr; gpio_get_level &rArr; R_IOPORT_PinRead &rArr; R_BSP_PinRead
</UL>
<BR>[Calls]<UL><LI><a href="#[ca]">&gt;&gt;</a>&nbsp;&nbsp;&nbsp;mt9v03x_set_config_sccb
<LI><a href="#[c9]">&gt;&gt;</a>&nbsp;&nbsp;&nbsp;soft_iic_init
<LI><a href="#[bd]">&gt;&gt;</a>&nbsp;&nbsp;&nbsp;system_delay_ms
</UL>
<BR>[Called By]<UL><LI><a href="#[ba]">&gt;&gt;</a>&nbsp;&nbsp;&nbsp;hal_entry
</UL>

<P><STRONG><a name="[ca]"></a>mt9v03x_set_config_sccb</STRONG> (Thumb, 2478 bytes, Stack size 128 bytes, zf_device_config.o(.text.mt9v03x_set_config_sccb))
<BR><BR>[Stack]<UL><LI>Max Depth = 276<LI>Call Chain = mt9v03x_set_config_sccb &rArr; mt9v03x_read_word_sccb &rArr; soft_iic_sccb_read_register &rArr; soft_iic_send_data &rArr; soft_iic_wait_ack &rArr; gpio_get_level &rArr; R_IOPORT_PinRead &rArr; R_BSP_PinRead
</UL>
<BR>[Calls]<UL><LI><a href="#[bd]">&gt;&gt;</a>&nbsp;&nbsp;&nbsp;system_delay_ms
<LI><a href="#[cb]">&gt;&gt;</a>&nbsp;&nbsp;&nbsp;mt9v03x_read_word_sccb
<LI><a href="#[cd]">&gt;&gt;</a>&nbsp;&nbsp;&nbsp;mt9v03x_write_word_sccb
</UL>
<BR>[Called By]<UL><LI><a href="#[be]">&gt;&gt;</a>&nbsp;&nbsp;&nbsp;mt9v03x_init
</UL>

<P><STRONG><a name="[d6]"></a>r_sdhi_transfer_callback</STRONG> (Thumb, 168 bytes, Stack size 24 bytes, r_sdhi.o(.text.r_sdhi_transfer_callback))
<BR><BR>[Stack]<UL><LI>Max Depth = 56<LI>Call Chain = r_sdhi_transfer_callback &rArr; r_sdhi_call_callback
</UL>
<BR>[Calls]<UL><LI><a href="#[d8]">&gt;&gt;</a>&nbsp;&nbsp;&nbsp;r_sdhi_call_callback
<LI><a href="#[d5]">&gt;&gt;</a>&nbsp;&nbsp;&nbsp;r_sdhi_transfer_end
<LI><a href="#[d7]">&gt;&gt;</a>&nbsp;&nbsp;&nbsp;__aeabi_memcpy
</UL>
<BR>[Called By]<UL><LI><a href="#[1c]">&gt;&gt;</a>&nbsp;&nbsp;&nbsp;sdhimmc_dma_req_isr
</UL>

<P><STRONG><a name="[18]"></a>sci_b_spi_eri_isr</STRONG> (Thumb, 64 bytes, Stack size 16 bytes, r_sci_b_spi.o(.text.sci_b_spi_eri_isr))
<BR><BR>[Stack]<UL><LI>Max Depth = 48<LI>Call Chain = sci_b_spi_eri_isr &rArr; r_sci_b_spi_call_callback
</UL>
<BR>[Calls]<UL><LI><a href="#[db]">&gt;&gt;</a>&nbsp;&nbsp;&nbsp;r_sci_b_spi_call_callback
<LI><a href="#[da]">&gt;&gt;</a>&nbsp;&nbsp;&nbsp;R_FSP_IsrContextGet
<LI><a href="#[dc]">&gt;&gt;</a>&nbsp;&nbsp;&nbsp;R_BSP_IrqStatusClear
<LI><a href="#[d9]">&gt;&gt;</a>&nbsp;&nbsp;&nbsp;R_FSP_CurrentIrqGet
</UL>
<BR>[Address Reference Count : 1]<UL><LI> vector_data.o(.application_vectors)
</UL>
<P><STRONG><a name="[15]"></a>sci_b_spi_rxi_isr</STRONG> (Thumb, 126 bytes, Stack size 24 bytes, r_sci_b_spi.o(.text.sci_b_spi_rxi_isr))
<BR><BR>[Stack]<UL><LI>Max Depth = 32<LI>Call Chain = sci_b_spi_rxi_isr &rArr; R_FSP_CurrentIrqGet
</UL>
<BR>[Calls]<UL><LI><a href="#[dd]">&gt;&gt;</a>&nbsp;&nbsp;&nbsp;r_sci_b_spi_transmit
<LI><a href="#[da]">&gt;&gt;</a>&nbsp;&nbsp;&nbsp;R_FSP_IsrContextGet
<LI><a href="#[dc]">&gt;&gt;</a>&nbsp;&nbsp;&nbsp;R_BSP_IrqStatusClear
<LI><a href="#[d9]">&gt;&gt;</a>&nbsp;&nbsp;&nbsp;R_FSP_CurrentIrqGet
</UL>
<BR>[Address Reference Count : 1]<UL><LI> vector_data.o(.application_vectors)
</UL>
<P><STRONG><a name="[17]"></a>sci_b_spi_tei_isr</STRONG> (Thumb, 72 bytes, Stack size 24 bytes, r_sci_b_spi.o(.text.sci_b_spi_tei_isr))
<BR><BR>[Stack]<UL><LI>Max Depth = 56<LI>Call Chain = sci_b_spi_tei_isr &rArr; r_sci_b_spi_call_callback
</UL>
<BR>[Calls]<UL><LI><a href="#[db]">&gt;&gt;</a>&nbsp;&nbsp;&nbsp;r_sci_b_spi_call_callback
<LI><a href="#[da]">&gt;&gt;</a>&nbsp;&nbsp;&nbsp;R_FSP_IsrContextGet
<LI><a href="#[dc]">&gt;&gt;</a>&nbsp;&nbsp;&nbsp;R_BSP_IrqStatusClear
<LI><a href="#[d9]">&gt;&gt;</a>&nbsp;&nbsp;&nbsp;R_FSP_CurrentIrqGet
</UL>
<BR>[Address Reference Count : 1]<UL><LI> vector_data.o(.application_vectors)
</UL>
<P><STRONG><a name="[16]"></a>sci_b_spi_txi_isr</STRONG> (Thumb, 94 bytes, Stack size 24 bytes, r_sci_b_spi.o(.text.sci_b_spi_txi_isr))
<BR><BR>[Stack]<UL><LI>Max Depth = 32<LI>Call Chain = sci_b_spi_txi_isr &rArr; R_FSP_CurrentIrqGet
</UL>
<BR>[Calls]<UL><LI><a href="#[dd]">&gt;&gt;</a>&nbsp;&nbsp;&nbsp;r_sci_b_spi_transmit
<LI><a href="#[da]">&gt;&gt;</a>&nbsp;&nbsp;&nbsp;R_FSP_IsrContextGet
<LI><a href="#[dc]">&gt;&gt;</a>&nbsp;&nbsp;&nbsp;R_BSP_IrqStatusClear
<LI><a href="#[d9]">&gt;&gt;</a>&nbsp;&nbsp;&nbsp;R_FSP_CurrentIrqGet
</UL>
<BR>[Address Reference Count : 1]<UL><LI> vector_data.o(.application_vectors)
</UL>
<P><STRONG><a name="[e]"></a>sci_b_uart_eri_isr</STRONG> (Thumb, 178 bytes, Stack size 32 bytes, r_sci_b_uart.o(.text.sci_b_uart_eri_isr))
<BR><BR>[Stack]<UL><LI>Max Depth = 72<LI>Call Chain = sci_b_uart_eri_isr &rArr; r_sci_b_uart_call_callback
</UL>
<BR>[Calls]<UL><LI><a href="#[e0]">&gt;&gt;</a>&nbsp;&nbsp;&nbsp;r_sci_b_uart_call_callback
<LI><a href="#[df]">&gt;&gt;</a>&nbsp;&nbsp;&nbsp;R_FSP_IsrContextGet
<LI><a href="#[68]">&gt;&gt;</a>&nbsp;&nbsp;&nbsp;R_BSP_IrqStatusClear
<LI><a href="#[de]">&gt;&gt;</a>&nbsp;&nbsp;&nbsp;R_FSP_CurrentIrqGet
</UL>
<BR>[Address Reference Count : 1]<UL><LI> vector_data.o(.application_vectors)
</UL>
<P><STRONG><a name="[b]"></a>sci_b_uart_rxi_isr</STRONG> (Thumb, 178 bytes, Stack size 24 bytes, r_sci_b_uart.o(.text.sci_b_uart_rxi_isr))
<BR><BR>[Stack]<UL><LI>Max Depth = 64<LI>Call Chain = sci_b_uart_rxi_isr &rArr; r_sci_b_uart_call_callback
</UL>
<BR>[Calls]<UL><LI><a href="#[e0]">&gt;&gt;</a>&nbsp;&nbsp;&nbsp;r_sci_b_uart_call_callback
<LI><a href="#[df]">&gt;&gt;</a>&nbsp;&nbsp;&nbsp;R_FSP_IsrContextGet
<LI><a href="#[68]">&gt;&gt;</a>&nbsp;&nbsp;&nbsp;R_BSP_IrqStatusClear
<LI><a href="#[de]">&gt;&gt;</a>&nbsp;&nbsp;&nbsp;R_FSP_CurrentIrqGet
<LI><a href="#[d7]">&gt;&gt;</a>&nbsp;&nbsp;&nbsp;__aeabi_memcpy
</UL>
<BR>[Address Reference Count : 1]<UL><LI> vector_data.o(.application_vectors)
</UL>
<P><STRONG><a name="[d]"></a>sci_b_uart_tei_isr</STRONG> (Thumb, 72 bytes, Stack size 16 bytes, r_sci_b_uart.o(.text.sci_b_uart_tei_isr))
<BR><BR>[Stack]<UL><LI>Max Depth = 56<LI>Call Chain = sci_b_uart_tei_isr &rArr; r_sci_b_uart_call_callback
</UL>
<BR>[Calls]<UL><LI><a href="#[e0]">&gt;&gt;</a>&nbsp;&nbsp;&nbsp;r_sci_b_uart_call_callback
<LI><a href="#[df]">&gt;&gt;</a>&nbsp;&nbsp;&nbsp;R_FSP_IsrContextGet
<LI><a href="#[68]">&gt;&gt;</a>&nbsp;&nbsp;&nbsp;R_BSP_IrqStatusClear
<LI><a href="#[de]">&gt;&gt;</a>&nbsp;&nbsp;&nbsp;R_FSP_CurrentIrqGet
</UL>
<BR>[Address Reference Count : 1]<UL><LI> vector_data.o(.application_vectors)
</UL>
<P><STRONG><a name="[c]"></a>sci_b_uart_txi_isr</STRONG> (Thumb, 192 bytes, Stack size 24 bytes, r_sci_b_uart.o(.text.sci_b_uart_txi_isr))
<BR><BR>[Stack]<UL><LI>Max Depth = 64<LI>Call Chain = sci_b_uart_txi_isr &rArr; r_sci_b_uart_call_callback
</UL>
<BR>[Calls]<UL><LI><a href="#[e0]">&gt;&gt;</a>&nbsp;&nbsp;&nbsp;r_sci_b_uart_call_callback
<LI><a href="#[df]">&gt;&gt;</a>&nbsp;&nbsp;&nbsp;R_FSP_IsrContextGet
<LI><a href="#[68]">&gt;&gt;</a>&nbsp;&nbsp;&nbsp;R_BSP_IrqStatusClear
<LI><a href="#[de]">&gt;&gt;</a>&nbsp;&nbsp;&nbsp;R_FSP_CurrentIrqGet
</UL>
<BR>[Address Reference Count : 1]<UL><LI> vector_data.o(.application_vectors)
</UL>
<P><STRONG><a name="[1a]"></a>sdhimmc_accs_isr</STRONG> (Thumb, 78 bytes, Stack size 32 bytes, r_sdhi.o(.text.sdhimmc_accs_isr))
<BR><BR>[Stack]<UL><LI>Max Depth = 80<LI>Call Chain = sdhimmc_accs_isr &rArr; r_sdhi_access_irq_process &rArr; r_sdhi_transfer_end
</UL>
<BR>[Calls]<UL><LI><a href="#[e3]">&gt;&gt;</a>&nbsp;&nbsp;&nbsp;R_BSP_IrqStatusClear
<LI><a href="#[d4]">&gt;&gt;</a>&nbsp;&nbsp;&nbsp;r_sdhi_access_irq_process
<LI><a href="#[e2]">&gt;&gt;</a>&nbsp;&nbsp;&nbsp;R_FSP_IsrContextGet
<LI><a href="#[e1]">&gt;&gt;</a>&nbsp;&nbsp;&nbsp;R_FSP_CurrentIrqGet
<LI><a href="#[d8]">&gt;&gt;</a>&nbsp;&nbsp;&nbsp;r_sdhi_call_callback
</UL>
<BR>[Address Reference Count : 1]<UL><LI> vector_data.o(.application_vectors)
</UL>
<P><STRONG><a name="[1b]"></a>sdhimmc_card_isr</STRONG> (Thumb, 150 bytes, Stack size 40 bytes, r_sdhi.o(.text.sdhimmc_card_isr))
<BR><BR>[Stack]<UL><LI>Max Depth = 72<LI>Call Chain = sdhimmc_card_isr &rArr; r_sdhi_call_callback
</UL>
<BR>[Calls]<UL><LI><a href="#[e3]">&gt;&gt;</a>&nbsp;&nbsp;&nbsp;R_BSP_IrqStatusClear
<LI><a href="#[e2]">&gt;&gt;</a>&nbsp;&nbsp;&nbsp;R_FSP_IsrContextGet
<LI><a href="#[e1]">&gt;&gt;</a>&nbsp;&nbsp;&nbsp;R_FSP_CurrentIrqGet
<LI><a href="#[d8]">&gt;&gt;</a>&nbsp;&nbsp;&nbsp;r_sdhi_call_callback
</UL>
<BR>[Address Reference Count : 1]<UL><LI> vector_data.o(.application_vectors)
</UL>
<P><STRONG><a name="[1c]"></a>sdhimmc_dma_req_isr</STRONG> (Thumb, 40 bytes, Stack size 16 bytes, r_sdhi.o(.text.sdhimmc_dma_req_isr))
<BR><BR>[Stack]<UL><LI>Max Depth = 72<LI>Call Chain = sdhimmc_dma_req_isr &rArr; r_sdhi_transfer_callback &rArr; r_sdhi_call_callback
</UL>
<BR>[Calls]<UL><LI><a href="#[d6]">&gt;&gt;</a>&nbsp;&nbsp;&nbsp;r_sdhi_transfer_callback
<LI><a href="#[e3]">&gt;&gt;</a>&nbsp;&nbsp;&nbsp;R_BSP_IrqStatusClear
<LI><a href="#[e2]">&gt;&gt;</a>&nbsp;&nbsp;&nbsp;R_FSP_IsrContextGet
<LI><a href="#[e1]">&gt;&gt;</a>&nbsp;&nbsp;&nbsp;R_FSP_CurrentIrqGet
</UL>
<BR>[Address Reference Count : 1]<UL><LI> vector_data.o(.application_vectors)
</UL>
<P><STRONG><a name="[c9]"></a>soft_iic_init</STRONG> (Thumb, 60 bytes, Stack size 24 bytes, zf_driver_soft_iic.o(.text.soft_iic_init))
<BR><BR>[Stack]<UL><LI>Max Depth = 24<LI>Call Chain = soft_iic_init
</UL>
<BR>[Called By]<UL><LI><a href="#[be]">&gt;&gt;</a>&nbsp;&nbsp;&nbsp;mt9v03x_init
</UL>

<P><STRONG><a name="[cc]"></a>soft_iic_sccb_read_register</STRONG> (Thumb, 96 bytes, Stack size 16 bytes, zf_driver_soft_iic.o(.text.soft_iic_sccb_read_register))
<BR><BR>[Stack]<UL><LI>Max Depth = 132<LI>Call Chain = soft_iic_sccb_read_register &rArr; soft_iic_send_data &rArr; soft_iic_wait_ack &rArr; gpio_get_level &rArr; R_IOPORT_PinRead &rArr; R_BSP_PinRead
</UL>
<BR>[Calls]<UL><LI><a href="#[e4]">&gt;&gt;</a>&nbsp;&nbsp;&nbsp;soft_iic_read_data
<LI><a href="#[e8]">&gt;&gt;</a>&nbsp;&nbsp;&nbsp;soft_iic_stop
<LI><a href="#[e7]">&gt;&gt;</a>&nbsp;&nbsp;&nbsp;soft_iic_send_data
<LI><a href="#[e6]">&gt;&gt;</a>&nbsp;&nbsp;&nbsp;soft_iic_start
</UL>
<BR>[Called By]<UL><LI><a href="#[cb]">&gt;&gt;</a>&nbsp;&nbsp;&nbsp;mt9v03x_read_word_sccb
</UL>

<P><STRONG><a name="[ce]"></a>soft_iic_sccb_write_register</STRONG> (Thumb, 62 bytes, Stack size 16 bytes, zf_driver_soft_iic.o(.text.soft_iic_sccb_write_register))
<BR><BR>[Stack]<UL><LI>Max Depth = 132<LI>Call Chain = soft_iic_sccb_write_register &rArr; soft_iic_send_data &rArr; soft_iic_wait_ack &rArr; gpio_get_level &rArr; R_IOPORT_PinRead &rArr; R_BSP_PinRead
</UL>
<BR>[Calls]<UL><LI><a href="#[e8]">&gt;&gt;</a>&nbsp;&nbsp;&nbsp;soft_iic_stop
<LI><a href="#[e7]">&gt;&gt;</a>&nbsp;&nbsp;&nbsp;soft_iic_send_data
<LI><a href="#[e6]">&gt;&gt;</a>&nbsp;&nbsp;&nbsp;soft_iic_start
</UL>
<BR>[Called By]<UL><LI><a href="#[cd]">&gt;&gt;</a>&nbsp;&nbsp;&nbsp;mt9v03x_write_word_sccb
</UL>

<P><STRONG><a name="[12]"></a>spi_b_eri_isr</STRONG> (Thumb, 168 bytes, Stack size 24 bytes, r_spi_b.o(.text.spi_b_eri_isr))
<BR><BR>[Stack]<UL><LI>Max Depth = 60<LI>Call Chain = spi_b_eri_isr &rArr; R_BSP_IrqEnable &rArr; R_BSP_IrqClearPending &rArr; R_BSP_IrqStatusClear
</UL>
<BR>[Calls]<UL><LI><a href="#[ed]">&gt;&gt;</a>&nbsp;&nbsp;&nbsp;r_spi_b_call_callback
<LI><a href="#[6e]">&gt;&gt;</a>&nbsp;&nbsp;&nbsp;R_BSP_IrqEnable
<LI><a href="#[eb]">&gt;&gt;</a>&nbsp;&nbsp;&nbsp;R_FSP_IsrContextGet
<LI><a href="#[6a]">&gt;&gt;</a>&nbsp;&nbsp;&nbsp;R_BSP_IrqStatusClear
<LI><a href="#[ea]">&gt;&gt;</a>&nbsp;&nbsp;&nbsp;R_FSP_CurrentIrqGet
<LI><a href="#[ec]">&gt;&gt;</a>&nbsp;&nbsp;&nbsp;R_BSP_IrqDisable
</UL>
<BR>[Address Reference Count : 1]<UL><LI> vector_data.o(.application_vectors)
</UL>
<P><STRONG><a name="[f]"></a>spi_b_rxi_isr</STRONG> (Thumb, 72 bytes, Stack size 16 bytes, r_spi_b.o(.text.spi_b_rxi_isr))
<BR><BR>[Stack]<UL><LI>Max Depth = 24<LI>Call Chain = spi_b_rxi_isr &rArr; R_BSP_IrqEnableNoClear
</UL>
<BR>[Calls]<UL><LI><a href="#[6f]">&gt;&gt;</a>&nbsp;&nbsp;&nbsp;R_BSP_IrqEnableNoClear
<LI><a href="#[ef]">&gt;&gt;</a>&nbsp;&nbsp;&nbsp;r_spi_b_transmit
<LI><a href="#[ee]">&gt;&gt;</a>&nbsp;&nbsp;&nbsp;r_spi_b_receive
<LI><a href="#[eb]">&gt;&gt;</a>&nbsp;&nbsp;&nbsp;R_FSP_IsrContextGet
<LI><a href="#[6a]">&gt;&gt;</a>&nbsp;&nbsp;&nbsp;R_BSP_IrqStatusClear
<LI><a href="#[ea]">&gt;&gt;</a>&nbsp;&nbsp;&nbsp;R_FSP_CurrentIrqGet
</UL>
<BR>[Address Reference Count : 1]<UL><LI> vector_data.o(.application_vectors)
</UL>
<P><STRONG><a name="[11]"></a>spi_b_tei_isr</STRONG> (Thumb, 114 bytes, Stack size 16 bytes, r_spi_b.o(.text.spi_b_tei_isr))
<BR><BR>[Stack]<UL><LI>Max Depth = 52<LI>Call Chain = spi_b_tei_isr &rArr; R_BSP_IrqEnable &rArr; R_BSP_IrqClearPending &rArr; R_BSP_IrqStatusClear
</UL>
<BR>[Calls]<UL><LI><a href="#[ed]">&gt;&gt;</a>&nbsp;&nbsp;&nbsp;r_spi_b_call_callback
<LI><a href="#[6e]">&gt;&gt;</a>&nbsp;&nbsp;&nbsp;R_BSP_IrqEnable
<LI><a href="#[eb]">&gt;&gt;</a>&nbsp;&nbsp;&nbsp;R_FSP_IsrContextGet
<LI><a href="#[6a]">&gt;&gt;</a>&nbsp;&nbsp;&nbsp;R_BSP_IrqStatusClear
<LI><a href="#[ea]">&gt;&gt;</a>&nbsp;&nbsp;&nbsp;R_FSP_CurrentIrqGet
<LI><a href="#[ec]">&gt;&gt;</a>&nbsp;&nbsp;&nbsp;R_BSP_IrqDisable
</UL>
<BR>[Address Reference Count : 1]<UL><LI> vector_data.o(.application_vectors)
</UL>
<P><STRONG><a name="[10]"></a>spi_b_txi_isr</STRONG> (Thumb, 24 bytes, Stack size 16 bytes, r_spi_b.o(.text.spi_b_txi_isr))
<BR><BR>[Stack]<UL><LI>Max Depth = 24<LI>Call Chain = spi_b_txi_isr &rArr; R_FSP_CurrentIrqGet
</UL>
<BR>[Calls]<UL><LI><a href="#[6a]">&gt;&gt;</a>&nbsp;&nbsp;&nbsp;R_BSP_IrqStatusClear
<LI><a href="#[ea]">&gt;&gt;</a>&nbsp;&nbsp;&nbsp;R_FSP_CurrentIrqGet
</UL>
<BR>[Address Reference Count : 1]<UL><LI> vector_data.o(.application_vectors)
</UL>
<P><STRONG><a name="[bd]"></a>system_delay_ms</STRONG> (Thumb, 20 bytes, Stack size 16 bytes, zf_driver_delay.o(.text.system_delay_ms))
<BR><BR>[Stack]<UL><LI>Max Depth = 72<LI>Call Chain = system_delay_ms &rArr; R_BSP_SoftwareDelay
</UL>
<BR>[Calls]<UL><LI><a href="#[5a]">&gt;&gt;</a>&nbsp;&nbsp;&nbsp;R_BSP_SoftwareDelay
</UL>
<BR>[Called By]<UL><LI><a href="#[ca]">&gt;&gt;</a>&nbsp;&nbsp;&nbsp;mt9v03x_set_config_sccb
<LI><a href="#[be]">&gt;&gt;</a>&nbsp;&nbsp;&nbsp;mt9v03x_init
<LI><a href="#[ba]">&gt;&gt;</a>&nbsp;&nbsp;&nbsp;hal_entry
</UL>

<P><STRONG><a name="[96]"></a>system_delay_us</STRONG> (Thumb, 18 bytes, Stack size 16 bytes, zf_driver_delay.o(.text.system_delay_us))
<BR><BR>[Stack]<UL><LI>Max Depth = 72<LI>Call Chain = system_delay_us &rArr; R_BSP_SoftwareDelay
</UL>
<BR>[Calls]<UL><LI><a href="#[5a]">&gt;&gt;</a>&nbsp;&nbsp;&nbsp;R_BSP_SoftwareDelay
</UL>
<BR>[Called By]<UL><LI><a href="#[94]">&gt;&gt;</a>&nbsp;&nbsp;&nbsp;audio_player_play_pcm
</UL>

<P><STRONG><a name="[3d]"></a>uart3_callback</STRONG> (Thumb, 72 bytes, Stack size 16 bytes, zf_driver_uart.o(.text.uart3_callback))
<BR><BR>[Stack]<UL><LI>Max Depth = 16<LI>Call Chain = uart3_callback
</UL>
<BR>[Address Reference Count : 1]<UL><LI> hal_data.o(.rodata.g_uart3_cfg)
</UL>
<P><STRONG><a name="[bf]"></a>uart3_init</STRONG> (Thumb, 74 bytes, Stack size 8 bytes, zf_driver_uart.o(.text.uart3_init))
<BR><BR>[Stack]<UL><LI>Max Depth = 152<LI>Call Chain = uart3_init &rArr; R_SCI_B_UART_BaudCalculate &rArr; __aeabi_ldivmod &rArr; __aeabi_uldivmod
</UL>
<BR>[Calls]<UL><LI><a href="#[7d]">&gt;&gt;</a>&nbsp;&nbsp;&nbsp;R_SCI_B_UART_BaudCalculate
</UL>
<BR>[Called By]<UL><LI><a href="#[ad]">&gt;&gt;</a>&nbsp;&nbsp;&nbsp;hmi_init
</UL>

<P><STRONG><a name="[c5]"></a>uart3_write_buffer</STRONG> (Thumb, 64 bytes, Stack size 16 bytes, zf_driver_uart.o(.text.uart3_write_buffer))
<BR><BR>[Stack]<UL><LI>Max Depth = 16<LI>Call Chain = uart3_write_buffer
</UL>
<BR>[Called By]<UL><LI><a href="#[c4]">&gt;&gt;</a>&nbsp;&nbsp;&nbsp;hmi_send_buffer
</UL>

<P><STRONG><a name="[3e]"></a>uart9_callback</STRONG> (Thumb, 48 bytes, Stack size 8 bytes, zf_common_debug.o(.text.uart9_callback))
<BR><BR>[Stack]<UL><LI>Max Depth = 8<LI>Call Chain = uart9_callback
</UL>
<BR>[Address Reference Count : 1]<UL><LI> hal_data.o(.rodata.g_uart9_cfg)
</UL>
<P><STRONG><a name="[f0]"></a>usb_cpu_delay_1us</STRONG> (Thumb, 22 bytes, Stack size 16 bytes, r_usb_mcu.o(.text.usb_cpu_delay_1us))
<BR><BR>[Stack]<UL><LI>Max Depth = 72<LI>Call Chain = usb_cpu_delay_1us &rArr; R_BSP_SoftwareDelay
</UL>
<BR>[Calls]<UL><LI><a href="#[5a]">&gt;&gt;</a>&nbsp;&nbsp;&nbsp;R_BSP_SoftwareDelay
</UL>
<BR>[Called By]<UL><LI><a href="#[f3]">&gt;&gt;</a>&nbsp;&nbsp;&nbsp;usb_pstd_interrupt_clock
</UL>

<P><STRONG><a name="[f3]"></a>usb_pstd_interrupt_clock</STRONG> (Thumb, 54 bytes, Stack size 16 bytes, r_usb_preg_abs.o(.text.usb_pstd_interrupt_clock))
<BR><BR>[Stack]<UL><LI>Max Depth = 88<LI>Call Chain = usb_pstd_interrupt_clock &rArr; usb_cpu_delay_1us &rArr; R_BSP_SoftwareDelay
</UL>
<BR>[Calls]<UL><LI><a href="#[f4]">&gt;&gt;</a>&nbsp;&nbsp;&nbsp;hw_usb_set_suspendm
<LI><a href="#[f0]">&gt;&gt;</a>&nbsp;&nbsp;&nbsp;usb_cpu_delay_1us
</UL>
<BR>[Called By]<UL><LI><a href="#[f8]">&gt;&gt;</a>&nbsp;&nbsp;&nbsp;usb_pstd_usb_handler
</UL>

<P><STRONG><a name="[f5]"></a>usb_pstd_interrupt_handler</STRONG> (Thumb, 1160 bytes, Stack size 48 bytes, r_usb_preg_abs.o(.text.usb_pstd_interrupt_handler))
<BR><BR>[Stack]<UL><LI>Max Depth = 52<LI>Call Chain = usb_pstd_interrupt_handler &rArr; hw_usb_pclear_sts_valid
</UL>
<BR>[Calls]<UL><LI><a href="#[f7]">&gt;&gt;</a>&nbsp;&nbsp;&nbsp;hw_usb_pclear_sts_valid
<LI><a href="#[f6]">&gt;&gt;</a>&nbsp;&nbsp;&nbsp;hw_usb_read_intsts
</UL>
<BR>[Called By]<UL><LI><a href="#[f8]">&gt;&gt;</a>&nbsp;&nbsp;&nbsp;usb_pstd_usb_handler
</UL>

<P><STRONG><a name="[f8]"></a>usb_pstd_usb_handler</STRONG> (Thumb, 90 bytes, Stack size 24 bytes, r_usb_pinthandler_usbip0.o(.text.usb_pstd_usb_handler))
<BR><BR>[Stack]<UL><LI>Max Depth = 112<LI>Call Chain = usb_pstd_usb_handler &rArr; usb_pstd_interrupt_clock &rArr; usb_cpu_delay_1us &rArr; R_BSP_SoftwareDelay
</UL>
<BR>[Calls]<UL><LI><a href="#[f5]">&gt;&gt;</a>&nbsp;&nbsp;&nbsp;usb_pstd_interrupt_handler
<LI><a href="#[f3]">&gt;&gt;</a>&nbsp;&nbsp;&nbsp;usb_pstd_interrupt_clock
<LI><a href="#[fa]">&gt;&gt;</a>&nbsp;&nbsp;&nbsp;R_FSP_IsrContextGet
<LI><a href="#[f9]">&gt;&gt;</a>&nbsp;&nbsp;&nbsp;R_FSP_CurrentIrqGet
</UL>
<BR>[Called By]<UL><LI><a href="#[ff]">&gt;&gt;</a>&nbsp;&nbsp;&nbsp;usbhs_usbir_isr
<LI><a href="#[fd]">&gt;&gt;</a>&nbsp;&nbsp;&nbsp;usbfs_usbi_isr
</UL>

<P><STRONG><a name="[1f]"></a>usbfs_d0fifo_handler</STRONG> (Thumb, 24 bytes, Stack size 16 bytes, r_usb_mcu.o(.text.usbfs_d0fifo_handler))
<BR><BR>[Stack]<UL><LI>Max Depth = 24<LI>Call Chain = usbfs_d0fifo_handler &rArr; R_FSP_CurrentIrqGet
</UL>
<BR>[Calls]<UL><LI><a href="#[fc]">&gt;&gt;</a>&nbsp;&nbsp;&nbsp;R_BSP_IrqStatusClear
<LI><a href="#[fb]">&gt;&gt;</a>&nbsp;&nbsp;&nbsp;R_FSP_CurrentIrqGet
</UL>
<BR>[Address Reference Count : 1]<UL><LI> vector_data.o(.application_vectors)
</UL>
<P><STRONG><a name="[20]"></a>usbfs_d1fifo_handler</STRONG> (Thumb, 24 bytes, Stack size 16 bytes, r_usb_mcu.o(.text.usbfs_d1fifo_handler))
<BR><BR>[Stack]<UL><LI>Max Depth = 24<LI>Call Chain = usbfs_d1fifo_handler &rArr; R_FSP_CurrentIrqGet
</UL>
<BR>[Calls]<UL><LI><a href="#[fc]">&gt;&gt;</a>&nbsp;&nbsp;&nbsp;R_BSP_IrqStatusClear
<LI><a href="#[fb]">&gt;&gt;</a>&nbsp;&nbsp;&nbsp;R_FSP_CurrentIrqGet
</UL>
<BR>[Address Reference Count : 1]<UL><LI> vector_data.o(.application_vectors)
</UL>
<P><STRONG><a name="[1d]"></a>usbfs_interrupt_handler</STRONG> (Thumb, 28 bytes, Stack size 16 bytes, r_usb_mcu.o(.text.usbfs_interrupt_handler))
<BR><BR>[Stack]<UL><LI>Max Depth = 136<LI>Call Chain = usbfs_interrupt_handler &rArr; usbfs_usbi_isr &rArr; usb_pstd_usb_handler &rArr; usb_pstd_interrupt_clock &rArr; usb_cpu_delay_1us &rArr; R_BSP_SoftwareDelay
</UL>
<BR>[Calls]<UL><LI><a href="#[fd]">&gt;&gt;</a>&nbsp;&nbsp;&nbsp;usbfs_usbi_isr
<LI><a href="#[fc]">&gt;&gt;</a>&nbsp;&nbsp;&nbsp;R_BSP_IrqStatusClear
<LI><a href="#[fb]">&gt;&gt;</a>&nbsp;&nbsp;&nbsp;R_FSP_CurrentIrqGet
</UL>
<BR>[Address Reference Count : 1]<UL><LI> vector_data.o(.application_vectors)
</UL>
<P><STRONG><a name="[1e]"></a>usbfs_resume_handler</STRONG> (Thumb, 42 bytes, Stack size 16 bytes, r_usb_mcu.o(.text.usbfs_resume_handler))
<BR><BR>[Stack]<UL><LI>Max Depth = 36<LI>Call Chain = usbfs_resume_handler &rArr; usb_cpu_usb_int_hand_isr &rArr; hw_usb_pclear_sts_resm
</UL>
<BR>[Calls]<UL><LI><a href="#[f1]">&gt;&gt;</a>&nbsp;&nbsp;&nbsp;usb_cpu_usb_int_hand_isr
<LI><a href="#[fe]">&gt;&gt;</a>&nbsp;&nbsp;&nbsp;R_FSP_IsrContextGet
<LI><a href="#[fc]">&gt;&gt;</a>&nbsp;&nbsp;&nbsp;R_BSP_IrqStatusClear
<LI><a href="#[fb]">&gt;&gt;</a>&nbsp;&nbsp;&nbsp;R_FSP_CurrentIrqGet
</UL>
<BR>[Address Reference Count : 1]<UL><LI> vector_data.o(.application_vectors)
</UL>
<P><STRONG><a name="[22]"></a>usbhs_d0fifo_handler</STRONG> (Thumb, 24 bytes, Stack size 16 bytes, r_usb_mcu.o(.text.usbhs_d0fifo_handler))
<BR><BR>[Stack]<UL><LI>Max Depth = 24<LI>Call Chain = usbhs_d0fifo_handler &rArr; R_FSP_CurrentIrqGet
</UL>
<BR>[Calls]<UL><LI><a href="#[fc]">&gt;&gt;</a>&nbsp;&nbsp;&nbsp;R_BSP_IrqStatusClear
<LI><a href="#[fb]">&gt;&gt;</a>&nbsp;&nbsp;&nbsp;R_FSP_CurrentIrqGet
</UL>
<BR>[Address Reference Count : 1]<UL><LI> vector_data.o(.application_vectors)
</UL>
<P><STRONG><a name="[23]"></a>usbhs_d1fifo_handler</STRONG> (Thumb, 24 bytes, Stack size 16 bytes, r_usb_mcu.o(.text.usbhs_d1fifo_handler))
<BR><BR>[Stack]<UL><LI>Max Depth = 24<LI>Call Chain = usbhs_d1fifo_handler &rArr; R_FSP_CurrentIrqGet
</UL>
<BR>[Calls]<UL><LI><a href="#[fc]">&gt;&gt;</a>&nbsp;&nbsp;&nbsp;R_BSP_IrqStatusClear
<LI><a href="#[fb]">&gt;&gt;</a>&nbsp;&nbsp;&nbsp;R_FSP_CurrentIrqGet
</UL>
<BR>[Address Reference Count : 1]<UL><LI> vector_data.o(.application_vectors)
</UL>
<P><STRONG><a name="[21]"></a>usbhs_interrupt_handler</STRONG> (Thumb, 28 bytes, Stack size 16 bytes, r_usb_mcu.o(.text.usbhs_interrupt_handler))
<BR><BR>[Stack]<UL><LI>Max Depth = 136<LI>Call Chain = usbhs_interrupt_handler &rArr; usbhs_usbir_isr &rArr; usb_pstd_usb_handler &rArr; usb_pstd_interrupt_clock &rArr; usb_cpu_delay_1us &rArr; R_BSP_SoftwareDelay
</UL>
<BR>[Calls]<UL><LI><a href="#[ff]">&gt;&gt;</a>&nbsp;&nbsp;&nbsp;usbhs_usbir_isr
<LI><a href="#[fc]">&gt;&gt;</a>&nbsp;&nbsp;&nbsp;R_BSP_IrqStatusClear
<LI><a href="#[fb]">&gt;&gt;</a>&nbsp;&nbsp;&nbsp;R_FSP_CurrentIrqGet
</UL>
<BR>[Address Reference Count : 1]<UL><LI> vector_data.o(.application_vectors)
</UL>
<P><STRONG><a name="[ae]"></a>voice_assistant_init</STRONG> (Thumb, 44 bytes, Stack size 16 bytes, voice_assistant.o(.text.voice_assistant_init))
<BR><BR>[Stack]<UL><LI>Max Depth = 80<LI>Call Chain = voice_assistant_init &rArr; audio_player_init &rArr; dac_init &rArr; gpio_set_level &rArr; R_IOPORT_PinWrite
</UL>
<BR>[Calls]<UL><LI><a href="#[90]">&gt;&gt;</a>&nbsp;&nbsp;&nbsp;audio_player_init
<LI><a href="#[100]">&gt;&gt;</a>&nbsp;&nbsp;&nbsp;voice_send_line
</UL>
<BR>[Called By]<UL><LI><a href="#[aa]">&gt;&gt;</a>&nbsp;&nbsp;&nbsp;fatigue_init
</UL>

<P><STRONG><a name="[c7]"></a>voice_assistant_say</STRONG> (Thumb, 66 bytes, Stack size 216 bytes, voice_assistant.o(.text.voice_assistant_say))
<BR><BR>[Stack]<UL><LI>Max Depth = 568<LI>Call Chain = voice_assistant_say &rArr; zf_sprintf &rArr; number_conversion_ascii
</UL>
<BR>[Calls]<UL><LI><a href="#[93]">&gt;&gt;</a>&nbsp;&nbsp;&nbsp;audio_player_play_level
<LI><a href="#[100]">&gt;&gt;</a>&nbsp;&nbsp;&nbsp;voice_send_line
<LI><a href="#[c3]">&gt;&gt;</a>&nbsp;&nbsp;&nbsp;zf_sprintf
</UL>
[...]
<BR><BR>[Stack]<UL><LI>Max Depth = 36<LI>Call Chain = R_BSP_IrqEnable &rArr; R_BSP_IrqClearPending &rArr; R_BSP_IrqStatusClear
</UL>
<BR>[Calls]<UL><LI><a href="#[6d]">&gt;&gt;</a>&nbsp;&nbsp;&nbsp;R_BSP_IrqEnableNoClear
<LI><a href="#[67]">&gt;&gt;</a>&nbsp;&nbsp;&nbsp;R_BSP_IrqClearPending
</UL>
<BR>[Called By]<UL><LI><a href="#[3f]">&gt;&gt;</a>&nbsp;&nbsp;&nbsp;R_SCI_B_UART_Open
</UL>

<P><STRONG><a name="[7e]"></a>R_BSP_IrqDisable</STRONG> (Thumb, 52 bytes, Stack size 8 bytes, r_sci_b_uart.o(.text.R_BSP_IrqDisable))
<BR><BR>[Stack]<UL><LI>Max Depth = 8<LI>Call Chain = R_BSP_IrqDisable
</UL>
<BR>[Called By]<UL><LI><a href="#[46]">&gt;&gt;</a>&nbsp;&nbsp;&nbsp;R_SCI_B_UART_Close
<LI><a href="#[d3]">&gt;&gt;</a>&nbsp;&nbsp;&nbsp;r_sci_b_irq_cfg
</UL>

<P><STRONG><a name="[d3]"></a>r_sci_b_irq_cfg</STRONG> (Thumb, 48 bytes, Stack size 16 bytes, r_sci_b_uart.o(.text.r_sci_b_irq_cfg))
<BR><BR>[Stack]<UL><LI>Max Depth = 48<LI>Call Chain = r_sci_b_irq_cfg &rArr; R_BSP_IrqCfg &rArr; R_FSP_IsrContextSet
</UL>
<BR>[Calls]<UL><LI><a href="#[60]">&gt;&gt;</a>&nbsp;&nbsp;&nbsp;R_BSP_IrqCfg
<LI><a href="#[68]">&gt;&gt;</a>&nbsp;&nbsp;&nbsp;R_BSP_IrqStatusClear
<LI><a href="#[7e]">&gt;&gt;</a>&nbsp;&nbsp;&nbsp;R_BSP_IrqDisable
</UL>
<BR>[Called By]<UL><LI><a href="#[7f]">&gt;&gt;</a>&nbsp;&nbsp;&nbsp;r_sci_b_irqs_cfg
</UL>

<P><STRONG><a name="[67]"></a>R_BSP_IrqClearPending</STRONG> (Thumb, 58 bytes, Stack size 16 bytes, r_sci_b_uart.o(.text.R_BSP_IrqClearPending))
<BR><BR>[Stack]<UL><LI>Max Depth = 20<LI>Call Chain = R_BSP_IrqClearPending &rArr; R_BSP_IrqStatusClear
</UL>
<BR>[Calls]<UL><LI><a href="#[68]">&gt;&gt;</a>&nbsp;&nbsp;&nbsp;R_BSP_IrqStatusClear
</UL>
<BR>[Called By]<UL><LI><a href="#[6c]">&gt;&gt;</a>&nbsp;&nbsp;&nbsp;R_BSP_IrqEnable
</UL>

<P><STRONG><a name="[6d]"></a>R_BSP_IrqEnableNoClear</STRONG> (Thumb, 40 bytes, Stack size 8 bytes, r_sci_b_uart.o(.text.R_BSP_IrqEnableNoClear))
<BR><BR>[Stack]<UL><LI>Max Depth = 8<LI>Call Chain = R_BSP_IrqEnableNoClear
</UL>
<BR>[Called By]<UL><LI><a href="#[6c]">&gt;&gt;</a>&nbsp;&nbsp;&nbsp;R_BSP_IrqEnable
</UL>

<P><STRONG><a name="[73]"></a>R_FSP_SciClockHzGet</STRONG> (Thumb, 64 bytes, Stack size 24 bytes, r_sci_b_uart.o(.text.R_FSP_SciClockHzGet))
<BR><BR>[Stack]<UL><LI>Max Depth = 32<LI>Call Chain = R_FSP_SciClockHzGet &rArr; R_FSP_ClockDividerGet
</UL>
<BR>[Calls]<UL><LI><a href="#[74]">&gt;&gt;</a>&nbsp;&nbsp;&nbsp;R_FSP_ClockDividerGet
<LI><a href="#[75]">&gt;&gt;</a>&nbsp;&nbsp;&nbsp;R_BSP_SourceClockHzGet
</UL>
<BR>[Called By]<UL><LI><a href="#[7d]">&gt;&gt;</a>&nbsp;&nbsp;&nbsp;R_SCI_B_UART_BaudCalculate
</UL>

<P><STRONG><a name="[74]"></a>R_FSP_ClockDividerGet</STRONG> (Thumb, 116 bytes, Stack size 8 bytes, r_sci_b_uart.o(.text.R_FSP_ClockDividerGet))
<BR><BR>[Stack]<UL><LI>Max Depth = 8<LI>Call Chain = R_FSP_ClockDividerGet
</UL>
<BR>[Called By]<UL><LI><a href="#[73]">&gt;&gt;</a>&nbsp;&nbsp;&nbsp;R_FSP_SciClockHzGet
</UL>

<P><STRONG><a name="[de]"></a>R_FSP_CurrentIrqGet</STRONG> (Thumb, 24 bytes, Stack size 8 bytes, r_sci_b_uart.o(.text.R_FSP_CurrentIrqGet))
<BR><BR>[Stack]<UL><LI>Max Depth = 8<LI>Call Chain = R_FSP_CurrentIrqGet
</UL>
<BR>[Called By]<UL><LI><a href="#[e]">&gt;&gt;</a>&nbsp;&nbsp;&nbsp;sci_b_uart_eri_isr
<LI><a href="#[d]">&gt;&gt;</a>&nbsp;&nbsp;&nbsp;sci_b_uart_tei_isr
<LI><a href="#[b]">&gt;&gt;</a>&nbsp;&nbsp;&nbsp;sci_b_uart_rxi_isr
<LI><a href="#[c]">&gt;&gt;</a>&nbsp;&nbsp;&nbsp;sci_b_uart_txi_isr
</UL>

<P><STRONG><a name="[68]"></a>R_BSP_IrqStatusClear</STRONG> (Thumb, 42 bytes, Stack size 4 bytes, r_sci_b_uart.o(.text.R_BSP_IrqStatusClear))
<BR><BR>[Stack]<UL><LI>Max Depth = 4<LI>Call Chain = R_BSP_IrqStatusClear
</UL>
<BR>[Called By]<UL><LI><a href="#[e]">&gt;&gt;</a>&nbsp;&nbsp;&nbsp;sci_b_uart_eri_isr
<LI><a href="#[d]">&gt;&gt;</a>&nbsp;&nbsp;&nbsp;sci_b_uart_tei_isr
<LI><a href="#[b]">&gt;&gt;</a>&nbsp;&nbsp;&nbsp;sci_b_uart_rxi_isr
<LI><a href="#[c]">&gt;&gt;</a>&nbsp;&nbsp;&nbsp;sci_b_uart_txi_isr
<LI><a href="#[67]">&gt;&gt;</a>&nbsp;&nbsp;&nbsp;R_BSP_IrqClearPending
<LI><a href="#[d3]">&gt;&gt;</a>&nbsp;&nbsp;&nbsp;r_sci_b_irq_cfg
</UL>

<P><STRONG><a name="[df]"></a>R_FSP_IsrContextGet</STRONG> (Thumb, 26 bytes, Stack size 4 bytes, r_sci_b_uart.o(.text.R_FSP_IsrContextGet))
<BR><BR>[Stack]<UL><LI>Max Depth = 4<LI>Call Chain = R_FSP_IsrContextGet
</UL>
<BR>[Called By]<UL><LI><a href="#[e]">&gt;&gt;</a>&nbsp;&nbsp;&nbsp;sci_b_uart_eri_isr
<LI><a href="#[d]">&gt;&gt;</a>&nbsp;&nbsp;&nbsp;sci_b_uart_tei_isr
<LI><a href="#[b]">&gt;&gt;</a>&nbsp;&nbsp;&nbsp;sci_b_uart_rxi_isr
<LI><a href="#[c]">&gt;&gt;</a>&nbsp;&nbsp;&nbsp;sci_b_uart_txi_isr
</UL>

<P><STRONG><a name="[e0]"></a>r_sci_b_uart_call_callback</STRONG> (Thumb, 128 bytes, Stack size 40 bytes, r_sci_b_uart.o(.text.r_sci_b_uart_call_callback))
<BR><BR>[Stack]<UL><LI>Max Depth = 40<LI>Call Chain = r_sci_b_uart_call_callback
</UL>
<BR>[Called By]<UL><LI><a href="#[e]">&gt;&gt;</a>&nbsp;&nbsp;&nbsp;sci_b_uart_eri_isr
<LI><a href="#[d]">&gt;&gt;</a>&nbsp;&nbsp;&nbsp;sci_b_uart_tei_isr
<LI><a href="#[b]">&gt;&gt;</a>&nbsp;&nbsp;&nbsp;sci_b_uart_rxi_isr
<LI><a href="#[c]">&gt;&gt;</a>&nbsp;&nbsp;&nbsp;sci_b_uart_txi_isr
</UL>

<P><STRONG><a name="[60]"></a>R_BSP_IrqCfg</STRONG> (Thumb, 36 bytes, Stack size 24 bytes, r_sci_b_uart.o(.text.R_BSP_IrqCfg))
<BR><BR>[Stack]<UL><LI>Max Depth = 32<LI>Call Chain = R_BSP_IrqCfg &rArr; R_FSP_IsrContextSet
</UL>
<BR>[Calls]<UL><LI><a href="#[62]">&gt;&gt;</a>&nbsp;&nbsp;&nbsp;R_FSP_IsrContextSet
<LI><a href="#[61]">&gt;&gt;</a>&nbsp;&nbsp;&nbsp;__NVIC_SetPriority
</UL>
<BR>[Called By]<UL><LI><a href="#[d3]">&gt;&gt;</a>&nbsp;&nbsp;&nbsp;r_sci_b_irq_cfg
</UL>

<P><STRONG><a name="[61]"></a>__NVIC_SetPriority</STRONG> (Thumb, 66 bytes, Stack size 8 bytes, r_sci_b_uart.o(.text.__NVIC_SetPriority))
<BR><BR>[Stack]<UL><LI>Max Depth = 8<LI>Call Chain = __NVIC_SetPriority
</UL>
<BR>[Called By]<UL><LI><a href="#[60]">&gt;&gt;</a>&nbsp;&nbsp;&nbsp;R_BSP_IrqCfg
</UL>

<P><STRONG><a name="[62]"></a>R_FSP_IsrContextSet</STRONG> (Thumb, 30 bytes, Stack size 8 bytes, r_sci_b_uart.o(.text.R_FSP_IsrContextSet))
<BR><BR>[Stack]<UL><LI>Max Depth = 8<LI>Call Chain = R_FSP_IsrContextSet
</UL>
<BR>[Called By]<UL><LI><a href="#[60]">&gt;&gt;</a>&nbsp;&nbsp;&nbsp;R_BSP_IrqCfg
</UL>

<P><STRONG><a name="[d5]"></a>r_sdhi_transfer_end</STRONG> (Thumb, 60 bytes, Stack size 16 bytes, r_sdhi.o(.text.r_sdhi_transfer_end))
<BR><BR>[Stack]<UL><LI>Max Depth = 16<LI>Call Chain = r_sdhi_transfer_end
</UL>
<BR>[Called By]<UL><LI><a href="#[d6]">&gt;&gt;</a>&nbsp;&nbsp;&nbsp;r_sdhi_transfer_callback
<LI><a href="#[d4]">&gt;&gt;</a>&nbsp;&nbsp;&nbsp;r_sdhi_access_irq_process
</UL>

<P><STRONG><a name="[d8]"></a>r_sdhi_call_callback</STRONG> (Thumb, 126 bytes, Stack size 32 bytes, r_sdhi.o(.text.r_sdhi_call_callback))
<BR><BR>[Stack]<UL><LI>Max Depth = 32<LI>Call Chain = r_sdhi_call_callback
</UL>
<BR>[Called By]<UL><LI><a href="#[1b]">&gt;&gt;</a>&nbsp;&nbsp;&nbsp;sdhimmc_card_isr
<LI><a href="#[1a]">&gt;&gt;</a>&nbsp;&nbsp;&nbsp;sdhimmc_accs_isr
<LI><a href="#[d6]">&gt;&gt;</a>&nbsp;&nbsp;&nbsp;r_sdhi_transfer_callback
</UL>

<P><STRONG><a name="[e1]"></a>R_FSP_CurrentIrqGet</STRONG> (Thumb, 24 bytes, Stack size 8 bytes, r_sdhi.o(.text.R_FSP_CurrentIrqGet))
<BR><BR>[Stack]<UL><LI>Max Depth = 8<LI>Call Chain = R_FSP_CurrentIrqGet
</UL>
<BR>[Called By]<UL><LI><a href="#[1c]">&gt;&gt;</a>&nbsp;&nbsp;&nbsp;sdhimmc_dma_req_isr
<LI><a href="#[1b]">&gt;&gt;</a>&nbsp;&nbsp;&nbsp;sdhimmc_card_isr
<LI><a href="#[1a]">&gt;&gt;</a>&nbsp;&nbsp;&nbsp;sdhimmc_accs_isr
</UL>

<P><STRONG><a name="[e2]"></a>R_FSP_IsrContextGet</STRONG> (Thumb, 26 bytes, Stack size 4 bytes, r_sdhi.o(.text.R_FSP_IsrContextGet))
<BR><BR>[Stack]<UL><LI>Max Depth = 4<LI>Call Chain = R_FSP_IsrContextGet
</UL>
<BR>[Called By]<UL><LI><a href="#[1c]">&gt;&gt;</a>&nbsp;&nbsp;&nbsp;sdhimmc_dma_req_isr
<LI><a href="#[1b]">&gt;&gt;</a>&nbsp;&nbsp;&nbsp;sdhimmc_card_isr
<LI><a href="#[1a]">&gt;&gt;</a>&nbsp;&nbsp;&nbsp;sdhimmc_accs_isr
</UL>

<P><STRONG><a name="[d4]"></a>r_sdhi_access_irq_process</STRONG> (Thumb, 346 bytes, Stack size 32 bytes, r_sdhi.o(.text.r_sdhi_access_irq_process))
<BR><BR>[Stack]<UL><LI>Max Depth = 48<LI>Call Chain = r_sdhi_access_irq_process &rArr; r_sdhi_transfer_end
</UL>
<BR>[Calls]<UL><LI><a href="#[d5]">&gt;&gt;</a>&nbsp;&nbsp;&nbsp;r_sdhi_transfer_end
</UL>
<BR>[Called By]<UL><LI><a href="#[1a]">&gt;&gt;</a>&nbsp;&nbsp;&nbsp;sdhimmc_accs_isr
</UL>

<P><STRONG><a name="[e3]"></a>R_BSP_IrqStatusClear</STRONG> (Thumb, 42 bytes, Stack size 4 bytes, r_sdhi.o(.text.R_BSP_IrqStatusClear))
<BR><BR>[Stack]<UL><LI>Max Depth = 4<LI>Call Chain = R_BSP_IrqStatusClear
</UL>
<BR>[Called By]<UL><LI><a href="#[1c]">&gt;&gt;</a>&nbsp;&nbsp;&nbsp;sdhimmc_dma_req_isr
<LI><a href="#[1b]">&gt;&gt;</a>&nbsp;&nbsp;&nbsp;sdhimmc_card_isr
<LI><a href="#[1a]">&gt;&gt;</a>&nbsp;&nbsp;&nbsp;sdhimmc_accs_isr
</UL>

<P><STRONG><a name="[ec]"></a>R_BSP_IrqDisable</STRONG> (Thumb, 52 bytes, Stack size 8 bytes, r_spi_b.o(.text.R_BSP_IrqDisable))
<BR><BR>[Stack]<UL><LI>Max Depth = 8<LI>Call Chain = R_BSP_IrqDisable
</UL>
<BR>[Called By]<UL><LI><a href="#[12]">&gt;&gt;</a>&nbsp;&nbsp;&nbsp;spi_b_eri_isr
<LI><a href="#[11]">&gt;&gt;</a>&nbsp;&nbsp;&nbsp;spi_b_tei_isr
</UL>

<P><STRONG><a name="[ea]"></a>R_FSP_CurrentIrqGet</STRONG> (Thumb, 24 bytes, Stack size 8 bytes, r_spi_b.o(.text.R_FSP_CurrentIrqGet))
<BR><BR>[Stack]<UL><LI>Max Depth = 8<LI>Call Chain = R_FSP_CurrentIrqGet
</UL>
<BR>[Called By]<UL><LI><a href="#[12]">&gt;&gt;</a>&nbsp;&nbsp;&nbsp;spi_b_eri_isr
<LI><a href="#[11]">&gt;&gt;</a>&nbsp;&nbsp;&nbsp;spi_b_tei_isr
<LI><a href="#[10]">&gt;&gt;</a>&nbsp;&nbsp;&nbsp;spi_b_txi_isr
<LI><a href="#[f]">&gt;&gt;</a>&nbsp;&nbsp;&nbsp;spi_b_rxi_isr
</UL>

<P><STRONG><a name="[6a]"></a>R_BSP_IrqStatusClear</STRONG> (Thumb, 42 bytes, Stack size 4 bytes, r_spi_b.o(.text.R_BSP_IrqStatusClear))
<BR><BR>[Stack]<UL><LI>Max Depth = 4<LI>Call Chain = R_BSP_IrqStatusClear
</UL>
<BR>[Called By]<UL><LI><a href="#[69]">&gt;&gt;</a>&nbsp;&nbsp;&nbsp;R_BSP_IrqClearPending
<LI><a href="#[12]">&gt;&gt;</a>&nbsp;&nbsp;&nbsp;spi_b_eri_isr
<LI><a href="#[11]">&gt;&gt;</a>&nbsp;&nbsp;&nbsp;spi_b_tei_isr
<LI><a href="#[10]">&gt;&gt;</a>&nbsp;&nbsp;&nbsp;spi_b_txi_isr
<LI><a href="#[f]">&gt;&gt;</a>&nbsp;&nbsp;&nbsp;spi_b_rxi_isr
</UL>

<P><STRONG><a name="[eb]"></a>R_FSP_IsrContextGet</STRONG> (Thumb, 26 bytes, Stack size 4 bytes, r_spi_b.o(.text.R_FSP_IsrContextGet))
<BR><BR>[Stack]<UL><LI>Max Depth = 4<LI>Call Chain = R_FSP_IsrContextGet
</UL>
<BR>[Called By]<UL><LI><a href="#[12]">&gt;&gt;</a>&nbsp;&nbsp;&nbsp;spi_b_eri_isr
<LI><a href="#[11]">&gt;&gt;</a>&nbsp;&nbsp;&nbsp;spi_b_tei_isr
<LI><a href="#[f]">&gt;&gt;</a>&nbsp;&nbsp;&nbsp;spi_b_rxi_isr
</UL>

<P><STRONG><a name="[ee]"></a>r_spi_b_receive</STRONG> (Thumb, 144 bytes, Stack size 8 bytes, r_spi_b.o(.text.r_spi_b_receive))
<BR><BR>[Stack]<UL><LI>Max Depth = 8<LI>Call Chain = r_spi_b_receive
</UL>
<BR>[Called By]<UL><LI><a href="#[f]">&gt;&gt;</a>&nbsp;&nbsp;&nbsp;spi_b_rxi_isr
</UL>

<P><STRONG><a name="[ef]"></a>r_spi_b_transmit</STRONG> (Thumb, 140 bytes, Stack size 8 bytes, r_spi_b.o(.text.r_spi_b_transmit))
<BR><BR>[Stack]<UL><LI>Max Depth = 8<LI>Call Chain = r_spi_b_transmit
</UL>
<BR>[Called By]<UL><LI><a href="#[f]">&gt;&gt;</a>&nbsp;&nbsp;&nbsp;spi_b_rxi_isr
</UL>

<P><STRONG><a name="[6f]"></a>R_BSP_IrqEnableNoClear</STRONG> (Thumb, 40 bytes, Stack size 8 bytes, r_spi_b.o(.text.R_BSP_IrqEnableNoClear))
<BR><BR>[Stack]<UL><LI>Max Depth = 8<LI>Call Chain = R_BSP_IrqEnableNoClear
</UL>
<BR>[Called By]<UL><LI><a href="#[6e]">&gt;&gt;</a>&nbsp;&nbsp;&nbsp;R_BSP_IrqEnable
<LI><a href="#[f]">&gt;&gt;</a>&nbsp;&nbsp;&nbsp;spi_b_rxi_isr
</UL>

<P><STRONG><a name="[6e]"></a>R_BSP_IrqEnable</STRONG> (Thumb, 28 bytes, Stack size 16 bytes, r_spi_b.o(.text.R_BSP_IrqEnable))
<BR><BR>[Stack]<UL><LI>Max Depth = 36<LI>Call Chain = R_BSP_IrqEnable &rArr; R_BSP_IrqClearPending &rArr; R_BSP_IrqStatusClear
</UL>
<BR>[Calls]<UL><LI><a href="#[69]">&gt;&gt;</a>&nbsp;&nbsp;&nbsp;R_BSP_IrqClearPending
<LI><a href="#[6f]">&gt;&gt;</a>&nbsp;&nbsp;&nbsp;R_BSP_IrqEnableNoClear
</UL>
<BR>[Called By]<UL><LI><a href="#[12]">&gt;&gt;</a>&nbsp;&nbsp;&nbsp;spi_b_eri_isr
<LI><a href="#[11]">&gt;&gt;</a>&nbsp;&nbsp;&nbsp;spi_b_tei_isr
</UL>

<P><STRONG><a name="[ed]"></a>r_spi_b_call_callback</STRONG> (Thumb, 108 bytes, Stack size 32 bytes, r_spi_b.o(.text.r_spi_b_call_callback))
<BR><BR>[Stack]<UL><LI>Max Depth = 32<LI>Call Chain = r_spi_b_call_callback
</UL>
<BR>[Called By]<UL><LI><a href="#[12]">&gt;&gt;</a>&nbsp;&nbsp;&nbsp;spi_b_eri_isr
<LI><a href="#[11]">&gt;&gt;</a>&nbsp;&nbsp;&nbsp;spi_b_tei_isr
</UL>

<P><STRONG><a name="[69]"></a>R_BSP_IrqClearPending</STRONG> (Thumb, 58 bytes, Stack size 16 bytes, r_spi_b.o(.text.R_BSP_IrqClearPending))
<BR><BR>[Stack]<UL><LI>Max Depth = 20<LI>Call Chain = R_BSP_IrqClearPending &rArr; R_BSP_IrqStatusClear
</UL>
<BR>[Calls]<UL><LI><a href="#[6a]">&gt;&gt;</a>&nbsp;&nbsp;&nbsp;R_BSP_IrqStatusClear
</UL>
<BR>[Called By]<UL><LI><a href="#[6e]">&gt;&gt;</a>&nbsp;&nbsp;&nbsp;R_BSP_IrqEnable
</UL>

<P><STRONG><a name="[f9]"></a>R_FSP_CurrentIrqGet</STRONG> (Thumb, 24 bytes, Stack size 8 bytes, r_usb_pinthandler_usbip0.o(.text.R_FSP_CurrentIrqGet))
<BR><BR>[Stack]<UL><LI>Max Depth = 8<LI>Call Chain = R_FSP_CurrentIrqGet
</UL>
<BR>[Called By]<UL><LI><a href="#[f8]">&gt;&gt;</a>&nbsp;&nbsp;&nbsp;usb_pstd_usb_handler
</UL>

<P><STRONG><a name="[fa]"></a>R_FSP_IsrContextGet</STRONG> (Thumb, 26 bytes, Stack size 4 bytes, r_usb_pinthandler_usbip0.o(.text.R_FSP_IsrContextGet))
<BR><BR>[Stack]<UL><LI>Max Depth = 4<LI>Call Chain = R_FSP_IsrContextGet
</UL>
<BR>[Called By]<UL><LI><a href="#[f8]">&gt;&gt;</a>&nbsp;&nbsp;&nbsp;usb_pstd_usb_handler
</UL>

<P><STRONG><a name="[fb]"></a>R_FSP_CurrentIrqGet</STRONG> (Thumb, 24 bytes, Stack size 8 bytes, r_usb_mcu.o(.text.R_FSP_CurrentIrqGet))
<BR><BR>[Stack]<UL><LI>Max Depth = 8<LI>Call Chain = R_FSP_CurrentIrqGet
</UL>
<BR>[Called By]<UL><LI><a href="#[23]">&gt;&gt;</a>&nbsp;&nbsp;&nbsp;usbhs_d1fifo_handler
<LI><a href="#[22]">&gt;&gt;</a>&nbsp;&nbsp;&nbsp;usbhs_d0fifo_handler
<LI><a href="#[21]">&gt;&gt;</a>&nbsp;&nbsp;&nbsp;usbhs_interrupt_handler
<LI><a href="#[20]">&gt;&gt;</a>&nbsp;&nbsp;&nbsp;usbfs_d1fifo_handler
<LI><a href="#[1f]">&gt;&gt;</a>&nbsp;&nbsp;&nbsp;usbfs_d0fifo_handler
<LI><a href="#[1e]">&gt;&gt;</a>&nbsp;&nbsp;&nbsp;usbfs_resume_handler
<LI><a href="#[1d]">&gt;&gt;</a>&nbsp;&nbsp;&nbsp;usbfs_interrupt_handler
</UL>

<P><STRONG><a name="[fc]"></a>R_BSP_IrqStatusClear</STRONG> (Thumb, 42 bytes, Stack size 4 bytes, r_usb_mcu.o(.text.R_BSP_IrqStatusClear))
<BR><BR>[Stack]<UL><LI>Max Depth = 4<LI>Call Chain = R_BSP_IrqStatusClear
</UL>
<BR>[Called By]<UL><LI><a href="#[23]">&gt;&gt;</a>&nbsp;&nbsp;&nbsp;usbhs_d1fifo_handler
<LI><a href="#[22]">&gt;&gt;</a>&nbsp;&nbsp;&nbsp;usbhs_d0fifo_handler
<LI><a href="#[21]">&gt;&gt;</a>&nbsp;&nbsp;&nbsp;usbhs_interrupt_handler
<LI><a href="#[20]">&gt;&gt;</a>&nbsp;&nbsp;&nbsp;usbfs_d1fifo_handler
<LI><a href="#[1f]">&gt;&gt;</a>&nbsp;&nbsp;&nbsp;usbfs_d0fifo_handler
<LI><a href="#[1e]">&gt;&gt;</a>&nbsp;&nbsp;&nbsp;usbfs_resume_handler
<LI><a href="#[1d]">&gt;&gt;</a>&nbsp;&nbsp;&nbsp;usbfs_interrupt_handler
</UL>

<P><STRONG><a name="[fd]"></a>usbfs_usbi_isr</STRONG> (Thumb, 28 bytes, Stack size 8 bytes, r_usb_mcu.o(.text.usbfs_usbi_isr))
<BR><BR>[Stack]<UL><LI>Max Depth = 120<LI>Call Chain = usbfs_usbi_isr &rArr; usb_pstd_usb_handler &rArr; usb_pstd_interrupt_clock &rArr; usb_cpu_delay_1us &rArr; R_BSP_SoftwareDelay
</UL>
<BR>[Calls]<UL><LI><a href="#[f8]">&gt;&gt;</a>&nbsp;&nbsp;&nbsp;usb_pstd_usb_handler
</UL>
<BR>[Called By]<UL><LI><a href="#[1d]">&gt;&gt;</a>&nbsp;&nbsp;&nbsp;usbfs_interrupt_handler
</UL>

<P><STRONG><a name="[fe]"></a>R_FSP_IsrContextGet</STRONG> (Thumb, 26 bytes, Stack size 4 bytes, r_usb_mcu.o(.text.R_FSP_IsrContextGet))
<BR><BR>[Stack]<UL><LI>Max Depth = 4<LI>Call Chain = R_FSP_IsrContextGet
</UL>
<BR>[Called By]<UL><LI><a href="#[1e]">&gt;&gt;</a>&nbsp;&nbsp;&nbsp;usbfs_resume_handler
</UL>

<P><STRONG><a name="[f1]"></a>usb_cpu_usb_int_hand_isr</STRONG> (Thumb, 20 bytes, Stack size 16 bytes, r_usb_mcu.o(.text.usb_cpu_usb_int_hand_isr))
<BR><BR>[Stack]<UL><LI>Max Depth = 20<LI>Call Chain = usb_cpu_usb_int_hand_isr &rArr; hw_usb_pclear_sts_resm
</UL>
<BR>[Calls]<UL><LI><a href="#[f2]">&gt;&gt;</a>&nbsp;&nbsp;&nbsp;hw_usb_pclear_sts_resm
</UL>
<BR>[Called By]<UL><LI><a href="#[1e]">&gt;&gt;</a>&nbsp;&nbsp;&nbsp;usbfs_resume_handler
</UL>

<P><STRONG><a name="[ff]"></a>usbhs_usbir_isr</STRONG> (Thumb, 28 bytes, Stack size 8 bytes, r_usb_mcu.o(.text.usbhs_usbir_isr))
<BR><BR>[Stack]<UL><LI>Max Depth = 120<LI>Call Chain = usbhs_usbir_isr &rArr; usb_pstd_usb_handler &rArr; usb_pstd_interrupt_clock &rArr; usb_cpu_delay_1us &rArr; R_BSP_SoftwareDelay
</UL>
<BR>[Calls]<UL><LI><a href="#[f8]">&gt;&gt;</a>&nbsp;&nbsp;&nbsp;usb_pstd_usb_handler
</UL>
<BR>[Called By]<UL><LI><a href="#[21]">&gt;&gt;</a>&nbsp;&nbsp;&nbsp;usbhs_interrupt_handler
</UL>

<P><STRONG><a name="[cd]"></a>mt9v03x_write_word_sccb</STRONG> (Thumb, 50 bytes, Stack size 16 bytes, zf_device_config.o(.text.mt9v03x_write_word_sccb))
<BR><BR>[Stack]<UL><LI>Max Depth = 148<LI>Call Chain = mt9v03x_write_word_sccb &rArr; soft_iic_sccb_write_register &rArr; soft_iic_send_data &rArr; soft_iic_wait_ack &rArr; gpio_get_level &rArr; R_IOPORT_PinRead &rArr; R_BSP_PinRead
</UL>
<BR>[Calls]<UL><LI><a href="#[ce]">&gt;&gt;</a>&nbsp;&nbsp;&nbsp;soft_iic_sccb_write_register
</UL>
<BR>[Called By]<UL><LI><a href="#[ca]">&gt;&gt;</a>&nbsp;&nbsp;&nbsp;mt9v03x_set_config_sccb
</UL>

<P><STRONG><a name="[cb]"></a>mt9v03x_read_word_sccb</STRONG> (Thumb, 60 bytes, Stack size 16 bytes, zf_device_config.o(.text.mt9v03x_read_word_sccb))
<BR><BR>[Stack]<UL><LI>Max Depth = 148<LI>Call Chain = mt9v03x_read_word_sccb &rArr; soft_iic_sccb_read_register &rArr; soft_iic_send_data &rArr; soft_iic_wait_ack &rArr; gpio_get_level &rArr; R_IOPORT_PinRead &rArr; R_BSP_PinRead
</UL>
<BR>[Calls]<UL><LI><a href="#[cc]">&gt;&gt;</a>&nbsp;&nbsp;&nbsp;soft_iic_sccb_read_register
</UL>
<BR>[Called By]<UL><LI><a href="#[ca]">&gt;&gt;</a>&nbsp;&nbsp;&nbsp;mt9v03x_set_config_sccb
</UL>

<P><STRONG><a name="[105]"></a>_fp_digits</STRONG> (Thumb, 366 bytes, Stack size 64 bytes, printfa.o(i._fp_digits), UNUSED)
<BR><BR>[Calls]<UL><LI><a href="#[48]">&gt;&gt;</a>&nbsp;&nbsp;&nbsp;__aeabi_uldivmod
<LI><a href="#[55]">&gt;&gt;</a>&nbsp;&nbsp;&nbsp;__aeabi_dmul
<LI><a href="#[56]">&gt;&gt;</a>&nbsp;&nbsp;&nbsp;__aeabi_ddiv
<LI><a href="#[4f]">&gt;&gt;</a>&nbsp;&nbsp;&nbsp;__aeabi_dadd
<LI><a href="#[57]">&gt;&gt;</a>&nbsp;&nbsp;&nbsp;__aeabi_d2ulz
<LI><a href="#[106]">&gt;&gt;</a>&nbsp;&nbsp;&nbsp;__aeabi_cdrcmple
</UL>
<BR>[Called By]<UL><LI><a href="#[104]">&gt;&gt;</a>&nbsp;&nbsp;&nbsp;_printf_core
</UL>

<P><STRONG><a name="[104]"></a>_printf_core</STRONG> (Thumb, 1744 bytes, Stack size 136 bytes, printfa.o(i._printf_core), UNUSED)
<BR><BR>[Calls]<UL><LI><a href="#[48]">&gt;&gt;</a>&nbsp;&nbsp;&nbsp;__aeabi_uldivmod
<LI><a href="#[109]">&gt;&gt;</a>&nbsp;&nbsp;&nbsp;__aeabi_uidivmod
<LI><a href="#[107]">&gt;&gt;</a>&nbsp;&nbsp;&nbsp;_printf_pre_padding
<LI><a href="#[108]">&gt;&gt;</a>&nbsp;&nbsp;&nbsp;_printf_post_padding
<LI><a href="#[105]">&gt;&gt;</a>&nbsp;&nbsp;&nbsp;_fp_digits
</UL>
<BR>[Called By]<UL><LI><a href="#[103]">&gt;&gt;</a>&nbsp;&nbsp;&nbsp;__0printf
</UL>

<P><STRONG><a name="[108]"></a>_printf_post_padding</STRONG> (Thumb, 36 bytes, Stack size 24 bytes, printfa.o(i._printf_post_padding), UNUSED)
<BR><BR>[Called By]<UL><LI><a href="#[104]">&gt;&gt;</a>&nbsp;&nbsp;&nbsp;_printf_core
</UL>

<P><STRONG><a name="[107]"></a>_printf_pre_padding</STRONG> (Thumb, 46 bytes, Stack size 24 bytes, printfa.o(i._printf_pre_padding), UNUSED)
<BR><BR>[Called By]<UL><LI><a href="#[104]">&gt;&gt;</a>&nbsp;&nbsp;&nbsp;_printf_core
</UL>
<P>
<H3>
Undefined Global Symbols
</H3><HR></body></html>
